******************************************************************************
             TMS320C2000 Linker PC v15.9.0                     
******************************************************************************
>> Linked Wed Dec 02 11:09:22 2015

OUTPUT FILE NAME:   <FlashingLeds.out>
ENTRY POINT SYMBOL: "_c_int00"  address: 0000852d


MEMORY CONFIGURATION

         name            origin    length      used     unused   attr    fill
----------------------  --------  ---------  --------  --------  ----  --------
PAGE 0:
  BEGIN                 00000000   00000002  00000002  00000000  RWIX
  RAMM1                 00000480   00000380  00000016  0000036a  RWIX
  progRAM               00008000   00000c00  00000628  000005d8  RWIX
  RAML3                 00009000   00001000  000000e8  00000f18  RWIX
  IQTABLES              003fe000   00000b50  00000000  00000b50  RWIX
  IQTABLES2             003feb50   0000008c  00000000  0000008c  RWIX
  IQTABLES3             003febdc   000000aa  00000000  000000aa  RWIX
  BOOTROM               003ff27c   00000d44  00000000  00000d44  RWIX
  RESET                 003fffc0   00000002  00000000  00000002  RWIX

PAGE 1:
  BOOT_RSVD             00000002   0000004e  00000000  0000004e  RWIX
  RAMM0                 00000050   000003b0  00000380  00000030  RWIX
  DEV_EMU               00000880   00000105  00000004  00000101  RWIX
  SYS_PWR_CTL           00000985   00000003  00000003  00000000  RWIX
  FLASH_REGS            00000a80   00000060  00000008  00000058  RWIX
  CSM                   00000ae0   00000010  00000010  00000000  RWIX
  ADC_RESULT            00000b00   00000020  00000020  00000000  RWIX
  CPU_TIMER0            00000c00   00000008  00000008  00000000  RWIX
  CPU_TIMER1            00000c08   00000008  00000008  00000000  RWIX
  CPU_TIMER2            00000c10   00000008  00000008  00000000  RWIX
  PIE_CTRL              00000ce0   00000020  0000001a  00000006  RWIX
  PIE_VECT              00000d00   00000100  00000100  00000000  RWIX
  CLA1                  00001400   00000080  00000040  00000040  RWIX
  CLA_CPU_MSGRAM        00001480   00000080  00000000  00000080  RWIX
  CPU_CLA_MSGRAM        00001500   00000080  00000002  0000007e  RWIX
  ECANA                 00006000   00000040  00000034  0000000c  RWIX
  ECANA_LAM             00006040   00000040  00000040  00000000  RWIX
  ECANA_MOTS            00006080   00000040  00000040  00000000  RWIX
  ECANA_MOTO            000060c0   00000040  00000040  00000000  RWIX
  ECANA_MBOX            00006100   00000100  00000100  00000000  RWIX
  COMP1                 00006400   00000020  00000011  0000000f  RWIX
  COMP2                 00006420   00000020  00000011  0000000f  RWIX
  COMP3                 00006440   00000020  00000011  0000000f  RWIX
  EPWM1                 00006800   00000040  0000003a  00000006  RWIX
  EPWM2                 00006840   00000040  0000003a  00000006  RWIX
  EPWM3                 00006880   00000040  0000003a  00000006  RWIX
  EPWM4                 000068c0   00000040  0000003a  00000006  RWIX
  EPWM5                 00006900   00000040  0000003a  00000006  RWIX
  EPWM6                 00006940   00000040  0000003a  00000006  RWIX
  EPWM7                 00006980   00000040  0000003a  00000006  RWIX
  ECAP1                 00006a00   00000020  00000020  00000000  RWIX
  EQEP1                 00006b00   00000040  00000040  00000000  RWIX
  LINA                  00006c00   00000080  0000004a  00000036  RWIX
  GPIOCTRL              00006f80   00000040  00000040  00000000  RWIX
  GPIODAT               00006fc0   00000020  00000020  00000000  RWIX
  GPIOINT               00006fe0   00000020  0000000c  00000014  RWIX
  SYSTEM                00007010   00000020  00000020  00000000  RWIX
  SPIA                  00007040   00000010  00000010  00000000  RWIX
  SCIA                  00007050   00000010  00000010  00000000  RWIX
  NMIINTRUPT            00007060   00000010  00000010  00000000  RWIX
  XINTRUPT              00007070   00000010  00000010  00000000  RWIX
  ADC                   00007100   00000080  00000050  00000030  RWIX
  SPIB                  00007740   00000010  00000010  00000000  RWIX
  I2CA                  00007900   00000040  00000022  0000001e  RWIX
  dataRAM               00008c00   00000400  000000ba  00000346  RWIX
  PARTID                003d7e80   00000001  00000001  00000000  RWIX
  CSM_PWL               003f7ff8   00000008  00000008  00000000  RWIX


SECTION ALLOCATION MAP

 output                                  attributes/
section   page    origin      length       input sections
--------  ----  ----------  ----------   ----------------
codestart 
*          0    00000000    00000002     
                  00000000    00000002     DSP2803x_CodeStartBranch.obj (codestart)

.cinit     0    00000480    00000016     
                  00000480    0000000a     rts2800_ml.lib : exit.obj (.cinit)
                  0000048a    00000005                    : _lock.obj (.cinit:__lock)
                  0000048f    00000005                    : _lock.obj (.cinit:__unlock)
                  00000494    00000002     --HOLE-- [fill = 0]

.text      0    00008000    00000628     
                  00008000    0000024a     SciCommsGui.obj (.text)
                  0000824a    00000211     FlashingLeds-DevInit_F2803x.obj (.text)
                  0000845b    000000d2     FlashingLeds-Main.obj (.text)
                  0000852d    0000004e     rts2800_ml.lib : boot.obj (.text)
                  0000857b    00000046                    : cpy_tbl.obj (.text)
                  000085c1    0000001a                    : cpy_utils.obj (.text)
                  000085db    00000019                    : args_main.obj (.text)
                  000085f4    00000019                    : exit.obj (.text)
                  0000860d    00000009                    : _lock.obj (.text)
                  00008616    00000008     DSP2803x_CodeStartBranch.obj (.text)
                  0000861e    00000005     FlashingLeds-CLA.obj (.text)
                  00008623    00000005     FlashingLeds-DevInit_F2803x.obj (.text:retain)

Cla1Prog   0    00009074    00000074     RUN ADDR = 00009000
                  00009074    00000074     FlashingLeds-CLA.obj (Cla1Prog)

.stack     1    00000050    00000380     UNINITIALIZED
                  00000050    00000380     --HOLE--

DevEmuRegsFile 
*          1    00000880    00000004     UNINITIALIZED
                  00000880    00000004     DSP2803x_GlobalVariableDefs.obj (DevEmuRegsFile)

SysPwrCtrlRegsFile 
*          1    00000985    00000003     UNINITIALIZED
                  00000985    00000003     DSP2803x_GlobalVariableDefs.obj (SysPwrCtrlRegsFile)

FlashRegsFile 
*          1    00000a80    00000008     UNINITIALIZED
                  00000a80    00000008     DSP2803x_GlobalVariableDefs.obj (FlashRegsFile)

CsmRegsFile 
*          1    00000ae0    00000010     UNINITIALIZED
                  00000ae0    00000010     DSP2803x_GlobalVariableDefs.obj (CsmRegsFile)

AdcResultFile 
*          1    00000b00    00000020     UNINITIALIZED
                  00000b00    00000020     DSP2803x_GlobalVariableDefs.obj (AdcResultFile)

CpuTimer0RegsFile 
*          1    00000c00    00000008     UNINITIALIZED
                  00000c00    00000008     DSP2803x_GlobalVariableDefs.obj (CpuTimer0RegsFile)

CpuTimer1RegsFile 
*          1    00000c08    00000008     UNINITIALIZED
                  00000c08    00000008     DSP2803x_GlobalVariableDefs.obj (CpuTimer1RegsFile)

CpuTimer2RegsFile 
*          1    00000c10    00000008     UNINITIALIZED
                  00000c10    00000008     DSP2803x_GlobalVariableDefs.obj (CpuTimer2RegsFile)

PieCtrlRegsFile 
*          1    00000ce0    0000001a     UNINITIALIZED
                  00000ce0    0000001a     DSP2803x_GlobalVariableDefs.obj (PieCtrlRegsFile)

PieVectTableFile 
*          1    00000d00    00000100     UNINITIALIZED
                  00000d00    00000100     DSP2803x_GlobalVariableDefs.obj (PieVectTableFile)

EmuKeyVar 
*          1    00000d00    00000001     UNINITIALIZED
                  00000d00    00000001     DSP2803x_GlobalVariableDefs.obj (EmuKeyVar)

EmuBModeVar 
*          1    00000d01    00000001     UNINITIALIZED
                  00000d01    00000001     DSP2803x_GlobalVariableDefs.obj (EmuBModeVar)

FlashCallbackVar 
*          1    00000d02    00000002     UNINITIALIZED
                  00000d02    00000002     DSP2803x_GlobalVariableDefs.obj (FlashCallbackVar)

FlashScalingVar 
*          1    00000d04    00000002     UNINITIALIZED
                  00000d04    00000002     DSP2803x_GlobalVariableDefs.obj (FlashScalingVar)

Cla1RegsFile 
*          1    00001400    00000040     UNINITIALIZED
                  00001400    00000040     DSP2803x_GlobalVariableDefs.obj (Cla1RegsFile)

ZeroNetCLA_Section 
*          1    00001500    00000002     UNINITIALIZED
                  00001500    00000002     FlashingLeds-CLA.obj (ZeroNetCLA_Section)

ECanaRegsFile 
*          1    00006000    00000034     UNINITIALIZED
                  00006000    00000034     DSP2803x_GlobalVariableDefs.obj (ECanaRegsFile)

ECanaLAMRegsFile 
*          1    00006040    00000040     UNINITIALIZED
                  00006040    00000040     DSP2803x_GlobalVariableDefs.obj (ECanaLAMRegsFile)

ECanaMOTSRegsFile 
*          1    00006080    00000040     UNINITIALIZED
                  00006080    00000040     DSP2803x_GlobalVariableDefs.obj (ECanaMOTSRegsFile)

ECanaMOTORegsFile 
*          1    000060c0    00000040     UNINITIALIZED
                  000060c0    00000040     DSP2803x_GlobalVariableDefs.obj (ECanaMOTORegsFile)

ECanaMboxesFile 
*          1    00006100    00000100     UNINITIALIZED
                  00006100    00000100     DSP2803x_GlobalVariableDefs.obj (ECanaMboxesFile)

Comp1RegsFile 
*          1    00006400    00000011     UNINITIALIZED
                  00006400    00000011     DSP2803x_GlobalVariableDefs.obj (Comp1RegsFile)

Comp2RegsFile 
*          1    00006420    00000011     UNINITIALIZED
                  00006420    00000011     DSP2803x_GlobalVariableDefs.obj (Comp2RegsFile)

Comp3RegsFile 
*          1    00006440    00000011     UNINITIALIZED
                  00006440    00000011     DSP2803x_GlobalVariableDefs.obj (Comp3RegsFile)

EPwm1RegsFile 
*          1    00006800    0000003a     UNINITIALIZED
                  00006800    0000003a     DSP2803x_GlobalVariableDefs.obj (EPwm1RegsFile)

EPwm2RegsFile 
*          1    00006840    0000003a     UNINITIALIZED
                  00006840    0000003a     DSP2803x_GlobalVariableDefs.obj (EPwm2RegsFile)

EPwm3RegsFile 
*          1    00006880    0000003a     UNINITIALIZED
                  00006880    0000003a     DSP2803x_GlobalVariableDefs.obj (EPwm3RegsFile)

EPwm4RegsFile 
*          1    000068c0    0000003a     UNINITIALIZED
                  000068c0    0000003a     DSP2803x_GlobalVariableDefs.obj (EPwm4RegsFile)

EPwm5RegsFile 
*          1    00006900    0000003a     UNINITIALIZED
                  00006900    0000003a     DSP2803x_GlobalVariableDefs.obj (EPwm5RegsFile)

EPwm6RegsFile 
*          1    00006940    0000003a     UNINITIALIZED
                  00006940    0000003a     DSP2803x_GlobalVariableDefs.obj (EPwm6RegsFile)

EPwm7RegsFile 
*          1    00006980    0000003a     UNINITIALIZED
                  00006980    0000003a     DSP2803x_GlobalVariableDefs.obj (EPwm7RegsFile)

ECap1RegsFile 
*          1    00006a00    00000020     UNINITIALIZED
                  00006a00    00000020     DSP2803x_GlobalVariableDefs.obj (ECap1RegsFile)

EQep1RegsFile 
*          1    00006b00    00000040     UNINITIALIZED
                  00006b00    00000040     DSP2803x_GlobalVariableDefs.obj (EQep1RegsFile)

LinaRegsFile 
*          1    00006c00    0000004a     UNINITIALIZED
                  00006c00    0000004a     DSP2803x_GlobalVariableDefs.obj (LinaRegsFile)

GpioCtrlRegsFile 
*          1    00006f80    00000040     UNINITIALIZED
                  00006f80    00000040     DSP2803x_GlobalVariableDefs.obj (GpioCtrlRegsFile)

GpioDataRegsFile 
*          1    00006fc0    00000020     UNINITIALIZED
                  00006fc0    00000020     DSP2803x_GlobalVariableDefs.obj (GpioDataRegsFile)

GpioIntRegsFile 
*          1    00006fe0    0000000c     UNINITIALIZED
                  00006fe0    0000000c     DSP2803x_GlobalVariableDefs.obj (GpioIntRegsFile)

SysCtrlRegsFile 
*          1    00007010    00000020     UNINITIALIZED
                  00007010    00000020     DSP2803x_GlobalVariableDefs.obj (SysCtrlRegsFile)

SpiaRegsFile 
*          1    00007040    00000010     UNINITIALIZED
                  00007040    00000010     DSP2803x_GlobalVariableDefs.obj (SpiaRegsFile)

SciaRegsFile 
*          1    00007050    00000010     UNINITIALIZED
                  00007050    00000010     DSP2803x_GlobalVariableDefs.obj (SciaRegsFile)

NmiIntruptRegsFile 
*          1    00007060    00000010     UNINITIALIZED
                  00007060    00000010     DSP2803x_GlobalVariableDefs.obj (NmiIntruptRegsFile)

XIntruptRegsFile 
*          1    00007070    00000010     UNINITIALIZED
                  00007070    00000010     DSP2803x_GlobalVariableDefs.obj (XIntruptRegsFile)

AdcRegsFile 
*          1    00007100    00000050     UNINITIALIZED
                  00007100    00000050     DSP2803x_GlobalVariableDefs.obj (AdcRegsFile)

SpibRegsFile 
*          1    00007740    00000010     UNINITIALIZED
                  00007740    00000010     DSP2803x_GlobalVariableDefs.obj (SpibRegsFile)

I2caRegsFile 
*          1    00007900    00000022     UNINITIALIZED
                  00007900    00000022     DSP2803x_GlobalVariableDefs.obj (I2caRegsFile)

.ebss      1    00008c00    000000ba     UNINITIALIZED
                  00008c00    00000060     FlashingLeds-Main.obj (.ebss)
                  00008c60    00000004     rts2800_ml.lib : exit.obj (.ebss)
                  00008c64    00000002                    : _lock.obj (.ebss:__lock)
                  00008c66    00000002                    : _lock.obj (.ebss:__unlock)
                  00008c68    00000018     --HOLE--
                  00008c80    0000003a     SciCommsGui.obj (.ebss)

PartIdRegsFile 
*          1    003d7e80    00000001     UNINITIALIZED
                  003d7e80    00000001     DSP2803x_GlobalVariableDefs.obj (PartIdRegsFile)

CsmPwlFile 
*          1    003f7ff8    00000008     UNINITIALIZED
                  003f7ff8    00000008     DSP2803x_GlobalVariableDefs.obj (CsmPwlFile)

.pinit     0    00000480    00000000     UNINITIALIZED

.reset     0    003fffc0    00000002     DSECT
                  003fffc0    00000002     rts2800_ml.lib : boot.obj (.reset)

MODULE SUMMARY

       Module                            code   ro data   rw data
       ------                            ----   -------   -------
    .\
       DSP2803x_GlobalVariableDefs.obj   0      0         1909   
       SciCommsGui.obj                   586    0         58     
       FlashingLeds-DevInit_F2803x.obj   534    0         0      
       FlashingLeds-Main.obj             210    0         96     
       FlashingLeds-CLA.obj              237    0         2      
       DSP2803x_CodeStartBranch.obj      10     0         0      
    +--+---------------------------------+------+---------+---------+
       Total:                            1577   0         2065   
                                                                 
    C:\Beuth\ti_motorware\ccs\ccsv6\tools\compiler\ti-cgt-c2000_15.9.0.STS\lib\rts2800_ml.lib
       boot.obj                          78     0         0      
       cpy_tbl.obj                       70     0         0      
       exit.obj                          25     0         14     
       cpy_utils.obj                     26     0         0      
       args_main.obj                     25     0         0      
       _lock.obj                         9      0         14     
    +--+---------------------------------+------+---------+---------+
       Total:                            233    0         28     
                                                                 
       Stack:                            0      0         896    
    +--+---------------------------------+------+---------+---------+
       Grand Total:                      1810   0         2989   


GLOBAL DATA SYMBOLS: SORTED BY DATA PAGE

address     data page           name
--------    ----------------    ----
00000050       1 (00000040)     __stack

00000880      22 (00000880)     _DevEmuRegs

00000985      26 (00000980)     _SysPwrCtrlRegs

00000a80      2a (00000a80)     _FlashRegs

00000ae0      2b (00000ac0)     _CsmRegs

00000b00      2c (00000b00)     _AdcResult

00000c00      30 (00000c00)     _CpuTimer0Regs
00000c08      30 (00000c00)     _CpuTimer1Regs
00000c10      30 (00000c00)     _CpuTimer2Regs

00000ce0      33 (00000cc0)     _PieCtrlRegs

00000d00      34 (00000d00)     _EmuKey
00000d00      34 (00000d00)     _PieVectTable
00000d01      34 (00000d00)     _EmuBMode
00000d02      34 (00000d00)     _Flash_CallbackPtr
00000d04      34 (00000d00)     _Flash_CPUScaleFactor

00001400      50 (00001400)     _Cla1Regs

00006000     180 (00006000)     _ECanaRegs

00006040     181 (00006040)     _ECanaLAMRegs

00006080     182 (00006080)     _ECanaMOTSRegs

000060c0     183 (000060c0)     _ECanaMOTORegs

00006100     184 (00006100)     _ECanaMboxes

00006400     190 (00006400)     _Comp1Regs
00006420     190 (00006400)     _Comp2Regs

00006440     191 (00006440)     _Comp3Regs

00006800     1a0 (00006800)     _EPwm1Regs

00006840     1a1 (00006840)     _EPwm2Regs

00006880     1a2 (00006880)     _EPwm3Regs

000068c0     1a3 (000068c0)     _EPwm4Regs

00006900     1a4 (00006900)     _EPwm5Regs

00006940     1a5 (00006940)     _EPwm6Regs

00006980     1a6 (00006980)     _EPwm7Regs

00006a00     1a8 (00006a00)     _ECap1Regs

00006b00     1ac (00006b00)     _EQep1Regs

00006c00     1b0 (00006c00)     _LinaRegs

00006f80     1be (00006f80)     _GpioCtrlRegs

00006fc0     1bf (00006fc0)     _GpioDataRegs
00006fe0     1bf (00006fc0)     _GpioIntRegs

00007010     1c0 (00007000)     _SysCtrlRegs

00007040     1c1 (00007040)     _SpiaRegs
00007050     1c1 (00007040)     _SciaRegs
00007060     1c1 (00007040)     _NmiIntruptRegs
00007070     1c1 (00007040)     _XIntruptRegs

00007100     1c4 (00007100)     _AdcRegs

00007740     1dd (00007740)     _SpibRegs

00007900     1e4 (00007900)     _I2caRegs

00008c00     230 (00008c00)     _CommsOKflg
00008c01     230 (00008c00)     _SerialCommsTimer
00008c02     230 (00008c00)     _LedBlinkTimer
00008c03     230 (00008c00)     _Gui_LedPrd_ms
00008c04     230 (00008c00)     _A_Task_Ptr
00008c06     230 (00008c00)     _B_Task_Ptr
00008c08     230 (00008c00)     _C_Task_Ptr
00008c0a     230 (00008c00)     _Alpha_State_Ptr
00008c0c     230 (00008c00)     _varSetSldrList
00008c1c     230 (00008c00)     _varSetBtnList
00008c2c     230 (00008c00)     _varGetList

00008c40     231 (00008c40)     _varSetTxtList
00008c50     231 (00008c40)     _arrayGetList
00008c60     231 (00008c40)     ___TI_cleanup_ptr
00008c62     231 (00008c40)     ___TI_dtors_ptr
00008c64     231 (00008c40)     __lock
00008c66     231 (00008c40)     __unlock

00008c80     232 (00008c80)     _RxWord
00008c81     232 (00008c80)     _wordsLeftToGet
00008c82     232 (00008c80)     _SendTaskPtr
00008c83     232 (00008c80)     _RcvTskPtrShdw
00008c84     232 (00008c80)     _TaskDoneFlag
00008c85     232 (00008c80)     _RxChar
00008c86     232 (00008c80)     _NumWords
00008c87     232 (00008c80)     _MemGetPtr
00008c88     232 (00008c80)     _dataOut
00008c89     232 (00008c80)     _MemGetAmount
00008c8a     232 (00008c80)     _LowByteFlag
00008c8b     232 (00008c80)     _delayer
00008c8c     232 (00008c80)     _MemGetAddress
00008c8e     232 (00008c80)     _memDataPtr
00008c90     232 (00008c80)     _RcvTaskPointer
00008c92     232 (00008c80)     _Temp
00008c94     232 (00008c80)     _CmdPacket
00008c9a     232 (00008c80)     _CmdDispatcher

003d7e80    f5fa (003d7e80)     _PartIdRegs

003f7ff8    fdff (003f7fc0)     _CsmPwl


GLOBAL SYMBOLS: SORTED ALPHABETICALLY BY Name 

page  address   name                 
----  -------   ----                 
0     00008000  .text                
0     000085f4  C$$EXIT              
0     000084be  _A0                  
0     000084fa  _A1                  
0     0000850f  _A2                  
1     00008c04  _A_Task_Ptr          
1     00007100  _AdcRegs             
1     00000b00  _AdcResult           
1     00008c0a  _Alpha_State_Ptr     
0     000081bd  _ArrayGet            
0     000084d4  _B0                  
0     00008515  _B1                  
0     0000851b  _B2                  
1     00008c06  _B_Task_Ptr          
0     0000819c  _ButtonSet           
0     000084e7  _C0                  
0     00008521  _C1                  
0     00008527  _C2                  
0     00008365  _CLA_Init            
1     00008c08  _C_Task_Ptr          
0     00009000  _Cla1Prog_Start      
1     00001400  _Cla1Regs            
0     00009012  _Cla1T1End           
0     00009020  _Cla1T2End           
0     0000902e  _Cla1T3End           
0     0000903c  _Cla1T4End           
0     0000904a  _Cla1T5End           
0     00009058  _Cla1T6End           
0     00009066  _Cla1T7End           
0     00009074  _Cla1T8End           
0     00009000  _Cla1Task1           
0     00009012  _Cla1Task2           
0     00009020  _Cla1Task3           
0     0000902e  _Cla1Task4           
0     0000903c  _Cla1Task5           
0     0000904a  _Cla1Task6           
0     00009058  _Cla1Task7           
0     00009066  _Cla1Task8           
0     000090e8  _Cla1funcsLoadEnd    
0     00009074  _Cla1funcsLoadStart  
0     00009000  _Cla1funcsRunStart   
1     00008c9a  _CmdDispatcher       
0     0000813b  _CmdInterpreter      
1     00008c94  _CmdPacket           
1     00008c00  _CommsOKflg          
1     00006400  _Comp1Regs           
1     00006420  _Comp2Regs           
1     00006440  _Comp3Regs           
1     00000c00  _CpuTimer0Regs       
1     00000c08  _CpuTimer1Regs       
1     00000c10  _CpuTimer2Regs       
1     003f7ff8  _CsmPwl              
1     00000ae0  _CsmRegs             
0     0000861e  _DPL_CLAInit         
0     000081c0  _DataGet             
1     00000880  _DevEmuRegs          
0     0000824a  _DeviceInit          
1     00006040  _ECanaLAMRegs        
1     000060c0  _ECanaMOTORegs       
1     00006080  _ECanaMOTSRegs       
1     00006100  _ECanaMboxes         
1     00006000  _ECanaRegs           
1     00006a00  _ECap1Regs           
1     00006800  _EPwm1Regs           
1     00006840  _EPwm2Regs           
1     00006880  _EPwm3Regs           
1     000068c0  _EPwm4Regs           
1     00006900  _EPwm5Regs           
1     00006940  _EPwm6Regs           
1     00006980  _EPwm7Regs           
1     00006b00  _EQep1Regs           
0     0000809c  _EchoCmdByte         
0     0000810e  _EchoDataByte        
0     000080d5  _EchoSizeByte        
1     00000d01  _EmuBMode            
1     00000d00  _EmuKey              
1     00000a80  _FlashRegs           
1     00000d04  _Flash_CPUScaleFactor
1     00000d02  _Flash_CallbackPtr   
0     00008063  _GetCmdByte          
0     000080ec  _GetDataByte         
0     000080b3  _GetSizeByte         
1     00006f80  _GpioCtrlRegs        
1     00006fc0  _GpioDataRegs        
1     00006fe0  _GpioIntRegs         
1     00008c03  _Gui_LedPrd_ms       
1     00007900  _I2caRegs            
0     00008623  _ISR_ILLEGAL         
1     00008c02  _LedBlinkTimer       
0     00008161  _LifePulseTsk        
1     00006c00  _LinaRegs            
1     00008c8a  _LowByteFlag         
0     00008448  _MemCopy             
1     00008c8c  _MemGetAddress       
1     00008c89  _MemGetAmount        
1     00008c87  _MemGetPtr           
1     00007060  _NmiIntruptRegs      
1     00008c86  _NumWords            
0     000083d0  _PLLset              
0     00008121  _PackWord            
1     003d7e80  _PartIdRegs          
0     0000840a  _PieCntlInit         
1     00000ce0  _PieCtrlRegs         
1     00000d00  _PieVectTable        
0     00008429  _PieVectTableInit    
1     00008c90  _RcvTaskPointer      
1     00008c83  _RcvTskPtrShdw       
1     00008c85  _RxChar              
1     00008c80  _RxWord              
0     00008000  _SCIA_Init           
1     00007050  _SciaRegs            
0     000081f1  _SendData            
1     00008c82  _SendTaskPtr         
1     00008c01  _SerialCommsTimer    
0     0000805e  _SerialHostComms     
0     000081ab  _SliderSet           
0     000081e7  _SpareTsk07          
0     000081ec  _SpareTsk08          
1     00007040  _SpiaRegs            
1     00007740  _SpibRegs            
1     00007010  _SysCtrlRegs         
1     00000985  _SysPwrCtrlRegs      
1     00008c84  _TaskDoneFlag        
1     00008c92  _Temp                
0     0000818d  _TextSet             
0     000081ba  _VariableGet         
0     000083c8  _WDogDisable         
1     00007070  _XIntruptRegs        
1     000003d0  __STACK_END          
abs   00000380  __STACK_SIZE         
1     00008c60  ___TI_cleanup_ptr    
1     00008c62  ___TI_dtors_ptr      
abs   ffffffff  ___binit__           
abs   ffffffff  ___c_args__          
0     00000480  ___cinit__           
0     00008628  ___etext__           
abs   ffffffff  ___pinit__           
0     00008000  ___text__            
0     000085db  __args_main          
1     00008c64  __lock               
0     00008615  __nop                
0     00008611  __register_lock      
0     0000860d  __register_unlock    
1     00000050  __stack              
1     00008c66  __unlock             
0     000085f4  _abort               
1     00008c50  _arrayGetList        
0     0000852d  _c_int00             
0     0000857b  _copy_in             
1     00008c88  _dataOut             
0     000085c1  _ddcopy              
1     00008c8b  _delayer             
0     000085c1  _dpcopy              
0     000085f6  _exit                
0     0000845b  _main                
1     00008c8e  _memDataPtr          
0     000085c1  _pdcopy              
0     000085c1  _ppcopy              
1     00008c2c  _varGetList          
1     00008c1c  _varSetBtnList       
1     00008c0c  _varSetSldrList      
1     00008c40  _varSetTxtList       
1     00008c81  _wordsLeftToGet      
abs   ffffffff  binit                
0     00000480  cinit                
0     00000000  code_start           
0     00008628  etext                
abs   ffffffff  pinit                


GLOBAL SYMBOLS: SORTED BY Symbol Address 

page  address   name                 
----  -------   ----                 
0     00000000  code_start           
0     00000480  ___cinit__           
0     00000480  cinit                
0     00008000  .text                
0     00008000  _SCIA_Init           
0     00008000  ___text__            
0     0000805e  _SerialHostComms     
0     00008063  _GetCmdByte          
0     0000809c  _EchoCmdByte         
0     000080b3  _GetSizeByte         
0     000080d5  _EchoSizeByte        
0     000080ec  _GetDataByte         
0     0000810e  _EchoDataByte        
0     00008121  _PackWord            
0     0000813b  _CmdInterpreter      
0     00008161  _LifePulseTsk        
0     0000818d  _TextSet             
0     0000819c  _ButtonSet           
0     000081ab  _SliderSet           
0     000081ba  _VariableGet         
0     000081bd  _ArrayGet            
0     000081c0  _DataGet             
0     000081e7  _SpareTsk07          
0     000081ec  _SpareTsk08          
0     000081f1  _SendData            
0     0000824a  _DeviceInit          
0     00008365  _CLA_Init            
0     000083c8  _WDogDisable         
0     000083d0  _PLLset              
0     0000840a  _PieCntlInit         
0     00008429  _PieVectTableInit    
0     00008448  _MemCopy             
0     0000845b  _main                
0     000084be  _A0                  
0     000084d4  _B0                  
0     000084e7  _C0                  
0     000084fa  _A1                  
0     0000850f  _A2                  
0     00008515  _B1                  
0     0000851b  _B2                  
0     00008521  _C1                  
0     00008527  _C2                  
0     0000852d  _c_int00             
0     0000857b  _copy_in             
0     000085c1  _ddcopy              
0     000085c1  _dpcopy              
0     000085c1  _pdcopy              
0     000085c1  _ppcopy              
0     000085db  __args_main          
0     000085f4  C$$EXIT              
0     000085f4  _abort               
0     000085f6  _exit                
0     0000860d  __register_unlock    
0     00008611  __register_lock      
0     00008615  __nop                
0     0000861e  _DPL_CLAInit         
0     00008623  _ISR_ILLEGAL         
0     00008628  ___etext__           
0     00008628  etext                
0     00009000  _Cla1Prog_Start      
0     00009000  _Cla1Task1           
0     00009000  _Cla1funcsRunStart   
0     00009012  _Cla1T1End           
0     00009012  _Cla1Task2           
0     00009020  _Cla1T2End           
0     00009020  _Cla1Task3           
0     0000902e  _Cla1T3End           
0     0000902e  _Cla1Task4           
0     0000903c  _Cla1T4End           
0     0000903c  _Cla1Task5           
0     0000904a  _Cla1T5End           
0     0000904a  _Cla1Task6           
0     00009058  _Cla1T6End           
0     00009058  _Cla1Task7           
0     00009066  _Cla1T7End           
0     00009066  _Cla1Task8           
0     00009074  _Cla1T8End           
0     00009074  _Cla1funcsLoadStart  
0     000090e8  _Cla1funcsLoadEnd    
1     00000050  __stack              
1     000003d0  __STACK_END          
1     00000880  _DevEmuRegs          
1     00000985  _SysPwrCtrlRegs      
1     00000a80  _FlashRegs           
1     00000ae0  _CsmRegs             
1     00000b00  _AdcResult           
1     00000c00  _CpuTimer0Regs       
1     00000c08  _CpuTimer1Regs       
1     00000c10  _CpuTimer2Regs       
1     00000ce0  _PieCtrlRegs         
1     00000d00  _EmuKey              
1     00000d00  _PieVectTable        
1     00000d01  _EmuBMode            
1     00000d02  _Flash_CallbackPtr   
1     00000d04  _Flash_CPUScaleFactor
1     00001400  _Cla1Regs            
1     00006000  _ECanaRegs           
1     00006040  _ECanaLAMRegs        
1     00006080  _ECanaMOTSRegs       
1     000060c0  _ECanaMOTORegs       
1     00006100  _ECanaMboxes         
1     00006400  _Comp1Regs           
1     00006420  _Comp2Regs           
1     00006440  _Comp3Regs           
1     00006800  _EPwm1Regs           
1     00006840  _EPwm2Regs           
1     00006880  _EPwm3Regs           
1     000068c0  _EPwm4Regs           
1     00006900  _EPwm5Regs           
1     00006940  _EPwm6Regs           
1     00006980  _EPwm7Regs           
1     00006a00  _ECap1Regs           
1     00006b00  _EQep1Regs           
1     00006c00  _LinaRegs            
1     00006f80  _GpioCtrlRegs        
1     00006fc0  _GpioDataRegs        
1     00006fe0  _GpioIntRegs         
1     00007010  _SysCtrlRegs         
1     00007040  _SpiaRegs            
1     00007050  _SciaRegs            
1     00007060  _NmiIntruptRegs      
1     00007070  _XIntruptRegs        
1     00007100  _AdcRegs             
1     00007740  _SpibRegs            
1     00007900  _I2caRegs            
1     00008c00  _CommsOKflg          
1     00008c01  _SerialCommsTimer    
1     00008c02  _LedBlinkTimer       
1     00008c03  _Gui_LedPrd_ms       
1     00008c04  _A_Task_Ptr          
1     00008c06  _B_Task_Ptr          
1     00008c08  _C_Task_Ptr          
1     00008c0a  _Alpha_State_Ptr     
1     00008c0c  _varSetSldrList      
1     00008c1c  _varSetBtnList       
1     00008c2c  _varGetList          
1     00008c40  _varSetTxtList       
1     00008c50  _arrayGetList        
1     00008c60  ___TI_cleanup_ptr    
1     00008c62  ___TI_dtors_ptr      
1     00008c64  __lock               
1     00008c66  __unlock             
1     00008c80  _RxWord              
1     00008c81  _wordsLeftToGet      
1     00008c82  _SendTaskPtr         
1     00008c83  _RcvTskPtrShdw       
1     00008c84  _TaskDoneFlag        
1     00008c85  _RxChar              
1     00008c86  _NumWords            
1     00008c87  _MemGetPtr           
1     00008c88  _dataOut             
1     00008c89  _MemGetAmount        
1     00008c8a  _LowByteFlag         
1     00008c8b  _delayer             
1     00008c8c  _MemGetAddress       
1     00008c8e  _memDataPtr          
1     00008c90  _RcvTaskPointer      
1     00008c92  _Temp                
1     00008c94  _CmdPacket           
1     00008c9a  _CmdDispatcher       
1     003d7e80  _PartIdRegs          
1     003f7ff8  _CsmPwl              
abs   00000380  __STACK_SIZE         
abs   ffffffff  ___binit__           
abs   ffffffff  ___c_args__          
abs   ffffffff  ___pinit__           
abs   ffffffff  binit                
abs   ffffffff  pinit                

[168 symbols]
