******************************************************************************
             TMS320C2000 Linker PC v6.1.1                      
******************************************************************************
>> Linked Wed Oct 31 14:23:35 2012

OUTPUT FILE NAME:   <ProjectName.out>
ENTRY POINT SYMBOL: "_c_int00"  address: 000085d8


MEMORY CONFIGURATION

         name            origin    length      used     unused   attr    fill
----------------------  --------  ---------  --------  --------  ----  --------
PAGE 0:
  BEGIN                 00000000   00000002  00000002  00000000  RWIX
  RAMM1                 00000480   00000380  000000b4  000002cc  RWIX
  RAML0L1               00008000   00000c00  00000696  0000056a  RWIX
  RAML3                 00009000   00001000  000000d8  00000f28  RWIX
  IQTABLES              003fe000   00000b50  00000000  00000b50  RWIX
  IQTABLES2             003feb50   0000008c  00000000  0000008c  RWIX
  IQTABLES3             003febdc   000000aa  00000000  000000aa  RWIX
  BOOTROM               003ff27c   00000d44  00000000  00000d44  RWIX
  RESET                 003fffc0   00000002  00000000  00000002  RWIX

PAGE 1:
  BOOT_RSVD             00000002   0000004e  00000000  0000004e  RWIX
  RAMM0                 00000050   000003b0  00000200  000001b0  RWIX
  DEV_EMU               00000880   00000105  00000004  00000101  RWIX
  SYS_PWR_CTL           00000985   00000003  00000003  00000000  RWIX
  FLASH_REGS            00000a80   00000060  00000008  00000058  RWIX
  CSM                   00000ae0   00000010  00000010  00000000  RWIX
  ADC_RESULT            00000b00   00000020  00000020  00000000  RWIX
  CPU_TIMER0            00000c00   00000008  00000008  00000000  RWIX
  CPU_TIMER1            00000c08   00000008  00000008  00000000  RWIX
  CPU_TIMER2            00000c10   00000008  00000008  00000000  RWIX
  PIE_CTRL              00000ce0   00000020  0000001a  00000006  RWIX
  PIE_VECT              00000d00   00000100  00000100  00000000  RWIX
  CLA1                  00001400   00000080  00000040  00000040  RWIX
  CLA_CPU_MSGRAM        00001480   00000080  00000000  00000080  RWIX
  CPU_CLA_MSGRAM        00001500   00000080  00000002  0000007e  RWIX
  ECANA                 00006000   00000040  00000034  0000000c  RWIX
  ECANA_LAM             00006040   00000040  00000040  00000000  RWIX
  ECANA_MOTS            00006080   00000040  00000040  00000000  RWIX
  ECANA_MOTO            000060c0   00000040  00000040  00000000  RWIX
  ECANA_MBOX            00006100   00000100  00000100  00000000  RWIX
  COMP1                 00006400   00000020  00000014  0000000c  RWIX
  COMP2                 00006420   00000020  00000014  0000000c  RWIX
  COMP3                 00006440   00000020  00000014  0000000c  RWIX
  EPWM1                 00006800   00000040  00000040  00000000  RWIX
  EPWM2                 00006840   00000040  00000040  00000000  RWIX
  EPWM3                 00006880   00000040  00000040  00000000  RWIX
  EPWM4                 000068c0   00000040  00000040  00000000  RWIX
  EPWM5                 00006900   00000040  00000040  00000000  RWIX
  EPWM6                 00006940   00000040  00000040  00000000  RWIX
  EPWM7                 00006980   00000040  00000040  00000000  RWIX
  ECAP1                 00006a00   00000020  00000020  00000000  RWIX
  HRCAP1                00006ac0   00000020  00000020  00000000  RWIX
  HRCAP2                00006ae0   00000020  00000020  00000000  RWIX
  EQEP1                 00006b00   00000040  00000040  00000000  RWIX
  LINA                  00006c00   00000080  0000004a  00000036  RWIX
  GPIOCTRL              00006f80   00000040  00000040  00000000  RWIX
  GPIODAT               00006fc0   00000020  00000020  00000000  RWIX
  GPIOINT               00006fe0   00000020  0000000c  00000014  RWIX
  SYSTEM                00007010   00000020  00000020  00000000  RWIX
  SPIA                  00007040   00000010  00000010  00000000  RWIX
  SCIA                  00007050   00000010  00000010  00000000  RWIX
  NMIINTRUPT            00007060   00000010  00000010  00000000  RWIX
  XINTRUPT              00007070   00000010  00000010  00000000  RWIX
  ADC                   00007100   00000080  00000050  00000030  RWIX
  SPIB                  00007740   00000010  00000010  00000000  RWIX
  I2CA                  00007900   00000040  00000022  0000001e  RWIX
  dataRAM               00008c00   00000400  0000012e  000002d2  RWIX
  PARTID                003d7e80   00000001  00000001  00000000  RWIX
  CSM_PWL               003f7ff8   00000008  00000008  00000000  RWIX


SECTION ALLOCATION MAP

 output                                  attributes/
section   page    origin      length       input sections
--------  ----  ----------  ----------   ----------------
codestart 
*          0    00000000    00000002     
                  00000000    00000002     DSP2803x_CodeStartBranch.obj (codestart)

.pinit     0    00000480    00000000     UNINITIALIZED

.cinit     0    00000480    0000006d     
                  00000480    00000057     ProjectName-Main.obj (.cinit)
                  000004d7    0000000a     rts2800_ml.lib : _lock.obj (.cinit)
                  000004e1    0000000a                    : exit.obj (.cinit)
                  000004eb    00000002     --HOLE-- [fill = 0]

ramfuncs   0    000004ed    00000047     
                  000004ed    00000028     ProjectName-DPL-ISR.obj (ramfuncs)
                  00000515    0000001b     ProjectName-DevInit_F2803x.obj (ramfuncs)
                  00000530    00000004     DSP2803x_usDelay.obj (ramfuncs)

.text      0    00008000    00000696     
                  00008000    000001f3     ProjectName-DevInit_F2803x.obj (.text)
                  000081f3    000001bf     ADC_SOC_Cnf.obj (.text)
                  000083b2    0000013c     ProjectName-Main.obj (.text)
                  000084ee    000000ea     PWM_1ch_Cnf.obj (.text)
                  000085d8    00000044     rts2800_ml.lib : boot.obj (.text)
                  0000861c    00000021                    : memcpy_ff.obj (.text)
                  0000863d    00000019                    : args_main.obj (.text)
                  00008656    00000019                    : exit.obj (.text)
                  0000866f    00000011     ProjectName-DPL-ISR.obj (.text)
                  00008680    00000009     rts2800_ml.lib : _lock.obj (.text)
                  00008689    00000008     DSP2803x_CodeStartBranch.obj (.text)
                  00008691    00000005     ProjectName-DevInit_F2803x.obj (.text:retain)

Cla1Prog   0    0000906c    0000006c     RUN ADDR = 00009000
                  0000906c    0000006c     ProjectName-CLA_Tasks.obj (Cla1Prog:retain)

.reset     0    003fffc0    00000002     DSECT
                  003fffc0    00000002     rts2800_ml.lib : boot.obj (.reset)

CLAscratch_end 
*          1    00000002    00000000     UNINITIALIZED

CLAscratch 
*          1    00000002    00000000     UNINITIALIZED

.stack     1    00000050    00000200     UNINITIALIZED
                  00000050    00000200     --HOLE--

DevEmuRegsFile 
*          1    00000880    00000004     UNINITIALIZED
                  00000880    00000004     DSP2803x_GlobalVariableDefs.obj (DevEmuRegsFile)

SysPwrCtrlRegsFile 
*          1    00000985    00000003     UNINITIALIZED
                  00000985    00000003     DSP2803x_GlobalVariableDefs.obj (SysPwrCtrlRegsFile)

FlashRegsFile 
*          1    00000a80    00000008     UNINITIALIZED
                  00000a80    00000008     DSP2803x_GlobalVariableDefs.obj (FlashRegsFile)

CsmRegsFile 
*          1    00000ae0    00000010     UNINITIALIZED
                  00000ae0    00000010     DSP2803x_GlobalVariableDefs.obj (CsmRegsFile)

AdcResultFile 
*          1    00000b00    00000020     UNINITIALIZED
                  00000b00    00000020     DSP2803x_GlobalVariableDefs.obj (AdcResultFile)

CpuTimer0RegsFile 
*          1    00000c00    00000008     UNINITIALIZED
                  00000c00    00000008     DSP2803x_GlobalVariableDefs.obj (CpuTimer0RegsFile)

CpuTimer1RegsFile 
*          1    00000c08    00000008     UNINITIALIZED
                  00000c08    00000008     DSP2803x_GlobalVariableDefs.obj (CpuTimer1RegsFile)

CpuTimer2RegsFile 
*          1    00000c10    00000008     UNINITIALIZED
                  00000c10    00000008     DSP2803x_GlobalVariableDefs.obj (CpuTimer2RegsFile)

PieCtrlRegsFile 
*          1    00000ce0    0000001a     UNINITIALIZED
                  00000ce0    0000001a     DSP2803x_GlobalVariableDefs.obj (PieCtrlRegsFile)

PieVectTableFile 
*          1    00000d00    00000100     UNINITIALIZED
                  00000d00    00000100     DSP2803x_GlobalVariableDefs.obj (PieVectTableFile)

EmuKeyVar 
*          1    00000d00    00000001     UNINITIALIZED
                  00000d00    00000001     DSP2803x_GlobalVariableDefs.obj (EmuKeyVar)

EmuBModeVar 
*          1    00000d01    00000001     UNINITIALIZED
                  00000d01    00000001     DSP2803x_GlobalVariableDefs.obj (EmuBModeVar)

FlashCallbackVar 
*          1    00000d02    00000002     UNINITIALIZED
                  00000d02    00000002     DSP2803x_GlobalVariableDefs.obj (FlashCallbackVar)

FlashScalingVar 
*          1    00000d04    00000002     UNINITIALIZED
                  00000d04    00000002     DSP2803x_GlobalVariableDefs.obj (FlashScalingVar)

Cla1RegsFile 
*          1    00001400    00000040     UNINITIALIZED
                  00001400    00000040     DSP2803x_GlobalVariableDefs.obj (Cla1RegsFile)

CpuToCla1MsgRAM 
*          1    00001500    00000002     UNINITIALIZED
                  00001500    00000002     ProjectName-CLA_Tasks.obj (CpuToCla1MsgRAM)

ECanaRegsFile 
*          1    00006000    00000034     UNINITIALIZED
                  00006000    00000034     DSP2803x_GlobalVariableDefs.obj (ECanaRegsFile)

ECanaLAMRegsFile 
*          1    00006040    00000040     UNINITIALIZED
                  00006040    00000040     DSP2803x_GlobalVariableDefs.obj (ECanaLAMRegsFile)

ECanaMOTSRegsFile 
*          1    00006080    00000040     UNINITIALIZED
                  00006080    00000040     DSP2803x_GlobalVariableDefs.obj (ECanaMOTSRegsFile)

ECanaMOTORegsFile 
*          1    000060c0    00000040     UNINITIALIZED
                  000060c0    00000040     DSP2803x_GlobalVariableDefs.obj (ECanaMOTORegsFile)

ECanaMboxesFile 
*          1    00006100    00000100     UNINITIALIZED
                  00006100    00000100     DSP2803x_GlobalVariableDefs.obj (ECanaMboxesFile)

Comp1RegsFile 
*          1    00006400    00000014     UNINITIALIZED
                  00006400    00000014     DSP2803x_GlobalVariableDefs.obj (Comp1RegsFile)

Comp2RegsFile 
*          1    00006420    00000014     UNINITIALIZED
                  00006420    00000014     DSP2803x_GlobalVariableDefs.obj (Comp2RegsFile)

Comp3RegsFile 
*          1    00006440    00000014     UNINITIALIZED
                  00006440    00000014     DSP2803x_GlobalVariableDefs.obj (Comp3RegsFile)

EPwm1RegsFile 
*          1    00006800    00000040     UNINITIALIZED
                  00006800    00000040     DSP2803x_GlobalVariableDefs.obj (EPwm1RegsFile)

EPwm2RegsFile 
*          1    00006840    00000040     UNINITIALIZED
                  00006840    00000040     DSP2803x_GlobalVariableDefs.obj (EPwm2RegsFile)

EPwm3RegsFile 
*          1    00006880    00000040     UNINITIALIZED
                  00006880    00000040     DSP2803x_GlobalVariableDefs.obj (EPwm3RegsFile)

EPwm4RegsFile 
*          1    000068c0    00000040     UNINITIALIZED
                  000068c0    00000040     DSP2803x_GlobalVariableDefs.obj (EPwm4RegsFile)

EPwm5RegsFile 
*          1    00006900    00000040     UNINITIALIZED
                  00006900    00000040     DSP2803x_GlobalVariableDefs.obj (EPwm5RegsFile)

EPwm6RegsFile 
*          1    00006940    00000040     UNINITIALIZED
                  00006940    00000040     DSP2803x_GlobalVariableDefs.obj (EPwm6RegsFile)

EPwm7RegsFile 
*          1    00006980    00000040     UNINITIALIZED
                  00006980    00000040     DSP2803x_GlobalVariableDefs.obj (EPwm7RegsFile)

ECap1RegsFile 
*          1    00006a00    00000020     UNINITIALIZED
                  00006a00    00000020     DSP2803x_GlobalVariableDefs.obj (ECap1RegsFile)

HRCap1RegsFile 
*          1    00006ac0    00000020     UNINITIALIZED
                  00006ac0    00000020     DSP2803x_GlobalVariableDefs.obj (HRCap1RegsFile)

HRCap2RegsFile 
*          1    00006ae0    00000020     UNINITIALIZED
                  00006ae0    00000020     DSP2803x_GlobalVariableDefs.obj (HRCap2RegsFile)

EQep1RegsFile 
*          1    00006b00    00000040     UNINITIALIZED
                  00006b00    00000040     DSP2803x_GlobalVariableDefs.obj (EQep1RegsFile)

LinaRegsFile 
*          1    00006c00    0000004a     UNINITIALIZED
                  00006c00    0000004a     DSP2803x_GlobalVariableDefs.obj (LinaRegsFile)

GpioCtrlRegsFile 
*          1    00006f80    00000040     UNINITIALIZED
                  00006f80    00000040     DSP2803x_GlobalVariableDefs.obj (GpioCtrlRegsFile)

GpioDataRegsFile 
*          1    00006fc0    00000020     UNINITIALIZED
                  00006fc0    00000020     DSP2803x_GlobalVariableDefs.obj (GpioDataRegsFile)

GpioIntRegsFile 
*          1    00006fe0    0000000c     UNINITIALIZED
                  00006fe0    0000000c     DSP2803x_GlobalVariableDefs.obj (GpioIntRegsFile)

SysCtrlRegsFile 
*          1    00007010    00000020     UNINITIALIZED
                  00007010    00000020     DSP2803x_GlobalVariableDefs.obj (SysCtrlRegsFile)

SpiaRegsFile 
*          1    00007040    00000010     UNINITIALIZED
                  00007040    00000010     DSP2803x_GlobalVariableDefs.obj (SpiaRegsFile)

SciaRegsFile 
*          1    00007050    00000010     UNINITIALIZED
                  00007050    00000010     DSP2803x_GlobalVariableDefs.obj (SciaRegsFile)

NmiIntruptRegsFile 
*          1    00007060    00000010     UNINITIALIZED
                  00007060    00000010     DSP2803x_GlobalVariableDefs.obj (NmiIntruptRegsFile)

XIntruptRegsFile 
*          1    00007070    00000010     UNINITIALIZED
                  00007070    00000010     DSP2803x_GlobalVariableDefs.obj (XIntruptRegsFile)

AdcRegsFile 
*          1    00007100    00000050     UNINITIALIZED
                  00007100    00000050     DSP2803x_GlobalVariableDefs.obj (AdcRegsFile)

SpibRegsFile 
*          1    00007740    00000010     UNINITIALIZED
                  00007740    00000010     DSP2803x_GlobalVariableDefs.obj (SpibRegsFile)

I2caRegsFile 
*          1    00007900    00000022     UNINITIALIZED
                  00007900    00000022     DSP2803x_GlobalVariableDefs.obj (I2caRegsFile)

.ebss      1    00008c00    00000128     UNINITIALIZED
                  00008c00    00000120     ProjectName-Main.obj (.ebss)
                  00008d20    00000004     rts2800_ml.lib : _lock.obj (.ebss)
                  00008d24    00000004                    : exit.obj (.ebss)

PWMDRV_1ch_Section 
*          1    00008d28    00000004     UNINITIALIZED
                  00008d28    00000004     ProjectName-DPL-ISR.obj (PWMDRV_1ch_Section)

ZeroNet_Section 
*          1    00008d2c    00000002     UNINITIALIZED
                  00008d2c    00000002     ProjectName-DPL-ISR.obj (ZeroNet_Section)

PartIdRegsFile 
*          1    003d7e80    00000001     UNINITIALIZED
                  003d7e80    00000001     DSP2803x_GlobalVariableDefs.obj (PartIdRegsFile)

CsmPwlFile 
*          1    003f7ff8    00000008     UNINITIALIZED
                  003f7ff8    00000008     DSP2803x_GlobalVariableDefs.obj (CsmPwlFile)


GLOBAL SYMBOLS: SORTED ALPHABETICALLY BY Name 

address    name
--------   ----
00008000   .text
00008656   C$$EXIT
00000100   CLA_SCRATCHPAD_SIZE
00008458   _A0
0000849a   _A1
000084a0   _A2
000084a6   _A3
000084ac   _A4
00008c40   _ACQPS
000081f3   _ADC_SOC_CNF
00008c04   _A_Task_Ptr
00007100   _AdcRegs
00000b00   _AdcResult
00008c06   _Alpha_State_Ptr
0000846e   _B0
000084b2   _B1
000084b8   _B2
000084ca   _B3
000084d0   _B4
00008c0a   _B_Task_Ptr
00008484   _C0
000084d6   _C1
000084dc   _C2
000084e2   _C3
000084e8   _C4
00001500   _CLA_Duty1
0000811e   _CLA_Init
00008c02   _C_Task_Ptr
00008c50   _ChSel
00009000   _Cla1Prog_Start
00001400   _Cla1Regs
00009000   _Cla1Task1
00009034   _Cla1Task2
0000903c   _Cla1Task3
00009044   _Cla1Task4
0000904c   _Cla1Task5
00009054   _Cla1Task6
0000905c   _Cla1Task7
00009064   _Cla1Task8
000090d8   _Cla1funcsLoadEnd
0000006c   _Cla1funcsLoadSize
0000906c   _Cla1funcsLoadStart
00009000   _Cla1funcsRunStart
00008c1e   _Comp
00006400   _Comp1Regs
00006420   _Comp2Regs
00006440   _Comp3Regs
00000c00   _CpuTimer0Regs
00000c08   _CpuTimer1Regs
00000c10   _CpuTimer2Regs
003f7ff8   _CsmPwl
00000ae0   _CsmRegs
00008450   _DPL_CLAInit
000004ed   _DPL_ISR
0000866f   _DPL_Init
00000530   _DSP28x_usDelay
00000880   _DevEmuRegs
00008000   _DeviceInit
00008c0c   _Duty1A
00008c10   _Duty2A
00006040   _ECanaLAMRegs
000060c0   _ECanaMOTORegs
00006080   _ECanaMOTSRegs
00006100   _ECanaMboxes
00006000   _ECanaRegs
00006a00   _ECap1Regs
00006800   _EPwm1Regs
00006840   _EPwm2Regs
00006880   _EPwm3Regs
000068c0   _EPwm4Regs
00006900   _EPwm5Regs
00006940   _EPwm6Regs
00006980   _EPwm7Regs
00006b00   _EQep1Regs
00000d01   _EmuBMode
00000d00   _EmuKey
00000a80   _FlashRegs
00000d04   _Flash_CPUScaleFactor
00000d02   _Flash_CallbackPtr
00006f80   _GpioCtrlRegs
00006fc0   _GpioDataRegs
00006fe0   _GpioIntRegs
00006ac0   _HRCap1Regs
00006ae0   _HRCap2Regs
00008c08   _HistPtr
00007900   _I2caRegs
00008691   _ISR_ILLEGAL
00000515   _InitFlash
00008c01   _LedBlinkCnt
00006c00   _LinaRegs
000081de   _MemCopy
00007060   _NmiIntruptRegs
0000816a   _PLLset
00008d28   _PWMDRV_1ch_Duty2
00008d2a   _PWMDRV_1ch_Period2
000084ee   _PWM_1ch_CNF
003d7e80   _PartIdRegs
000081a0   _PieCntlInit
00000ce0   _PieCtrlRegs
00000d00   _PieVectTable
000081bf   _PieVectTableInit
00007050   _SciaRegs
00007040   _SpiaRegs
00007740   _SpibRegs
00007010   _SysCtrlRegs
00000985   _SysPwrCtrlRegs
00008c26   _TrigSel
00008c12   _VTimer0
00008c16   _VTimer1
00008c1a   _VTimer2
00008162   _WDogDisable
00007070   _XIntruptRegs
00000250   __STACK_END
00000200   __STACK_SIZE
00000001   __TI_args_main
ffffffff   ___binit__
ffffffff   ___c_args__
00000480   ___cinit__
00008696   ___etext__
0000861c   ___memcpy_ff
ffffffff   ___pinit__
00008000   ___text__
0000863d   __args_main
00000002   __cla_scratchpad_end
00000002   __cla_scratchpad_start
00008d24   __cleanup_ptr
00008d26   __dtors_ptr
00008d22   __lock
00008688   __nop
00008684   __register_lock
00008680   __register_unlock
00000050   __stack
00008d20   __unlock
00008656   _abort
00008ca0   _arrayGetList
000085d8   _c_int00
00008c60   _ePWM
00008658   _exit
00008c00   _i
000083b2   _main
00008c0e   _temp_Scratch
00008c80   _varGetList
00008ce0   _varSetBtnList
00008cc0   _varSetSldrList
00008d00   _varSetTxtList
ffffffff   binit
00000480   cinit
00000000   code_start
00008696   etext
ffffffff   pinit


GLOBAL SYMBOLS: SORTED BY Symbol Address 

address    name
--------   ----
00000000   code_start
00000001   __TI_args_main
00000002   __cla_scratchpad_end
00000002   __cla_scratchpad_start
00000050   __stack
0000006c   _Cla1funcsLoadSize
00000100   CLA_SCRATCHPAD_SIZE
00000200   __STACK_SIZE
00000250   __STACK_END
00000480   ___cinit__
00000480   cinit
000004ed   _DPL_ISR
00000515   _InitFlash
00000530   _DSP28x_usDelay
00000880   _DevEmuRegs
00000985   _SysPwrCtrlRegs
00000a80   _FlashRegs
00000ae0   _CsmRegs
00000b00   _AdcResult
00000c00   _CpuTimer0Regs
00000c08   _CpuTimer1Regs
00000c10   _CpuTimer2Regs
00000ce0   _PieCtrlRegs
00000d00   _EmuKey
00000d00   _PieVectTable
00000d01   _EmuBMode
00000d02   _Flash_CallbackPtr
00000d04   _Flash_CPUScaleFactor
00001400   _Cla1Regs
00001500   _CLA_Duty1
00006000   _ECanaRegs
00006040   _ECanaLAMRegs
00006080   _ECanaMOTSRegs
000060c0   _ECanaMOTORegs
00006100   _ECanaMboxes
00006400   _Comp1Regs
00006420   _Comp2Regs
00006440   _Comp3Regs
00006800   _EPwm1Regs
00006840   _EPwm2Regs
00006880   _EPwm3Regs
000068c0   _EPwm4Regs
00006900   _EPwm5Regs
00006940   _EPwm6Regs
00006980   _EPwm7Regs
00006a00   _ECap1Regs
00006ac0   _HRCap1Regs
00006ae0   _HRCap2Regs
00006b00   _EQep1Regs
00006c00   _LinaRegs
00006f80   _GpioCtrlRegs
00006fc0   _GpioDataRegs
00006fe0   _GpioIntRegs
00007010   _SysCtrlRegs
00007040   _SpiaRegs
00007050   _SciaRegs
00007060   _NmiIntruptRegs
00007070   _XIntruptRegs
00007100   _AdcRegs
00007740   _SpibRegs
00007900   _I2caRegs
00008000   .text
00008000   _DeviceInit
00008000   ___text__
0000811e   _CLA_Init
00008162   _WDogDisable
0000816a   _PLLset
000081a0   _PieCntlInit
000081bf   _PieVectTableInit
000081de   _MemCopy
000081f3   _ADC_SOC_CNF
000083b2   _main
00008450   _DPL_CLAInit
00008458   _A0
0000846e   _B0
00008484   _C0
0000849a   _A1
000084a0   _A2
000084a6   _A3
000084ac   _A4
000084b2   _B1
000084b8   _B2
000084ca   _B3
000084d0   _B4
000084d6   _C1
000084dc   _C2
000084e2   _C3
000084e8   _C4
000084ee   _PWM_1ch_CNF
000085d8   _c_int00
0000861c   ___memcpy_ff
0000863d   __args_main
00008656   C$$EXIT
00008656   _abort
00008658   _exit
0000866f   _DPL_Init
00008680   __register_unlock
00008684   __register_lock
00008688   __nop
00008691   _ISR_ILLEGAL
00008696   ___etext__
00008696   etext
00008c00   _i
00008c01   _LedBlinkCnt
00008c02   _C_Task_Ptr
00008c04   _A_Task_Ptr
00008c06   _Alpha_State_Ptr
00008c08   _HistPtr
00008c0a   _B_Task_Ptr
00008c0c   _Duty1A
00008c0e   _temp_Scratch
00008c10   _Duty2A
00008c12   _VTimer0
00008c16   _VTimer1
00008c1a   _VTimer2
00008c1e   _Comp
00008c26   _TrigSel
00008c40   _ACQPS
00008c50   _ChSel
00008c60   _ePWM
00008c80   _varGetList
00008ca0   _arrayGetList
00008cc0   _varSetSldrList
00008ce0   _varSetBtnList
00008d00   _varSetTxtList
00008d20   __unlock
00008d22   __lock
00008d24   __cleanup_ptr
00008d26   __dtors_ptr
00008d28   _PWMDRV_1ch_Duty2
00008d2a   _PWMDRV_1ch_Period2
00009000   _Cla1Prog_Start
00009000   _Cla1Task1
00009000   _Cla1funcsRunStart
00009034   _Cla1Task2
0000903c   _Cla1Task3
00009044   _Cla1Task4
0000904c   _Cla1Task5
00009054   _Cla1Task6
0000905c   _Cla1Task7
00009064   _Cla1Task8
0000906c   _Cla1funcsLoadStart
000090d8   _Cla1funcsLoadEnd
003d7e80   _PartIdRegs
003f7ff8   _CsmPwl
ffffffff   ___binit__
ffffffff   ___c_args__
ffffffff   ___pinit__
ffffffff   binit
ffffffff   pinit

[150 symbols]
