******************************************************************************
             TMS320C2000 Linker PC v6.4.6                      
******************************************************************************
>> Linked Wed Nov 25 08:55:30 2015

OUTPUT FILE NAME:   <HVACI_Sensored.out>
ENTRY POINT SYMBOL: "_c_int00"  address: 003f69f2


MEMORY CONFIGURATION

         name            origin    length      used     unused   attr    fill
----------------------  --------  ---------  --------  --------  ----  --------
PAGE 0:
  progRAM               00008000   00001000  00000211  00000def  RWIX
  OTP                   003d7800   00000400  00000000  00000400  RWIX
  FLASHH                003e8000   00002000  00000000  00002000  RWIX
  FLASHG                003ea000   00002000  00000000  00002000  RWIX
  FLASHF                003ec000   00002000  00000000  00002000  RWIX
  FLASHE                003ee000   00002000  00000000  00002000  RWIX
  FLASHD                003f0000   00002000  00000211  00001def  RWIX
  FLASHC                003f2000   00002000  00000000  00002000  RWIX
  FLASHA                003f6000   00001f80  00000cde  000012a2  RWIX
  CSM_RSVD              003f7f80   00000076  00000000  00000076  RWIX
  BEGIN                 003f7ff6   00000002  00000000  00000002  RWIX
  CSM_PWL               003f7ff8   00000008  00000000  00000008  RWIX
  IQTABLES              003fe000   00000b50  00000b50  00000000  RWIX
  IQTABLES2             003feb50   0000008c  00000000  0000008c  RWIX
  IQTABLES3             003febdc   000000aa  00000000  000000aa  RWIX
  BOOTROM               003ff27c   00000d44  00000000  00000d44  RWIX
  RESET                 003fffc0   00000002  00000000  00000002  RWIX
  VECTORS               003fffc2   0000003e  00000000  0000003e  RWIX

PAGE 1:
  BOOT_RSVD             00000000   00000050  00000000  00000050  RWIX
  RAMM0                 00000050   000003b0  00000380  00000030  RWIX
  RAMM1                 00000400   00000400  00000000  00000400  RWIX
  DEV_EMU               00000880   00000105  00000004  00000101  RWIX
  SYS_PWR_CTL           00000985   00000003  00000003  00000000  RWIX
  FLASH_REGS            00000a80   00000060  00000008  00000058  RWIX
  CSM                   00000ae0   00000010  00000010  00000000  RWIX
  ADC_RESULT            00000b00   00000020  00000020  00000000  RWIX
  CPU_TIMER0            00000c00   00000008  00000008  00000000  RWIX
  CPU_TIMER1            00000c08   00000008  00000008  00000000  RWIX
  CPU_TIMER2            00000c10   00000008  00000008  00000000  RWIX
  PIE_CTRL              00000ce0   00000020  0000001a  00000006  RWIX
  PIE_VECT              00000d00   00000100  00000100  00000000  RWIX
  CLA1                  00001400   00000080  00000040  00000040  RWIX
  CLA_CPU_MSGRAM        00001480   00000080  00000000  00000080  RWIX
  CPU_CLA_MSGRAM        00001500   00000080  00000000  00000080  RWIX
  ECANA                 00006000   00000040  00000034  0000000c  RWIX
  ECANA_LAM             00006040   00000040  00000040  00000000  RWIX
  ECANA_MOTS            00006080   00000040  00000040  00000000  RWIX
  ECANA_MOTO            000060c0   00000040  00000040  00000000  RWIX
  ECANA_MBOX            00006100   00000100  00000100  00000000  RWIX
  COMP1                 00006400   00000020  00000014  0000000c  RWIX
  COMP2                 00006420   00000020  00000014  0000000c  RWIX
  COMP3                 00006440   00000020  00000014  0000000c  RWIX
  EPWM1                 00006800   00000040  00000040  00000000  RWIX
  EPWM2                 00006840   00000040  00000040  00000000  RWIX
  EPWM3                 00006880   00000040  00000040  00000000  RWIX
  EPWM4                 000068c0   00000040  00000040  00000000  RWIX
  EPWM5                 00006900   00000040  00000040  00000000  RWIX
  EPWM6                 00006940   00000040  00000040  00000000  RWIX
  EPWM7                 00006980   00000040  00000040  00000000  RWIX
  ECAP1                 00006a00   00000020  00000020  00000000  RWIX
  EQEP1                 00006b00   00000040  00000040  00000000  RWIX
  LINA                  00006c00   00000080  0000004a  00000036  RWIX
  GPIOCTRL              00006f80   00000040  00000040  00000000  RWIX
  GPIODAT               00006fc0   00000020  00000020  00000000  RWIX
  GPIOINT               00006fe0   00000020  0000000c  00000014  RWIX
  SYSTEM                00007010   00000020  00000020  00000000  RWIX
  SPIA                  00007040   00000010  00000010  00000000  RWIX
  SCIA                  00007050   00000010  00000010  00000000  RWIX
  NMIINTRUPT            00007060   00000010  00000010  00000000  RWIX
  XINTRUPT              00007070   00000010  00000010  00000000  RWIX
  ADC                   00007100   00000080  00000050  00000030  RWIX
  SPIB                  00007740   00000010  00000010  00000000  RWIX
  I2CA                  00007900   00000040  00000022  0000001e  RWIX
  dataRAM               00009000   00001000  0000049c  00000b64  RWIX
  PARTID                003d7e80   00000001  00000001  00000000  RWIX
  FLASHB                003f4000   00002000  00000000  00002000  RWIX
  CSM_PWL               003f7ff8   00000008  00000008  00000000  RWIX


SECTION ALLOCATION MAP

 output                                  attributes/
section   page    origin      length       input sections
--------  ----  ----------  ----------   ----------------
ramfuncs   0    003f0000    00000211     RUN ADDR = 00008000
                  003f0000    000001f2     HVACI_Scalar.obj (ramfuncs:retain)
                  003f01f2    0000001b     HVACI_Scalar-DevInit_F2803x.obj (ramfuncs)
                  003f020d    00000004     DSP2803x_usDelay.obj (ramfuncs)

.text      0    003f6000    00000ade     
                  003f6000    0000060e     HVACI_Scalar.obj (.text)
                  003f660e    000001c1     HVACI_Scalar-DevInit_F2803x.obj (.text)
                  003f67cf    00000083     rts2800_ml.lib : fd_mpy.obj (.text)
                  003f6852    00000083                    : fs_div.obj (.text)
                  003f68d5    00000078                    : fs_add.obj (.text)
                  003f694d    0000005a                    : fs_mpy.obj (.text)
                  003f69a7    0000004b     DLOG4CHC.obj (.text)
                  003f69f2    00000044     rts2800_ml.lib : boot.obj (.text)
                  003f6a36    0000001f                    : fd_tol.obj (.text)
                  003f6a55    0000001d                    : fs_tou.obj (.text)
                  003f6a72    0000001c                    : fs_tofd.obj (.text)
                  003f6a8e    00000019                    : args_main.obj (.text)
                  003f6aa7    00000019                    : exit.obj (.text)
                  003f6ac0    00000010                    : u_tofs.obj (.text)
                  003f6ad0    00000009                    : _lock.obj (.text)
                  003f6ad9    00000005     HVACI_Scalar-DevInit_F2803x.obj (.text:retain)

.cinit     0    003f6ade    0000017c     
                  003f6ade    00000166     HVACI_Scalar.obj (.cinit)
                  003f6c44    0000000a     rts2800_ml.lib : exit.obj (.cinit)
                  003f6c4e    00000005                    : _lock.obj (.cinit:__lock)
                  003f6c53    00000005                    : _lock.obj (.cinit:__unlock)
                  003f6c58    00000002     --HOLE-- [fill = 0]

IQmath     0    003f6c5a    00000078     
                  003f6c5a    00000047     IQmath.lib : IQ24div.obj (IQmath)
                  003f6ca1    00000031                : IQ24sin.obj (IQmath)

.econst    0    003f6cd2    0000000c     
                  003f6cd2    0000000c     HVACI_Scalar.obj (.econst)

IQmathTables 
*          0    003fe000    00000b50     NOLOAD SECTION
                  003fe000    00000b50     IQmath.lib : IQmathTables.obj (IQmathTables)

.stack     1    00000050    00000380     UNINITIALIZED
                  00000050    00000380     --HOLE--

DevEmuRegsFile 
*          1    00000880    00000004     UNINITIALIZED
                  00000880    00000004     DSP2803x_GlobalVariableDefs.obj (DevEmuRegsFile)

SysPwrCtrlRegsFile 
*          1    00000985    00000003     UNINITIALIZED
                  00000985    00000003     DSP2803x_GlobalVariableDefs.obj (SysPwrCtrlRegsFile)

FlashRegsFile 
*          1    00000a80    00000008     UNINITIALIZED
                  00000a80    00000008     DSP2803x_GlobalVariableDefs.obj (FlashRegsFile)

CsmRegsFile 
*          1    00000ae0    00000010     UNINITIALIZED
                  00000ae0    00000010     DSP2803x_GlobalVariableDefs.obj (CsmRegsFile)

AdcResultFile 
*          1    00000b00    00000020     UNINITIALIZED
                  00000b00    00000020     DSP2803x_GlobalVariableDefs.obj (AdcResultFile)

CpuTimer0RegsFile 
*          1    00000c00    00000008     UNINITIALIZED
                  00000c00    00000008     DSP2803x_GlobalVariableDefs.obj (CpuTimer0RegsFile)

CpuTimer1RegsFile 
*          1    00000c08    00000008     UNINITIALIZED
                  00000c08    00000008     DSP2803x_GlobalVariableDefs.obj (CpuTimer1RegsFile)

CpuTimer2RegsFile 
*          1    00000c10    00000008     UNINITIALIZED
                  00000c10    00000008     DSP2803x_GlobalVariableDefs.obj (CpuTimer2RegsFile)

PieCtrlRegsFile 
*          1    00000ce0    0000001a     UNINITIALIZED
                  00000ce0    0000001a     DSP2803x_GlobalVariableDefs.obj (PieCtrlRegsFile)

PieVectTableFile 
*          1    00000d00    00000100     UNINITIALIZED
                  00000d00    00000100     DSP2803x_GlobalVariableDefs.obj (PieVectTableFile)

EmuKeyVar 
*          1    00000d00    00000001     UNINITIALIZED
                  00000d00    00000001     DSP2803x_GlobalVariableDefs.obj (EmuKeyVar)

EmuBModeVar 
*          1    00000d01    00000001     UNINITIALIZED
                  00000d01    00000001     DSP2803x_GlobalVariableDefs.obj (EmuBModeVar)

FlashCallbackVar 
*          1    00000d02    00000002     UNINITIALIZED
                  00000d02    00000002     DSP2803x_GlobalVariableDefs.obj (FlashCallbackVar)

FlashScalingVar 
*          1    00000d04    00000002     UNINITIALIZED
                  00000d04    00000002     DSP2803x_GlobalVariableDefs.obj (FlashScalingVar)

Cla1RegsFile 
*          1    00001400    00000040     UNINITIALIZED
                  00001400    00000040     DSP2803x_GlobalVariableDefs.obj (Cla1RegsFile)

ECanaRegsFile 
*          1    00006000    00000034     UNINITIALIZED
                  00006000    00000034     DSP2803x_GlobalVariableDefs.obj (ECanaRegsFile)

ECanaLAMRegsFile 
*          1    00006040    00000040     UNINITIALIZED
                  00006040    00000040     DSP2803x_GlobalVariableDefs.obj (ECanaLAMRegsFile)

ECanaMOTSRegsFile 
*          1    00006080    00000040     UNINITIALIZED
                  00006080    00000040     DSP2803x_GlobalVariableDefs.obj (ECanaMOTSRegsFile)

ECanaMOTORegsFile 
*          1    000060c0    00000040     UNINITIALIZED
                  000060c0    00000040     DSP2803x_GlobalVariableDefs.obj (ECanaMOTORegsFile)

ECanaMboxesFile 
*          1    00006100    00000100     UNINITIALIZED
                  00006100    00000100     DSP2803x_GlobalVariableDefs.obj (ECanaMboxesFile)

Comp1RegsFile 
*          1    00006400    00000014     UNINITIALIZED
                  00006400    00000014     DSP2803x_GlobalVariableDefs.obj (Comp1RegsFile)

Comp2RegsFile 
*          1    00006420    00000014     UNINITIALIZED
                  00006420    00000014     DSP2803x_GlobalVariableDefs.obj (Comp2RegsFile)

Comp3RegsFile 
*          1    00006440    00000014     UNINITIALIZED
                  00006440    00000014     DSP2803x_GlobalVariableDefs.obj (Comp3RegsFile)

EPwm1RegsFile 
*          1    00006800    00000040     UNINITIALIZED
                  00006800    00000040     DSP2803x_GlobalVariableDefs.obj (EPwm1RegsFile)

EPwm2RegsFile 
*          1    00006840    00000040     UNINITIALIZED
                  00006840    00000040     DSP2803x_GlobalVariableDefs.obj (EPwm2RegsFile)

EPwm3RegsFile 
*          1    00006880    00000040     UNINITIALIZED
                  00006880    00000040     DSP2803x_GlobalVariableDefs.obj (EPwm3RegsFile)

EPwm4RegsFile 
*          1    000068c0    00000040     UNINITIALIZED
                  000068c0    00000040     DSP2803x_GlobalVariableDefs.obj (EPwm4RegsFile)

EPwm5RegsFile 
*          1    00006900    00000040     UNINITIALIZED
                  00006900    00000040     DSP2803x_GlobalVariableDefs.obj (EPwm5RegsFile)

EPwm6RegsFile 
*          1    00006940    00000040     UNINITIALIZED
                  00006940    00000040     DSP2803x_GlobalVariableDefs.obj (EPwm6RegsFile)

EPwm7RegsFile 
*          1    00006980    00000040     UNINITIALIZED
                  00006980    00000040     DSP2803x_GlobalVariableDefs.obj (EPwm7RegsFile)

ECap1RegsFile 
*          1    00006a00    00000020     UNINITIALIZED
                  00006a00    00000020     DSP2803x_GlobalVariableDefs.obj (ECap1RegsFile)

EQep1RegsFile 
*          1    00006b00    00000040     UNINITIALIZED
                  00006b00    00000040     DSP2803x_GlobalVariableDefs.obj (EQep1RegsFile)

LinaRegsFile 
*          1    00006c00    0000004a     UNINITIALIZED
                  00006c00    0000004a     DSP2803x_GlobalVariableDefs.obj (LinaRegsFile)

GpioCtrlRegsFile 
*          1    00006f80    00000040     UNINITIALIZED
                  00006f80    00000040     DSP2803x_GlobalVariableDefs.obj (GpioCtrlRegsFile)

GpioDataRegsFile 
*          1    00006fc0    00000020     UNINITIALIZED
                  00006fc0    00000020     DSP2803x_GlobalVariableDefs.obj (GpioDataRegsFile)

GpioIntRegsFile 
*          1    00006fe0    0000000c     UNINITIALIZED
                  00006fe0    0000000c     DSP2803x_GlobalVariableDefs.obj (GpioIntRegsFile)

SysCtrlRegsFile 
*          1    00007010    00000020     UNINITIALIZED
                  00007010    00000020     DSP2803x_GlobalVariableDefs.obj (SysCtrlRegsFile)

SpiaRegsFile 
*          1    00007040    00000010     UNINITIALIZED
                  00007040    00000010     DSP2803x_GlobalVariableDefs.obj (SpiaRegsFile)

SciaRegsFile 
*          1    00007050    00000010     UNINITIALIZED
                  00007050    00000010     DSP2803x_GlobalVariableDefs.obj (SciaRegsFile)

NmiIntruptRegsFile 
*          1    00007060    00000010     UNINITIALIZED
                  00007060    00000010     DSP2803x_GlobalVariableDefs.obj (NmiIntruptRegsFile)

XIntruptRegsFile 
*          1    00007070    00000010     UNINITIALIZED
                  00007070    00000010     DSP2803x_GlobalVariableDefs.obj (XIntruptRegsFile)

AdcRegsFile 
*          1    00007100    00000050     UNINITIALIZED
                  00007100    00000050     DSP2803x_GlobalVariableDefs.obj (AdcRegsFile)

SpibRegsFile 
*          1    00007740    00000010     UNINITIALIZED
                  00007740    00000010     DSP2803x_GlobalVariableDefs.obj (SpibRegsFile)

I2caRegsFile 
*          1    00007900    00000022     UNINITIALIZED
                  00007900    00000022     DSP2803x_GlobalVariableDefs.obj (I2caRegsFile)

.ebss      1    00009320    0000017c     UNINITIALIZED
                  00009320    00000004     rts2800_ml.lib : exit.obj (.ebss)
                  00009324    00000002                    : _lock.obj (.ebss:__lock)
                  00009326    00000002                    : _lock.obj (.ebss:__unlock)
                  00009328    00000018     --HOLE--
                  00009340    0000015c     HVACI_Scalar.obj (.ebss)

PartIdRegsFile 
*          1    003d7e80    00000001     UNINITIALIZED
                  003d7e80    00000001     DSP2803x_GlobalVariableDefs.obj (PartIdRegsFile)

CsmPwlFile 
*          1    003f7ff8    00000008     UNINITIALIZED
                  003f7ff8    00000008     DSP2803x_GlobalVariableDefs.obj (CsmPwlFile)

.pinit     0    003f6000    00000000     UNINITIALIZED

.reset     0    003fffc0    00000002     DSECT
                  003fffc0    00000002     rts2800_ml.lib : boot.obj (.reset)

vectors    0    003fffc2    00000000     DSECT

DLOG       1    00009000    00000320     UNINITIALIZED
                  00009000    00000320     DLOG4CHC.obj (DLOG)


GLOBAL DATA SYMBOLS: SORTED BY DATA PAGE

address     data page           name
--------    ----------------    ----
00000050       1 (00000040)     __stack

00000880      22 (00000880)     _DevEmuRegs

00000985      26 (00000980)     _SysPwrCtrlRegs

00000a80      2a (00000a80)     _FlashRegs

00000ae0      2b (00000ac0)     _CsmRegs

00000b00      2c (00000b00)     _AdcResult

00000c00      30 (00000c00)     _CpuTimer0Regs
00000c08      30 (00000c00)     _CpuTimer1Regs
00000c10      30 (00000c00)     _CpuTimer2Regs

00000ce0      33 (00000cc0)     _PieCtrlRegs

00000d00      34 (00000d00)     _EmuKey
00000d00      34 (00000d00)     _PieVectTable
00000d01      34 (00000d00)     _EmuBMode
00000d02      34 (00000d00)     _Flash_CallbackPtr
00000d04      34 (00000d00)     _Flash_CPUScaleFactor

00001400      50 (00001400)     _Cla1Regs

00006000     180 (00006000)     _ECanaRegs

00006040     181 (00006040)     _ECanaLAMRegs

00006080     182 (00006080)     _ECanaMOTSRegs

000060c0     183 (000060c0)     _ECanaMOTORegs

00006100     184 (00006100)     _ECanaMboxes

00006400     190 (00006400)     _Comp1Regs
00006420     190 (00006400)     _Comp2Regs

00006440     191 (00006440)     _Comp3Regs

00006800     1a0 (00006800)     _EPwm1Regs

00006840     1a1 (00006840)     _EPwm2Regs

00006880     1a2 (00006880)     _EPwm3Regs

000068c0     1a3 (000068c0)     _EPwm4Regs

00006900     1a4 (00006900)     _EPwm5Regs

00006940     1a5 (00006940)     _EPwm6Regs

00006980     1a6 (00006980)     _EPwm7Regs

00006a00     1a8 (00006a00)     _ECap1Regs

00006b00     1ac (00006b00)     _EQep1Regs

00006c00     1b0 (00006c00)     _LinaRegs

00006f80     1be (00006f80)     _GpioCtrlRegs

00006fc0     1bf (00006fc0)     _GpioDataRegs
00006fe0     1bf (00006fc0)     _GpioIntRegs

00007010     1c0 (00007000)     _SysCtrlRegs

00007040     1c1 (00007040)     _SpiaRegs
00007050     1c1 (00007040)     _SciaRegs
00007060     1c1 (00007040)     _NmiIntruptRegs
00007070     1c1 (00007040)     _XIntruptRegs

00007100     1c4 (00007100)     _AdcRegs

00007740     1dd (00007740)     _SpibRegs

00007900     1e4 (00007900)     _I2caRegs

00009320     24c (00009300)     ___TI_cleanup_ptr
00009322     24c (00009300)     ___TI_dtors_ptr
00009324     24c (00009300)     __lock
00009326     24c (00009300)     __unlock

00009340     24d (00009340)     _SerialCommsTimer
00009341     24d (00009340)     _SpeedLoopPrescaler
00009342     24d (00009340)     _DlogCh4
00009343     24d (00009340)     _SpeedLoopCount
00009344     24d (00009340)     _ClosedLoopFlag
00009345     24d (00009340)     _EnableFlag
00009346     24d (00009340)     _DlogCh2
00009347     24d (00009340)     _DlogCh3
00009348     24d (00009340)     _BackTicker
00009349     24d (00009340)     _TripFlagDMC
0000934a     24d (00009340)     _lsw
0000934b     24d (00009340)     _DlogCh1
0000934c     24d (00009340)     _C_Task_Ptr
0000934e     24d (00009340)     _Alpha_State_Ptr
00009350     24d (00009340)     _IsrTicker
00009352     24d (00009340)     _B_Task_Ptr
00009354     24d (00009340)     _A_Task_Ptr
00009356     24d (00009340)     _T
00009358     24d (00009340)     _SpeedRef
0000935a     24d (00009340)     _VTimer0
0000935e     24d (00009340)     _cap1
00009362     24d (00009340)     _VTimer2
00009366     24d (00009340)     _eQEP
0000936a     24d (00009340)     _VTimer1
0000936e     24d (00009340)     _eCAP
00009372     24d (00009340)     _pwmdac1

00009380     24e (00009380)     _pwm1
0000938a     24e (00009380)     _TrigSel
0000939a     24e (00009380)     _ACQPS
000093aa     24e (00009380)     _rc1

000093c0     24f (000093c0)     _ChSel
000093d0     24f (000093c0)     _ePWM
000093e0     24f (000093c0)     _vhz1

00009400     250 (00009400)     _speed2
00009412     250 (00009400)     _qep1
00009424     250 (00009400)     _speed1

00009440     251 (00009440)     _dlog
00009456     251 (00009440)     _pi_spd

00009480     252 (00009480)     _svgen_mf1

003d7e80    f5fa (003d7e80)     _PartIdRegs

003f6c5a    fdb1 (003f6c40)     __IQ24div

003f6ca1    fdb2 (003f6c80)     __IQ24sin

003f7ff8    fdff (003f7fc0)     _CsmPwl

003fe000    ff80 (003fe000)     _IQsinTable

003fe100    ff84 (003fe100)     _IQcosTable

003fe400    ff90 (003fe400)     _IQsinTableEnd

003fe502    ff94 (003fe500)     _IQcosTableEnd
003fe502    ff94 (003fe500)     _IQdivRoundSatTable
003fe510    ff94 (003fe500)     _IQdivTable

003fe712    ff9c (003fe700)     _IQdivTableEnd
003fe712    ff9c (003fe700)     _IQisqrtRoundSatTable
003fe712    ff9c (003fe700)     _IQsqrtRoundSatTable
003fe722    ff9c (003fe700)     _IQisqrtTable
003fe722    ff9c (003fe700)     _IQsqrtTable

003fe824    ffa0 (003fe800)     _IQatan2HalfPITable
003fe824    ffa0 (003fe800)     _IQisqrtTableEnd
003fe824    ffa0 (003fe800)     _IQsqrtTableEnd

003fe862    ffa1 (003fe840)     _IQatan2Table

003fe9e8    ffa7 (003fe9c0)     _IQ30mpyRndSatTable
003fe9e8    ffa7 (003fe9c0)     _IQatan2TableEnd
003fe9e8    ffa7 (003fe9c0)     _IQmpyRndSatTable
003fe9f4    ffa7 (003fe9c0)     _IQ29mpyRndSatTable

003fea00    ffa8 (003fea00)     _IQ28mpyRndSatTable
003fea0c    ffa8 (003fea00)     _IQ27mpyRndSatTable
003fea18    ffa8 (003fea00)     _IQ26mpyRndSatTable
003fea24    ffa8 (003fea00)     _IQ25mpyRndSatTable
003fea30    ffa8 (003fea00)     _IQ24mpyRndSatTable
003fea3c    ffa8 (003fea00)     _IQ23mpyRndSatTable

003fea48    ffa9 (003fea40)     _IQ22mpyRndSatTable
003fea54    ffa9 (003fea40)     _IQ21mpyRndSatTable
003fea60    ffa9 (003fea40)     _IQ20mpyRndSatTable
003fea6c    ffa9 (003fea40)     _IQ19mpyRndSatTable
003fea78    ffa9 (003fea40)     _IQ18mpyRndSatTable

003fea84    ffaa (003fea80)     _IQ17mpyRndSatTable
003fea90    ffaa (003fea80)     _IQ16mpyRndSatTable
003fea9c    ffaa (003fea80)     _IQ15mpyRndSatTable
003feaa8    ffaa (003fea80)     _IQ14mpyRndSatTable
003feab4    ffaa (003fea80)     _IQ13mpyRndSatTable

003feac0    ffab (003feac0)     _IQ12mpyRndSatTable
003feacc    ffab (003feac0)     _IQ11mpyRndSatTable
003fead8    ffab (003feac0)     _IQ10mpyRndSatTable
003feae4    ffab (003feac0)     _IQ9mpyRndSatTable
003feaf0    ffab (003feac0)     _IQ8mpyRndSatTable
003feafc    ffab (003feac0)     _IQ7mpyRndSatTable

003feb08    ffac (003feb00)     _IQ6mpyRndSatTable
003feb14    ffac (003feb00)     _IQ5mpyRndSatTable
003feb20    ffac (003feb00)     _IQ4mpyRndSatTable
003feb2c    ffac (003feb00)     _IQ3mpyRndSatTable
003feb38    ffac (003feb00)     _IQ2mpyRndSatTable

003feb44    ffad (003feb40)     _IQ1mpyRndSatTable
003feb50    ffad (003feb40)     _IQmpyRndSatTableEnd


GLOBAL SYMBOLS: SORTED ALPHABETICALLY BY Name 

page  address   name                 
----  -------   ----                 
0     003f6000  .text                
0     003f6aa7  C$$EXIT              
0     003f67cf  FD$$MPY              
0     003f6a36  FD$$TOL              
0     003f68da  FS$$ADD              
0     003f6852  FS$$DIV              
0     003f694d  FS$$MPY              
0     003f68d5  FS$$SUB              
0     003f6a72  FS$$TOFD             
0     003f6a55  FS$$TOU              
0     003f6ac0  U$$TOFS              
0     003f6524  _A0                  
0     003f6567  _A1                  
0     003f6578  _A2                  
0     003f657e  _A3                  
1     0000939a  _ACQPS               
1     00009354  _A_Task_Ptr          
1     00007100  _AdcRegs             
1     00000b00  _AdcResult           
1     0000934e  _Alpha_State_Ptr     
0     003f653b  _B0                  
0     003f6584  _B1                  
0     003f658a  _B2                  
0     003f6590  _B3                  
1     00009352  _B_Task_Ptr          
1     00009348  _BackTicker          
0     003f6551  _C0                  
0     003f6596  _C1                  
0     003f65bc  _C2                  
0     003f65c2  _C3                  
1     0000934c  _C_Task_Ptr          
1     000093c0  _ChSel               
1     00001400  _Cla1Regs            
1     00009344  _ClosedLoopFlag      
1     00006400  _Comp1Regs           
1     00006420  _Comp2Regs           
1     00006440  _Comp3Regs           
1     00000c00  _CpuTimer0Regs       
1     00000c08  _CpuTimer1Regs       
1     00000c10  _CpuTimer2Regs       
1     003f7ff8  _CsmPwl              
1     00000ae0  _CsmRegs             
0     003f69a7  _DLOG_4CH_init       
0     003f69b2  _DLOG_4CH_update     
0     0000820d  _DSP28x_usDelay      
1     00000880  _DevEmuRegs          
0     003f660e  _DeviceInit          
1     0000934b  _DlogCh1             
1     00009346  _DlogCh2             
1     00009347  _DlogCh3             
1     00009342  _DlogCh4             
1     00006040  _ECanaLAMRegs        
1     000060c0  _ECanaMOTORegs       
1     00006080  _ECanaMOTSRegs       
1     00006100  _ECanaMboxes         
1     00006000  _ECanaRegs           
1     00006a00  _ECap1Regs           
1     00006800  _EPwm1Regs           
1     00006840  _EPwm2Regs           
1     00006880  _EPwm3Regs           
1     000068c0  _EPwm4Regs           
1     00006900  _EPwm5Regs           
1     00006940  _EPwm6Regs           
1     00006980  _EPwm7Regs           
1     00006b00  _EQep1Regs           
1     00000d01  _EmuBMode            
1     00000d00  _EmuKey              
1     00009345  _EnableFlag          
1     00000a80  _FlashRegs           
1     00000d04  _Flash_CPUScaleFactor
1     00000d02  _Flash_CallbackPtr   
1     00006f80  _GpioCtrlRegs        
1     00006fc0  _GpioDataRegs        
1     00006fe0  _GpioIntRegs         
0     003f65c8  _HVDMC_Protection    
1     00007900  _I2caRegs            
0     003fead8  _IQ10mpyRndSatTable  
0     003feacc  _IQ11mpyRndSatTable  
0     003feac0  _IQ12mpyRndSatTable  
0     003feab4  _IQ13mpyRndSatTable  
0     003feaa8  _IQ14mpyRndSatTable  
0     003fea9c  _IQ15mpyRndSatTable  
0     003fea90  _IQ16mpyRndSatTable  
0     003fea84  _IQ17mpyRndSatTable  
0     003fea78  _IQ18mpyRndSatTable  
0     003fea6c  _IQ19mpyRndSatTable  
0     003feb44  _IQ1mpyRndSatTable   
0     003fea60  _IQ20mpyRndSatTable  
0     003fea54  _IQ21mpyRndSatTable  
0     003fea48  _IQ22mpyRndSatTable  
0     003fea3c  _IQ23mpyRndSatTable  
0     003fea30  _IQ24mpyRndSatTable  
0     003fea24  _IQ25mpyRndSatTable  
0     003fea18  _IQ26mpyRndSatTable  
0     003fea0c  _IQ27mpyRndSatTable  
0     003fea00  _IQ28mpyRndSatTable  
0     003fe9f4  _IQ29mpyRndSatTable  
0     003feb38  _IQ2mpyRndSatTable   
0     003fe9e8  _IQ30mpyRndSatTable  
0     003feb2c  _IQ3mpyRndSatTable   
0     003feb20  _IQ4mpyRndSatTable   
0     003feb14  _IQ5mpyRndSatTable   
0     003feb08  _IQ6mpyRndSatTable   
0     003feafc  _IQ7mpyRndSatTable   
0     003feaf0  _IQ8mpyRndSatTable   
0     003feae4  _IQ9mpyRndSatTable   
0     003fe824  _IQatan2HalfPITable  
0     003fe862  _IQatan2Table        
0     003fe9e8  _IQatan2TableEnd     
0     003fe100  _IQcosTable          
0     003fe502  _IQcosTableEnd       
0     003fe502  _IQdivRoundSatTable  
0     003fe510  _IQdivTable          
0     003fe712  _IQdivTableEnd       
0     003fe712  _IQisqrtRoundSatTable
0     003fe722  _IQisqrtTable        
0     003fe824  _IQisqrtTableEnd     
0     003fe9e8  _IQmpyRndSatTable    
0     003feb50  _IQmpyRndSatTableEnd 
0     003fe000  _IQsinTable          
0     003fe400  _IQsinTableEnd       
0     003fe712  _IQsqrtRoundSatTable 
0     003fe722  _IQsqrtTable         
0     003fe824  _IQsqrtTableEnd      
0     003f6ad9  _ISR_ILLEGAL         
0     000081f2  _InitFlash           
1     00009350  _IsrTicker           
1     00006c00  _LinaRegs            
0     00008000  _MainISR             
0     003f67ba  _MemCopy             
1     00007060  _NmiIntruptRegs      
0     003f6743  _PLLset              
1     003d7e80  _PartIdRegs          
0     003f677d  _PieCntlInit         
1     00000ce0  _PieCtrlRegs         
1     00000d00  _PieVectTable        
0     003f679c  _PieVectTableInit    
0     003f0211  _RamfuncsLoadEnd     
0     003f0000  _RamfuncsLoadStart   
0     00008000  _RamfuncsRunStart    
1     00007050  _SciaRegs            
1     00009340  _SerialCommsTimer    
1     00009343  _SpeedLoopCount      
1     00009341  _SpeedLoopPrescaler  
1     00009358  _SpeedRef            
1     00007040  _SpiaRegs            
1     00007740  _SpibRegs            
1     00007010  _SysCtrlRegs         
1     00000985  _SysPwrCtrlRegs      
1     00009356  _T                   
1     0000938a  _TrigSel             
1     00009349  _TripFlagDMC         
1     0000935a  _VTimer0             
1     0000936a  _VTimer1             
1     00009362  _VTimer2             
0     003f673b  _WDogDisable         
1     00007070  _XIntruptRegs        
0     003f6c5a  __IQ24div            
0     003f6ca1  __IQ24sin            
1     000003d0  __STACK_END          
abs   00000380  __STACK_SIZE         
1     00009320  ___TI_cleanup_ptr    
1     00009322  ___TI_dtors_ptr      
abs   ffffffff  ___binit__           
abs   ffffffff  ___c_args__          
0     003f6ade  ___cinit__           
0     003f6ade  ___etext__           
abs   ffffffff  ___pinit__           
0     003f6000  ___text__            
0     003f6a8e  __args_main          
1     00009324  __lock               
0     003f6ad8  __nop                
0     003f6ad4  __register_lock      
0     003f6ad0  __register_unlock    
1     00000050  __stack              
1     00009326  __unlock             
0     003f6aa7  _abort               
0     003f69f2  _c_int00             
1     0000935e  _cap1                
1     00009440  _dlog                
1     0000936e  _eCAP                
1     000093d0  _ePWM                
1     00009366  _eQEP                
0     003f6aa9  _exit                
1     0000934a  _lsw                 
0     003f6000  _main                
1     00009456  _pi_spd              
1     00009380  _pwm1                
1     00009372  _pwmdac1             
1     00009412  _qep1                
1     000093aa  _rc1                 
1     00009424  _speed1              
1     00009400  _speed2              
1     00009480  _svgen_mf1           
1     000093e0  _vhz1                
abs   ffffffff  binit                
0     003f6ade  cinit                
0     003f6ade  etext                
abs   ffffffff  pinit                


GLOBAL SYMBOLS: SORTED BY Symbol Address 

page  address   name                 
----  -------   ----                 
0     00008000  _MainISR             
0     00008000  _RamfuncsRunStart    
0     000081f2  _InitFlash           
0     0000820d  _DSP28x_usDelay      
0     003f0000  _RamfuncsLoadStart   
0     003f0211  _RamfuncsLoadEnd     
0     003f6000  .text                
0     003f6000  ___text__            
0     003f6000  _main                
0     003f6524  _A0                  
0     003f653b  _B0                  
0     003f6551  _C0                  
0     003f6567  _A1                  
0     003f6578  _A2                  
0     003f657e  _A3                  
0     003f6584  _B1                  
0     003f658a  _B2                  
0     003f6590  _B3                  
0     003f6596  _C1                  
0     003f65bc  _C2                  
0     003f65c2  _C3                  
0     003f65c8  _HVDMC_Protection    
0     003f660e  _DeviceInit          
0     003f673b  _WDogDisable         
0     003f6743  _PLLset              
0     003f677d  _PieCntlInit         
0     003f679c  _PieVectTableInit    
0     003f67ba  _MemCopy             
0     003f67cf  FD$$MPY              
0     003f6852  FS$$DIV              
0     003f68d5  FS$$SUB              
0     003f68da  FS$$ADD              
0     003f694d  FS$$MPY              
0     003f69a7  _DLOG_4CH_init       
0     003f69b2  _DLOG_4CH_update     
0     003f69f2  _c_int00             
0     003f6a36  FD$$TOL              
0     003f6a55  FS$$TOU              
0     003f6a72  FS$$TOFD             
0     003f6a8e  __args_main          
0     003f6aa7  C$$EXIT              
0     003f6aa7  _abort               
0     003f6aa9  _exit                
0     003f6ac0  U$$TOFS              
0     003f6ad0  __register_unlock    
0     003f6ad4  __register_lock      
0     003f6ad8  __nop                
0     003f6ad9  _ISR_ILLEGAL         
0     003f6ade  ___cinit__           
0     003f6ade  ___etext__           
0     003f6ade  cinit                
0     003f6ade  etext                
0     003f6c5a  __IQ24div            
0     003f6ca1  __IQ24sin            
0     003fe000  _IQsinTable          
0     003fe100  _IQcosTable          
0     003fe400  _IQsinTableEnd       
0     003fe502  _IQcosTableEnd       
0     003fe502  _IQdivRoundSatTable  
0     003fe510  _IQdivTable          
0     003fe712  _IQdivTableEnd       
0     003fe712  _IQisqrtRoundSatTable
0     003fe712  _IQsqrtRoundSatTable 
0     003fe722  _IQisqrtTable        
0     003fe722  _IQsqrtTable         
0     003fe824  _IQatan2HalfPITable  
0     003fe824  _IQisqrtTableEnd     
0     003fe824  _IQsqrtTableEnd      
0     003fe862  _IQatan2Table        
0     003fe9e8  _IQ30mpyRndSatTable  
0     003fe9e8  _IQatan2TableEnd     
0     003fe9e8  _IQmpyRndSatTable    
0     003fe9f4  _IQ29mpyRndSatTable  
0     003fea00  _IQ28mpyRndSatTable  
0     003fea0c  _IQ27mpyRndSatTable  
0     003fea18  _IQ26mpyRndSatTable  
0     003fea24  _IQ25mpyRndSatTable  
0     003fea30  _IQ24mpyRndSatTable  
0     003fea3c  _IQ23mpyRndSatTable  
0     003fea48  _IQ22mpyRndSatTable  
0     003fea54  _IQ21mpyRndSatTable  
0     003fea60  _IQ20mpyRndSatTable  
0     003fea6c  _IQ19mpyRndSatTable  
0     003fea78  _IQ18mpyRndSatTable  
0     003fea84  _IQ17mpyRndSatTable  
0     003fea90  _IQ16mpyRndSatTable  
0     003fea9c  _IQ15mpyRndSatTable  
0     003feaa8  _IQ14mpyRndSatTable  
0     003feab4  _IQ13mpyRndSatTable  
0     003feac0  _IQ12mpyRndSatTable  
0     003feacc  _IQ11mpyRndSatTable  
0     003fead8  _IQ10mpyRndSatTable  
0     003feae4  _IQ9mpyRndSatTable   
0     003feaf0  _IQ8mpyRndSatTable   
0     003feafc  _IQ7mpyRndSatTable   
0     003feb08  _IQ6mpyRndSatTable   
0     003feb14  _IQ5mpyRndSatTable   
0     003feb20  _IQ4mpyRndSatTable   
0     003feb2c  _IQ3mpyRndSatTable   
0     003feb38  _IQ2mpyRndSatTable   
0     003feb44  _IQ1mpyRndSatTable   
0     003feb50  _IQmpyRndSatTableEnd 
1     00000050  __stack              
1     000003d0  __STACK_END          
1     00000880  _DevEmuRegs          
1     00000985  _SysPwrCtrlRegs      
1     00000a80  _FlashRegs           
1     00000ae0  _CsmRegs             
1     00000b00  _AdcResult           
1     00000c00  _CpuTimer0Regs       
1     00000c08  _CpuTimer1Regs       
1     00000c10  _CpuTimer2Regs       
1     00000ce0  _PieCtrlRegs         
1     00000d00  _EmuKey              
1     00000d00  _PieVectTable        
1     00000d01  _EmuBMode            
1     00000d02  _Flash_CallbackPtr   
1     00000d04  _Flash_CPUScaleFactor
1     00001400  _Cla1Regs            
1     00006000  _ECanaRegs           
1     00006040  _ECanaLAMRegs        
1     00006080  _ECanaMOTSRegs       
1     000060c0  _ECanaMOTORegs       
1     00006100  _ECanaMboxes         
1     00006400  _Comp1Regs           
1     00006420  _Comp2Regs           
1     00006440  _Comp3Regs           
1     00006800  _EPwm1Regs           
1     00006840  _EPwm2Regs           
1     00006880  _EPwm3Regs           
1     000068c0  _EPwm4Regs           
1     00006900  _EPwm5Regs           
1     00006940  _EPwm6Regs           
1     00006980  _EPwm7Regs           
1     00006a00  _ECap1Regs           
1     00006b00  _EQep1Regs           
1     00006c00  _LinaRegs            
1     00006f80  _GpioCtrlRegs        
1     00006fc0  _GpioDataRegs        
1     00006fe0  _GpioIntRegs         
1     00007010  _SysCtrlRegs         
1     00007040  _SpiaRegs            
1     00007050  _SciaRegs            
1     00007060  _NmiIntruptRegs      
1     00007070  _XIntruptRegs        
1     00007100  _AdcRegs             
1     00007740  _SpibRegs            
1     00007900  _I2caRegs            
1     00009320  ___TI_cleanup_ptr    
1     00009322  ___TI_dtors_ptr      
1     00009324  __lock               
1     00009326  __unlock             
1     00009340  _SerialCommsTimer    
1     00009341  _SpeedLoopPrescaler  
1     00009342  _DlogCh4             
1     00009343  _SpeedLoopCount      
1     00009344  _ClosedLoopFlag      
1     00009345  _EnableFlag          
1     00009346  _DlogCh2             
1     00009347  _DlogCh3             
1     00009348  _BackTicker          
1     00009349  _TripFlagDMC         
1     0000934a  _lsw                 
1     0000934b  _DlogCh1             
1     0000934c  _C_Task_Ptr          
1     0000934e  _Alpha_State_Ptr     
1     00009350  _IsrTicker           
1     00009352  _B_Task_Ptr          
1     00009354  _A_Task_Ptr          
1     00009356  _T                   
1     00009358  _SpeedRef            
1     0000935a  _VTimer0             
1     0000935e  _cap1                
1     00009362  _VTimer2             
1     00009366  _eQEP                
1     0000936a  _VTimer1             
1     0000936e  _eCAP                
1     00009372  _pwmdac1             
1     00009380  _pwm1                
1     0000938a  _TrigSel             
1     0000939a  _ACQPS               
1     000093aa  _rc1                 
1     000093c0  _ChSel               
1     000093d0  _ePWM                
1     000093e0  _vhz1                
1     00009400  _speed2              
1     00009412  _qep1                
1     00009424  _speed1              
1     00009440  _dlog                
1     00009456  _pi_spd              
1     00009480  _svgen_mf1           
1     003d7e80  _PartIdRegs          
1     003f7ff8  _CsmPwl              
abs   00000380  __STACK_SIZE         
abs   ffffffff  ___binit__           
abs   ffffffff  ___c_args__          
abs   ffffffff  ___pinit__           
abs   ffffffff  binit                
abs   ffffffff  pinit                

[199 symbols]
