******************************************************************************
             TMS320C2000 Linker PC v6.4.6                      
******************************************************************************
>> Linked Wed Dec 09 10:59:38 2015

OUTPUT FILE NAME:   <Example_F2802xEPwmUpDownAQ.out>
ENTRY POINT SYMBOL: "code_start"  address: 00000000


MEMORY CONFIGURATION

         name            origin    length      used     unused   attr    fill
----------------------  --------  ---------  --------  --------  ----  --------
PAGE 0:
  BEGIN                 00000000   00000002  00000002  00000000  RWIX
  RAMM0                 00000050   000003b0  000003b0  00000000  RWIX
  RAML0                 00008000   00000400  000003a4  0000005c  RWIX
  IQTABLES              003fe000   00000b50  00000076  00000ada  RWIX
  IQTABLES2             003feb50   0000008c  00000000  0000008c  RWIX
  IQTABLES3             003febdc   000000aa  00000000  000000aa  RWIX
  BOOTROM               003ff27c   00000d44  00000000  00000d44  RWIX
  RESET                 003fffc0   00000002  00000000  00000002  RWIX

PAGE 1:
  BOOT_RSVD             00000002   0000004e  00000000  0000004e  RWIX
  RAMM1                 00000400   00000400  00000335  000000cb  RWIX
  DEV_EMU               00000880   00000105  00000000  00000105  RWIX
  SYS_PWR_CTL           00000985   00000003  00000000  00000003  RWIX
  FLASH_REGS            00000a80   00000060  00000000  00000060  RWIX
  CSM                   00000ae0   00000010  00000000  00000010  RWIX
  ADC_RESULT            00000b00   00000020  00000000  00000020  RWIX
  CPU_TIMER0            00000c00   00000008  00000000  00000008  RWIX
  CPU_TIMER1            00000c08   00000008  00000000  00000008  RWIX
  CPU_TIMER2            00000c10   00000008  00000000  00000008  RWIX
  PIE_CTRL              00000ce0   00000020  00000000  00000020  RWIX
  PIE_VECT              00000d00   00000100  00000000  00000100  RWIX
  COMP1                 00006400   00000020  00000000  00000020  RWIX
  COMP2                 00006420   00000020  00000000  00000020  RWIX
  EPWM1                 00006800   00000040  00000000  00000040  RWIX
  EPWM2                 00006840   00000040  00000000  00000040  RWIX
  EPWM3                 00006880   00000040  00000000  00000040  RWIX
  EPWM4                 000068c0   00000040  00000000  00000040  RWIX
  ECAP1                 00006a00   00000020  00000000  00000020  RWIX
  GPIOCTRL              00006f80   00000040  00000000  00000040  RWIX
  GPIODAT               00006fc0   00000020  00000000  00000020  RWIX
  GPIOINT               00006fe0   00000020  00000000  00000020  RWIX
  SYSTEM                00007010   00000020  00000000  00000020  RWIX
  SPIA                  00007040   00000010  00000000  00000010  RWIX
  SCIA                  00007050   00000010  00000000  00000010  RWIX
  NMIINTRUPT            00007060   00000010  00000000  00000010  RWIX
  XINTRUPT              00007070   00000010  00000000  00000010  RWIX
  ADC                   00007100   00000080  00000000  00000080  RWIX
  I2CA                  00007900   00000040  00000000  00000040  RWIX
  PARTID                003d7fff   00000001  00000000  00000001  RWIX
  CSM_PWL               003f7ff8   00000008  00000000  00000008  RWIX


SECTION ALLOCATION MAP

 output                                  attributes/
section   page    origin      length       input sections
--------  ----  ----------  ----------   ----------------
codestart 
*          0    00000000    00000002     
                  00000000    00000002     driverlib.lib : F2802x_asmfuncs.obj (codestart)

.cinit     0    00008382    00000016     
                  00008382    0000000a     rts2800_ml.lib : exit.obj (.cinit)
                  0000838c    00000005                    : _lock.obj (.cinit:__lock)
                  00008391    00000005                    : _lock.obj (.cinit:__unlock)
                  00008396    00000002     --HOLE-- [fill = 0]

.pinit     0    00000050    00000000     UNINITIALIZED

.reset     0    003fffc0    00000002     DSECT
                  003fffc0    00000002     rts2800_ml.lib : boot.obj (.reset)

.text.1    0    00000050    000003b0     
                  00000050    00000392     Example_2802xEPwmUpDownAQ.obj (.text)
                  000003e2    00000019     rts2800_ml.lib : args_main.obj (.text)
                  000003fb    00000005     driverlib.lib : F2802x_DefaultIsr.obj (.text:_ADCINT1_ISR)

.text.2    0    00008000    00000382     
                  00008000    0000005d     Example_2802xEPwmUpDownAQ.obj (.text:retain)
                  0000805d    00000049     driverlib.lib : gpio.obj (.text:_GPIO_setMode)
                  000080a6    00000044     rts2800_ml.lib : boot.obj (.text)
                  000080ea    00000034     driverlib.lib : gpio.obj (.text:_GPIO_setPullUp)
                  0000811e    00000019     rts2800_ml.lib : exit.obj (.text)
                  00008137    00000015     driverlib.lib : pll.obj (.text:_PLL_setup)
                  0000814c    00000012                   : F2802x_asmfuncs.obj (.text)
                  0000815e    00000011                   : pie.obj (.text:_PIE_setDebugIntVectorTable)
                  0000816f    0000000f                   : pie.obj (.text:_PIE_disableAllInts)
                  0000817e    0000000f                   : pie.obj (.text:_PIE_registerPieIntHandler)
                  0000818d    0000000d                   : pie.obj (.text:_PIE_enablePwmInt)
                  0000819a    00000009                   : clk.obj (.text:_CLK_enablePwmClock)
                  000081a3    00000009                   : pwm.obj (.text:_PWM_setActionQual_CntDown_CmpA_PwmA)
                  000081ac    00000009                   : pwm.obj (.text:_PWM_setActionQual_CntDown_CmpB_PwmB)
                  000081b5    00000009                   : pwm.obj (.text:_PWM_setActionQual_CntUp_CmpA_PwmA)
                  000081be    00000009                   : pwm.obj (.text:_PWM_setActionQual_CntUp_CmpB_PwmB)
                  000081c7    00000009     rts2800_ml.lib : _lock.obj (.text)
                  000081d0    00000008     driverlib.lib : pie.obj (.text:_PIE_init)
                  000081d8    00000008                   : wdog.obj (.text:_WDOG_disable)
                  000081e0    00000007                   : clk.obj (.text:_CLK_disableAdcClock)
                  000081e7    00000007                   : clk.obj (.text:_CLK_disableTbClockSync)
                  000081ee    00000007                   : clk.obj (.text:_CLK_enableAdcClock)
                  000081f5    00000007                   : clk.obj (.text:_CLK_enableTbClockSync)
                  000081fc    00000007                   : clk.obj (.text:_CLK_init)
                  00008203    00000007                   : clk.obj (.text:_CLK_setOscSrc)
                  0000820a    00000007                   : flash.obj (.text:_FLASH_init)
                  00008211    00000007                   : gpio.obj (.text:_GPIO_init)
                  00008218    00000007                   : pll.obj (.text:_PLL_init)
                  0000821f    00000007                   : pll.obj (.text:_PLL_setDivider)
                  00008226    00000007                   : pwm.obj (.text:_PWM_init)
                  0000822d    00000007                   : pwm.obj (.text:_PWM_setIntMode)
                  00008234    00000007                   : pwm.obj (.text:_PWM_setIntPeriod)
                  0000823b    00000007                   : wdog.obj (.text:_WDOG_init)
                  00008242    00000006                   : pll.obj (.text:_PLL_setMultiplier)
                  00008248    00000006                   : pwm.obj (.text:_PWM_setLoadMode_CmpB)
                  0000824e    00000006                   : pwm.obj (.text:_PWM_setShadowMode_CmpA)
                  00008254    00000006                   : pwm.obj (.text:_PWM_setShadowMode_CmpB)
                  0000825a    00000005                   : F2802x_DefaultIsr.obj (.text:_ADCINT2_ISR)
                  0000825f    00000005                   : F2802x_DefaultIsr.obj (.text:_ADCINT3_ISR)
                  00008264    00000005                   : F2802x_DefaultIsr.obj (.text:_ADCINT4_ISR)
                  00008269    00000005                   : F2802x_DefaultIsr.obj (.text:_ADCINT5_ISR)
                  0000826e    00000005                   : F2802x_DefaultIsr.obj (.text:_ADCINT6_ISR)
                  00008273    00000005                   : F2802x_DefaultIsr.obj (.text:_ADCINT7_ISR)
                  00008278    00000005                   : F2802x_DefaultIsr.obj (.text:_ADCINT8_ISR)
                  0000827d    00000005                   : F2802x_DefaultIsr.obj (.text:_ADCINT9_ISR)
                  00008282    00000005                   : F2802x_DefaultIsr.obj (.text:_DATALOG_ISR)
                  00008287    00000005                   : F2802x_DefaultIsr.obj (.text:_ECAP1_INT_ISR)
                  0000828c    00000005                   : F2802x_DefaultIsr.obj (.text:_EMUINT_ISR)
                  00008291    00000005                   : F2802x_DefaultIsr.obj (.text:_EPWM1_INT_ISR)
                  00008296    00000005                   : F2802x_DefaultIsr.obj (.text:_EPWM1_TZINT_ISR)
                  0000829b    00000005                   : F2802x_DefaultIsr.obj (.text:_EPWM2_INT_ISR)
                  000082a0    00000005                   : F2802x_DefaultIsr.obj (.text:_EPWM2_TZINT_ISR)
                  000082a5    00000005                   : F2802x_DefaultIsr.obj (.text:_EPWM3_INT_ISR)
                  000082aa    00000005                   : F2802x_DefaultIsr.obj (.text:_EPWM3_TZINT_ISR)
                  000082af    00000005                   : F2802x_DefaultIsr.obj (.text:_I2CINT1A_ISR)
                  000082b4    00000005                   : F2802x_DefaultIsr.obj (.text:_I2CINT2A_ISR)
                  000082b9    00000005                   : F2802x_DefaultIsr.obj (.text:_ILLEGAL_ISR)
                  000082be    00000005                   : F2802x_DefaultIsr.obj (.text:_INT13_ISR)
                  000082c3    00000005                   : F2802x_DefaultIsr.obj (.text:_INT14_ISR)
                  000082c8    00000005                   : F2802x_DefaultIsr.obj (.text:_NMI_ISR)
                  000082cd    00000005                   : F2802x_DefaultIsr.obj (.text:_PIE_RESERVED)
                  000082d2    00000005                   : F2802x_DefaultIsr.obj (.text:_RTOSINT_ISR)
                  000082d7    00000005                   : F2802x_DefaultIsr.obj (.text:_SCIRXINTA_ISR)
                  000082dc    00000005                   : F2802x_DefaultIsr.obj (.text:_SCITXINTA_ISR)
                  000082e1    00000005                   : F2802x_DefaultIsr.obj (.text:_SPIRXINTA_ISR)
                  000082e6    00000005                   : F2802x_DefaultIsr.obj (.text:_SPITXINTA_ISR)
                  000082eb    00000005                   : F2802x_DefaultIsr.obj (.text:_TINT0_ISR)
                  000082f0    00000005                   : F2802x_DefaultIsr.obj (.text:_USER10_ISR)
                  000082f5    00000005                   : F2802x_DefaultIsr.obj (.text:_USER11_ISR)
                  000082fa    00000005                   : F2802x_DefaultIsr.obj (.text:_USER12_ISR)
                  000082ff    00000005                   : F2802x_DefaultIsr.obj (.text:_USER1_ISR)
                  00008304    00000005                   : F2802x_DefaultIsr.obj (.text:_USER2_ISR)
                  00008309    00000005                   : F2802x_DefaultIsr.obj (.text:_USER3_ISR)
                  0000830e    00000005                   : F2802x_DefaultIsr.obj (.text:_USER4_ISR)
                  00008313    00000005                   : F2802x_DefaultIsr.obj (.text:_USER5_ISR)
                  00008318    00000005                   : F2802x_DefaultIsr.obj (.text:_USER6_ISR)
                  0000831d    00000005                   : F2802x_DefaultIsr.obj (.text:_USER7_ISR)
                  00008322    00000005                   : F2802x_DefaultIsr.obj (.text:_USER8_ISR)
                  00008327    00000005                   : F2802x_DefaultIsr.obj (.text:_USER9_ISR)
                  0000832c    00000005                   : F2802x_DefaultIsr.obj (.text:_WAKEINT_ISR)
                  00008331    00000005                   : F2802x_DefaultIsr.obj (.text:_XINT1_ISR)
                  00008336    00000005                   : F2802x_DefaultIsr.obj (.text:_XINT2_ISR)
                  0000833b    00000005                   : F2802x_DefaultIsr.obj (.text:_XINT3_ISR)
                  00008340    00000005                   : F2802x_DefaultIsr.obj (.text:_rsvd_ISR)
                  00008345    00000004                   : cpu.obj (.text:_CPU_enableInt)
                  00008349    00000004                   : cpu.obj (.text:_CPU_init)
                  0000834d    00000004                   : pwm.obj (.text:_PWM_enableInt)
                  00008351    00000004                   : pwm.obj (.text:_PWM_setClkDiv)
                  00008355    00000004                   : pwm.obj (.text:_PWM_setCounterMode)
                  00008359    00000004                   : pwm.obj (.text:_PWM_setHighSpeedClkDiv)
                  0000835d    00000004                   : pwm.obj (.text:_PWM_setLoadMode_CmpA)
                  00008361    00000003                   : cpu.obj (.text:_CPU_clearIntFlags)
                  00008364    00000003                   : cpu.obj (.text:_CPU_disableGlobalInts)
                  00008367    00000003                   : cpu.obj (.text:_CPU_enableDebugInt)
                  0000836a    00000003                   : cpu.obj (.text:_CPU_enableGlobalInts)
                  0000836d    00000003                   : pie.obj (.text:_PIE_disable)
                  00008370    00000003                   : pie.obj (.text:_PIE_enable)
                  00008373    00000003                   : pll.obj (.text:_PLL_getClkStatus)
                  00008376    00000003                   : pll.obj (.text:_PLL_getLockStatus)
                  00008379    00000003                   : pwm.obj (.text:_PWM_disableCounterLoad)
                  0000837c    00000002                   : pwm.obj (.text:_PWM_setCount)
                  0000837e    00000002                   : pwm.obj (.text:_PWM_setPeriod)
                  00008380    00000002                   : pwm.obj (.text:_PWM_setPhase)

ramfuncs   0    00008398    00000004     
                  00008398    00000004     driverlib.lib : F2802x_asmfuncs.obj (ramfuncs)

csmpasswds 
*          0    0000839c    00000008     
                  0000839c    00000008     driverlib.lib : F2802x_asmfuncs.obj (csmpasswds)

csm_rsvd   0    003fe000    00000076     
                  003fe000    00000076     driverlib.lib : F2802x_asmfuncs.obj (csm_rsvd)

.stack     1    00000400    00000200     UNINITIALIZED
                  00000400    00000200     --HOLE--

.econst    1    00000600    00000100     
                  00000600    00000100     driverlib.lib : pie.obj (.econst:_PIE_tableDebugInit)

.ebss      1    00000700    00000035     UNINITIALIZED
                  00000700    0000002c     Example_2802xEPwmUpDownAQ.obj (.ebss)
                  0000072c    00000004     rts2800_ml.lib : exit.obj (.ebss)
                  00000730    00000002                    : _lock.obj (.ebss:__lock)
                  00000732    00000002                    : _lock.obj (.ebss:__unlock)
                  00000734    00000001     driverlib.lib : cpu.obj (.ebss)


GLOBAL DATA SYMBOLS: SORTED BY DATA PAGE

address     data page           name
--------    ----------------    ----
00000400      10 (00000400)     __stack

00000600      18 (00000600)     _PIE_tableDebugInit

00000700      1c (00000700)     _myPwm1
00000702      1c (00000700)     _myFlash
00000704      1c (00000700)     _myGpio
00000706      1c (00000700)     _myPwm3
00000708      1c (00000700)     _myClk
0000070a      1c (00000700)     _myPie
0000070c      1c (00000700)     _myPwm2
0000070e      1c (00000700)     _epwm1_info
00000718      1c (00000700)     _epwm3_info
00000722      1c (00000700)     _epwm2_info
0000072c      1c (00000700)     ___TI_cleanup_ptr
0000072e      1c (00000700)     ___TI_dtors_ptr
00000730      1c (00000700)     __lock
00000732      1c (00000700)     __unlock
00000734      1c (00000700)     _cpu


GLOBAL SYMBOLS: SORTED ALPHABETICALLY BY Name 

page  address   name                                
----  -------   ----                                
abs   ffffffff  .text                               
0     0000811e  C$$EXIT                             
0     000003fb  _ADCINT1_ISR                        
0     0000825a  _ADCINT2_ISR                        
0     0000825f  _ADCINT3_ISR                        
0     00008264  _ADCINT4_ISR                        
0     00008269  _ADCINT5_ISR                        
0     0000826e  _ADCINT6_ISR                        
0     00008273  _ADCINT7_ISR                        
0     00008278  _ADCINT8_ISR                        
0     0000827d  _ADCINT9_ISR                        
0     000081e0  _CLK_disableAdcClock                
0     000081e7  _CLK_disableTbClockSync             
0     000081ee  _CLK_enableAdcClock                 
0     0000819a  _CLK_enablePwmClock                 
0     000081f5  _CLK_enableTbClockSync              
0     000081fc  _CLK_init                           
0     00008203  _CLK_setOscSrc                      
0     00008361  _CPU_clearIntFlags                  
0     00008364  _CPU_disableGlobalInts              
0     00008367  _CPU_enableDebugInt                 
0     0000836a  _CPU_enableGlobalInts               
0     00008345  _CPU_enableInt                      
0     00008349  _CPU_init                           
0     00008282  _DATALOG_ISR                        
0     00008157  _DSP28x_DisableInt                  
0     0000815b  _DSP28x_RestoreInt                  
0     00008398  _DSP28x_usDelay                     
0     00008287  _ECAP1_INT_ISR                      
0     0000828c  _EMUINT_ISR                         
0     00008291  _EPWM1_INT_ISR                      
0     00008296  _EPWM1_TZINT_ISR                    
0     0000829b  _EPWM2_INT_ISR                      
0     000082a0  _EPWM2_TZINT_ISR                    
0     000082a5  _EPWM3_INT_ISR                      
0     000082aa  _EPWM3_TZINT_ISR                    
0     0000820a  _FLASH_init                         
0     00008211  _GPIO_init                          
0     0000805d  _GPIO_setMode                       
0     000080ea  _GPIO_setPullUp                     
0     000082af  _I2CINT1A_ISR                       
0     000082b4  _I2CINT2A_ISR                       
0     000082b9  _ILLEGAL_ISR                        
0     000082be  _INT13_ISR                          
0     000082c3  _INT14_ISR                          
0     000001b0  _InitEPwm1Example                   
0     0000023c  _InitEPwm2Example                   
0     000002c9  _InitEPwm3Example                   
0     000082c8  _NMI_ISR                            
0     000082cd  _PIE_RESERVED                       
0     0000836d  _PIE_disable                        
0     0000816f  _PIE_disableAllInts                 
0     00008370  _PIE_enable                         
0     0000818d  _PIE_enablePwmInt                   
0     000081d0  _PIE_init                           
0     0000817e  _PIE_registerPieIntHandler          
0     0000815e  _PIE_setDebugIntVectorTable         
1     00000600  _PIE_tableDebugInit                 
0     00008373  _PLL_getClkStatus                   
0     00008376  _PLL_getLockStatus                  
0     00008218  _PLL_init                           
0     0000821f  _PLL_setDivider                     
0     00008242  _PLL_setMultiplier                  
0     00008137  _PLL_setup                          
0     00008379  _PWM_disableCounterLoad             
0     0000834d  _PWM_enableInt                      
0     00008226  _PWM_init                           
0     000081a3  _PWM_setActionQual_CntDown_CmpA_PwmA
0     000081ac  _PWM_setActionQual_CntDown_CmpB_PwmB
0     000081b5  _PWM_setActionQual_CntUp_CmpA_PwmA  
0     000081be  _PWM_setActionQual_CntUp_CmpB_PwmB  
0     00008351  _PWM_setClkDiv                      
0     0000837c  _PWM_setCount                       
0     00008355  _PWM_setCounterMode                 
0     00008359  _PWM_setHighSpeedClkDiv             
0     0000822d  _PWM_setIntMode                     
0     00008234  _PWM_setIntPeriod                   
0     0000835d  _PWM_setLoadMode_CmpA               
0     00008248  _PWM_setLoadMode_CmpB               
0     0000837e  _PWM_setPeriod                      
0     00008380  _PWM_setPhase                       
0     0000824e  _PWM_setShadowMode_CmpA             
0     00008254  _PWM_setShadowMode_CmpB             
0     000082d2  _RTOSINT_ISR                        
0     000082d7  _SCIRXINTA_ISR                      
0     000082dc  _SCITXINTA_ISR                      
0     000082e1  _SPIRXINTA_ISR                      
0     000082e6  _SPITXINTA_ISR                      
0     000082eb  _TINT0_ISR                          
0     000082f0  _USER10_ISR                         
0     000082f5  _USER11_ISR                         
0     000082fa  _USER12_ISR                         
0     000082ff  _USER1_ISR                          
0     00008304  _USER2_ISR                          
0     00008309  _USER3_ISR                          
0     0000830e  _USER4_ISR                          
0     00008313  _USER5_ISR                          
0     00008318  _USER6_ISR                          
0     0000831d  _USER7_ISR                          
0     00008322  _USER8_ISR                          
0     00008327  _USER9_ISR                          
0     0000832c  _WAKEINT_ISR                        
0     000081d8  _WDOG_disable                       
0     0000823b  _WDOG_init                          
0     00008331  _XINT1_ISR                          
0     00008336  _XINT2_ISR                          
0     0000833b  _XINT3_ISR                          
1     00000600  __STACK_END                         
abs   00000200  __STACK_SIZE                        
1     0000072c  ___TI_cleanup_ptr                   
1     0000072e  ___TI_dtors_ptr                     
abs   ffffffff  ___binit__                          
abs   ffffffff  ___c_args__                         
0     00008382  ___cinit__                          
abs   ffffffff  ___etext__                          
abs   ffffffff  ___pinit__                          
abs   ffffffff  ___text__                           
0     000003e2  __args_main                         
1     00000730  __lock                              
0     000081cf  __nop                               
0     000081cb  __register_lock                     
0     000081c7  __register_unlock                   
1     00000400  __stack                             
1     00000732  __unlock                            
0     0000811e  _abort                              
0     000080a6  _c_int00                            
1     00000734  _cpu                                
1     0000070e  _epwm1_info                         
0     00008000  _epwm1_isr                          
1     00000722  _epwm2_info                         
0     0000801f  _epwm2_isr                          
1     00000718  _epwm3_info                         
0     0000803e  _epwm3_isr                          
0     00008120  _exit                               
0     00000092  _main                               
1     00000708  _myClk                              
1     00000702  _myFlash                            
1     00000704  _myGpio                             
1     0000070a  _myPie                              
1     00000700  _myPwm1                             
1     0000070c  _myPwm2                             
1     00000706  _myPwm3                             
0     00008340  _rsvd_ISR                           
0     00008154  _setDBGIER                          
0     00000355  _update_compare                     
abs   ffffffff  binit                               
0     00008382  cinit                               
0     00000000  code_start                          
abs   ffffffff  etext                               
abs   ffffffff  pinit                               


GLOBAL SYMBOLS: SORTED BY Symbol Address 

page  address   name                                
----  -------   ----                                
0     00000000  code_start                          
0     00000092  _main                               
0     000001b0  _InitEPwm1Example                   
0     0000023c  _InitEPwm2Example                   
0     000002c9  _InitEPwm3Example                   
0     00000355  _update_compare                     
0     000003e2  __args_main                         
0     000003fb  _ADCINT1_ISR                        
0     00008000  _epwm1_isr                          
0     0000801f  _epwm2_isr                          
0     0000803e  _epwm3_isr                          
0     0000805d  _GPIO_setMode                       
0     000080a6  _c_int00                            
0     000080ea  _GPIO_setPullUp                     
0     0000811e  C$$EXIT                             
0     0000811e  _abort                              
0     00008120  _exit                               
0     00008137  _PLL_setup                          
0     00008154  _setDBGIER                          
0     00008157  _DSP28x_DisableInt                  
0     0000815b  _DSP28x_RestoreInt                  
0     0000815e  _PIE_setDebugIntVectorTable         
0     0000816f  _PIE_disableAllInts                 
0     0000817e  _PIE_registerPieIntHandler          
0     0000818d  _PIE_enablePwmInt                   
0     0000819a  _CLK_enablePwmClock                 
0     000081a3  _PWM_setActionQual_CntDown_CmpA_PwmA
0     000081ac  _PWM_setActionQual_CntDown_CmpB_PwmB
0     000081b5  _PWM_setActionQual_CntUp_CmpA_PwmA  
0     000081be  _PWM_setActionQual_CntUp_CmpB_PwmB  
0     000081c7  __register_unlock                   
0     000081cb  __register_lock                     
0     000081cf  __nop                               
0     000081d0  _PIE_init                           
0     000081d8  _WDOG_disable                       
0     000081e0  _CLK_disableAdcClock                
0     000081e7  _CLK_disableTbClockSync             
0     000081ee  _CLK_enableAdcClock                 
0     000081f5  _CLK_enableTbClockSync              
0     000081fc  _CLK_init                           
0     00008203  _CLK_setOscSrc                      
0     0000820a  _FLASH_init                         
0     00008211  _GPIO_init                          
0     00008218  _PLL_init                           
0     0000821f  _PLL_setDivider                     
0     00008226  _PWM_init                           
0     0000822d  _PWM_setIntMode                     
0     00008234  _PWM_setIntPeriod                   
0     0000823b  _WDOG_init                          
0     00008242  _PLL_setMultiplier                  
0     00008248  _PWM_setLoadMode_CmpB               
0     0000824e  _PWM_setShadowMode_CmpA             
0     00008254  _PWM_setShadowMode_CmpB             
0     0000825a  _ADCINT2_ISR                        
0     0000825f  _ADCINT3_ISR                        
0     00008264  _ADCINT4_ISR                        
0     00008269  _ADCINT5_ISR                        
0     0000826e  _ADCINT6_ISR                        
0     00008273  _ADCINT7_ISR                        
0     00008278  _ADCINT8_ISR                        
0     0000827d  _ADCINT9_ISR                        
0     00008282  _DATALOG_ISR                        
0     00008287  _ECAP1_INT_ISR                      
0     0000828c  _EMUINT_ISR                         
0     00008291  _EPWM1_INT_ISR                      
0     00008296  _EPWM1_TZINT_ISR                    
0     0000829b  _EPWM2_INT_ISR                      
0     000082a0  _EPWM2_TZINT_ISR                    
0     000082a5  _EPWM3_INT_ISR                      
0     000082aa  _EPWM3_TZINT_ISR                    
0     000082af  _I2CINT1A_ISR                       
0     000082b4  _I2CINT2A_ISR                       
0     000082b9  _ILLEGAL_ISR                        
0     000082be  _INT13_ISR                          
0     000082c3  _INT14_ISR                          
0     000082c8  _NMI_ISR                            
0     000082cd  _PIE_RESERVED                       
0     000082d2  _RTOSINT_ISR                        
0     000082d7  _SCIRXINTA_ISR                      
0     000082dc  _SCITXINTA_ISR                      
0     000082e1  _SPIRXINTA_ISR                      
0     000082e6  _SPITXINTA_ISR                      
0     000082eb  _TINT0_ISR                          
0     000082f0  _USER10_ISR                         
0     000082f5  _USER11_ISR                         
0     000082fa  _USER12_ISR                         
0     000082ff  _USER1_ISR                          
0     00008304  _USER2_ISR                          
0     00008309  _USER3_ISR                          
0     0000830e  _USER4_ISR                          
0     00008313  _USER5_ISR                          
0     00008318  _USER6_ISR                          
0     0000831d  _USER7_ISR                          
0     00008322  _USER8_ISR                          
0     00008327  _USER9_ISR                          
0     0000832c  _WAKEINT_ISR                        
0     00008331  _XINT1_ISR                          
0     00008336  _XINT2_ISR                          
0     0000833b  _XINT3_ISR                          
0     00008340  _rsvd_ISR                           
0     00008345  _CPU_enableInt                      
0     00008349  _CPU_init                           
0     0000834d  _PWM_enableInt                      
0     00008351  _PWM_setClkDiv                      
0     00008355  _PWM_setCounterMode                 
0     00008359  _PWM_setHighSpeedClkDiv             
0     0000835d  _PWM_setLoadMode_CmpA               
0     00008361  _CPU_clearIntFlags                  
0     00008364  _CPU_disableGlobalInts              
0     00008367  _CPU_enableDebugInt                 
0     0000836a  _CPU_enableGlobalInts               
0     0000836d  _PIE_disable                        
0     00008370  _PIE_enable                         
0     00008373  _PLL_getClkStatus                   
0     00008376  _PLL_getLockStatus                  
0     00008379  _PWM_disableCounterLoad             
0     0000837c  _PWM_setCount                       
0     0000837e  _PWM_setPeriod                      
0     00008380  _PWM_setPhase                       
0     00008382  ___cinit__                          
0     00008382  cinit                               
0     00008398  _DSP28x_usDelay                     
1     00000400  __stack                             
1     00000600  _PIE_tableDebugInit                 
1     00000600  __STACK_END                         
1     00000700  _myPwm1                             
1     00000702  _myFlash                            
1     00000704  _myGpio                             
1     00000706  _myPwm3                             
1     00000708  _myClk                              
1     0000070a  _myPie                              
1     0000070c  _myPwm2                             
1     0000070e  _epwm1_info                         
1     00000718  _epwm3_info                         
1     00000722  _epwm2_info                         
1     0000072c  ___TI_cleanup_ptr                   
1     0000072e  ___TI_dtors_ptr                     
1     00000730  __lock                              
1     00000732  __unlock                            
1     00000734  _cpu                                
abs   00000200  __STACK_SIZE                        
abs   ffffffff  .text                               
abs   ffffffff  ___binit__                          
abs   ffffffff  ___c_args__                         
abs   ffffffff  ___etext__                          
abs   ffffffff  ___pinit__                          
abs   ffffffff  ___text__                           
abs   ffffffff  binit                               
abs   ffffffff  etext                               
abs   ffffffff  pinit                               

[150 symbols]
