******************************************************************************
             TMS320C2000 Linker PC v6.1.1                      
******************************************************************************
>> Linked Wed Oct 31 14:21:35 2012

OUTPUT FILE NAME:   <ProjectName.out>
ENTRY POINT SYMBOL: "_c_int00"  address: 003f65e3


MEMORY CONFIGURATION

         name            origin    length      used     unused   attr    fill
----------------------  --------  ---------  --------  --------  ----  --------
PAGE 0:
  RAML0                 00008000   00000800  00000047  000007b9  RWIX
  RAML3                 00009000   00001000  0000006c  00000f94  RWIX
  OTP                   003d7800   00000400  00000000  00000400  RWIX
  FLASHH                003e8000   00002000  00000000  00002000  RWIX
  FLASHG                003ea000   00002000  00000000  00002000  RWIX
  FLASHF                003ec000   00002000  00000000  00002000  RWIX
  FLASHE                003ee000   00002000  00000000  00002000  RWIX
  FLASHD                003f0000   00002000  00000047  00001fb9  RWIX
  FLASHC                003f2000   00002000  0000006c  00001f94  RWIX
  FLASHA                003f6000   00001f80  0000070e  00001872  RWIX
  CSM_RSVD              003f7f80   00000076  00000000  00000076  RWIX
  BEGIN                 003f7ff6   00000002  00000002  00000000  RWIX
  CSM_PWL               003f7ff8   00000008  00000000  00000008  RWIX
  IQTABLES              003fe000   00000b50  00000000  00000b50  RWIX
  IQTABLES2             003feb50   0000008c  00000000  0000008c  RWIX
  IQTABLES3             003febdc   000000aa  00000000  000000aa  RWIX
  BOOTROM               003ff27c   00000d44  00000000  00000d44  RWIX
  RESET                 003fffc0   00000002  00000000  00000002  RWIX
  VECTORS               003fffc2   0000003e  00000000  0000003e  RWIX

PAGE 1:
  BOOT_RSVD             00000000   00000050  00000000  00000050  RWIX
  RAMM0                 00000050   000003b0  00000200  000001b0  RWIX
  RAMM1                 00000400   00000400  00000128  000002d8  RWIX
  DEV_EMU               00000880   00000105  00000004  00000101  RWIX
  SYS_PWR_CTL           00000985   00000003  00000003  00000000  RWIX
  FLASH_REGS            00000a80   00000060  00000008  00000058  RWIX
  CSM                   00000ae0   00000010  00000010  00000000  RWIX
  ADC_RESULT            00000b00   00000020  00000020  00000000  RWIX
  CPU_TIMER0            00000c00   00000008  00000008  00000000  RWIX
  CPU_TIMER1            00000c08   00000008  00000008  00000000  RWIX
  CPU_TIMER2            00000c10   00000008  00000008  00000000  RWIX
  PIE_CTRL              00000ce0   00000020  0000001a  00000006  RWIX
  PIE_VECT              00000d00   00000100  00000100  00000000  RWIX
  CLA1                  00001400   00000080  00000040  00000040  RWIX
  CLA_CPU_MSGRAM        00001480   00000080  00000000  00000080  RWIX
  CPU_CLA_MSGRAM        00001500   00000080  00000002  0000007e  RWIX
  ECANA                 00006000   00000040  00000034  0000000c  RWIX
  ECANA_LAM             00006040   00000040  00000040  00000000  RWIX
  ECANA_MOTS            00006080   00000040  00000040  00000000  RWIX
  ECANA_MOTO            000060c0   00000040  00000040  00000000  RWIX
  ECANA_MBOX            00006100   00000100  00000100  00000000  RWIX
  COMP1                 00006400   00000020  00000014  0000000c  RWIX
  COMP2                 00006420   00000020  00000014  0000000c  RWIX
  COMP3                 00006440   00000020  00000014  0000000c  RWIX
  EPWM1                 00006800   00000040  00000040  00000000  RWIX
  EPWM2                 00006840   00000040  00000040  00000000  RWIX
  EPWM3                 00006880   00000040  00000040  00000000  RWIX
  EPWM4                 000068c0   00000040  00000040  00000000  RWIX
  EPWM5                 00006900   00000040  00000040  00000000  RWIX
  EPWM6                 00006940   00000040  00000040  00000000  RWIX
  EPWM7                 00006980   00000040  00000040  00000000  RWIX
  ECAP1                 00006a00   00000020  00000020  00000000  RWIX
  HRCAP1                00006ac0   00000020  00000020  00000000  RWIX
  HRCAP2                00006ae0   00000020  00000020  00000000  RWIX
  EQEP1                 00006b00   00000040  00000040  00000000  RWIX
  LINA                  00006c00   00000080  0000004a  00000036  RWIX
  GPIOCTRL              00006f80   00000040  00000040  00000000  RWIX
  GPIODAT               00006fc0   00000020  00000020  00000000  RWIX
  GPIOINT               00006fe0   00000020  0000000c  00000014  RWIX
  SYSTEM                00007010   00000020  00000020  00000000  RWIX
  SPIA                  00007040   00000010  00000010  00000000  RWIX
  SCIA                  00007050   00000010  00000010  00000000  RWIX
  NMIINTRUPT            00007060   00000010  00000010  00000000  RWIX
  XINTRUPT              00007070   00000010  00000010  00000000  RWIX
  ADC                   00007100   00000080  00000050  00000030  RWIX
  SPIB                  00007740   00000010  00000010  00000000  RWIX
  I2CA                  00007900   00000040  00000022  0000001e  RWIX
  dataRAM               00008800   00000400  00000006  000003fa  RWIX
  RAML2                 00008c00   00000400  00000000  00000400  RWIX
  PARTID                003d7e80   00000001  00000001  00000000  RWIX
  FLASHB                003f4000   00002000  00000000  00002000  RWIX
  CSM_PWL               003f7ff8   00000008  00000008  00000000  RWIX


SECTION ALLOCATION MAP

 output                                  attributes/
section   page    origin      length       input sections
--------  ----  ----------  ----------   ----------------
.pinit     0    003f6000    00000000     UNINITIALIZED

ramfuncs   0    003f0000    00000047     RUN ADDR = 00008000
                  003f0000    00000028     ProjectName-DPL-ISR.obj (ramfuncs)
                  003f0028    0000001b     ProjectName-DevInit_F2803x.obj (ramfuncs)
                  003f0043    00000004     DSP2803x_usDelay.obj (ramfuncs)

Cla1Prog   0    003f2000    0000006c     RUN ADDR = 00009000
                  003f2000    0000006c     ProjectName-CLA_Tasks.obj (Cla1Prog:retain)

.text      0    003f6000    000006a1     
                  003f6000    000001f3     ProjectName-DevInit_F2803x.obj (.text)
                  003f61f3    000001bf     ADC_SOC_Cnf.obj (.text)
                  003f63b2    00000147     ProjectName-Main.obj (.text)
                  003f64f9    000000ea     PWM_1ch_Cnf.obj (.text)
                  003f65e3    00000044     rts2800_ml.lib : boot.obj (.text)
                  003f6627    00000021                    : memcpy_ff.obj (.text)
                  003f6648    00000019                    : args_main.obj (.text)
                  003f6661    00000019                    : exit.obj (.text)
                  003f667a    00000011     ProjectName-DPL-ISR.obj (.text)
                  003f668b    00000009     rts2800_ml.lib : _lock.obj (.text)
                  003f6694    00000008     DSP2803x_CodeStartBranch.obj (.text)
                  003f669c    00000005     ProjectName-DevInit_F2803x.obj (.text:retain)

.cinit     0    003f66a1    0000006d     
                  003f66a1    00000057     ProjectName-Main.obj (.cinit)
                  003f66f8    0000000a     rts2800_ml.lib : _lock.obj (.cinit)
                  003f6702    0000000a                    : exit.obj (.cinit)
                  003f670c    00000002     --HOLE-- [fill = 0]

codestart 
*          0    003f7ff6    00000002     
                  003f7ff6    00000002     DSP2803x_CodeStartBranch.obj (codestart)

.reset     0    003fffc0    00000002     DSECT
                  003fffc0    00000002     rts2800_ml.lib : boot.obj (.reset)

vectors    0    003fffc2    00000000     DSECT

CLAscratch_end 
*          1    00000000    00000000     UNINITIALIZED

CLAscratch 
*          1    00000000    00000000     UNINITIALIZED

.stack     1    00000050    00000200     UNINITIALIZED
                  00000050    00000200     --HOLE--

.ebss      1    00000400    00000128     UNINITIALIZED
                  00000400    00000120     ProjectName-Main.obj (.ebss)
                  00000520    00000004     rts2800_ml.lib : _lock.obj (.ebss)
                  00000524    00000004                    : exit.obj (.ebss)

DevEmuRegsFile 
*          1    00000880    00000004     UNINITIALIZED
                  00000880    00000004     DSP2803x_GlobalVariableDefs.obj (DevEmuRegsFile)

SysPwrCtrlRegsFile 
*          1    00000985    00000003     UNINITIALIZED
                  00000985    00000003     DSP2803x_GlobalVariableDefs.obj (SysPwrCtrlRegsFile)

FlashRegsFile 
*          1    00000a80    00000008     UNINITIALIZED
                  00000a80    00000008     DSP2803x_GlobalVariableDefs.obj (FlashRegsFile)

CsmRegsFile 
*          1    00000ae0    00000010     UNINITIALIZED
                  00000ae0    00000010     DSP2803x_GlobalVariableDefs.obj (CsmRegsFile)

AdcResultFile 
*          1    00000b00    00000020     UNINITIALIZED
                  00000b00    00000020     DSP2803x_GlobalVariableDefs.obj (AdcResultFile)

CpuTimer0RegsFile 
*          1    00000c00    00000008     UNINITIALIZED
                  00000c00    00000008     DSP2803x_GlobalVariableDefs.obj (CpuTimer0RegsFile)

CpuTimer1RegsFile 
*          1    00000c08    00000008     UNINITIALIZED
                  00000c08    00000008     DSP2803x_GlobalVariableDefs.obj (CpuTimer1RegsFile)

CpuTimer2RegsFile 
*          1    00000c10    00000008     UNINITIALIZED
                  00000c10    00000008     DSP2803x_GlobalVariableDefs.obj (CpuTimer2RegsFile)

PieCtrlRegsFile 
*          1    00000ce0    0000001a     UNINITIALIZED
                  00000ce0    0000001a     DSP2803x_GlobalVariableDefs.obj (PieCtrlRegsFile)

PieVectTableFile 
*          1    00000d00    00000100     UNINITIALIZED
                  00000d00    00000100     DSP2803x_GlobalVariableDefs.obj (PieVectTableFile)

EmuKeyVar 
*          1    00000d00    00000001     UNINITIALIZED
                  00000d00    00000001     DSP2803x_GlobalVariableDefs.obj (EmuKeyVar)

EmuBModeVar 
*          1    00000d01    00000001     UNINITIALIZED
                  00000d01    00000001     DSP2803x_GlobalVariableDefs.obj (EmuBModeVar)

FlashCallbackVar 
*          1    00000d02    00000002     UNINITIALIZED
                  00000d02    00000002     DSP2803x_GlobalVariableDefs.obj (FlashCallbackVar)

FlashScalingVar 
*          1    00000d04    00000002     UNINITIALIZED
                  00000d04    00000002     DSP2803x_GlobalVariableDefs.obj (FlashScalingVar)

Cla1RegsFile 
*          1    00001400    00000040     UNINITIALIZED
                  00001400    00000040     DSP2803x_GlobalVariableDefs.obj (Cla1RegsFile)

CpuToCla1MsgRAM 
*          1    00001500    00000002     UNINITIALIZED
                  00001500    00000002     ProjectName-CLA_Tasks.obj (CpuToCla1MsgRAM)

ECanaRegsFile 
*          1    00006000    00000034     UNINITIALIZED
                  00006000    00000034     DSP2803x_GlobalVariableDefs.obj (ECanaRegsFile)

ECanaLAMRegsFile 
*          1    00006040    00000040     UNINITIALIZED
                  00006040    00000040     DSP2803x_GlobalVariableDefs.obj (ECanaLAMRegsFile)

ECanaMOTSRegsFile 
*          1    00006080    00000040     UNINITIALIZED
                  00006080    00000040     DSP2803x_GlobalVariableDefs.obj (ECanaMOTSRegsFile)

ECanaMOTORegsFile 
*          1    000060c0    00000040     UNINITIALIZED
                  000060c0    00000040     DSP2803x_GlobalVariableDefs.obj (ECanaMOTORegsFile)

ECanaMboxesFile 
*          1    00006100    00000100     UNINITIALIZED
                  00006100    00000100     DSP2803x_GlobalVariableDefs.obj (ECanaMboxesFile)

Comp1RegsFile 
*          1    00006400    00000014     UNINITIALIZED
                  00006400    00000014     DSP2803x_GlobalVariableDefs.obj (Comp1RegsFile)

Comp2RegsFile 
*          1    00006420    00000014     UNINITIALIZED
                  00006420    00000014     DSP2803x_GlobalVariableDefs.obj (Comp2RegsFile)

Comp3RegsFile 
*          1    00006440    00000014     UNINITIALIZED
                  00006440    00000014     DSP2803x_GlobalVariableDefs.obj (Comp3RegsFile)

EPwm1RegsFile 
*          1    00006800    00000040     UNINITIALIZED
                  00006800    00000040     DSP2803x_GlobalVariableDefs.obj (EPwm1RegsFile)

EPwm2RegsFile 
*          1    00006840    00000040     UNINITIALIZED
                  00006840    00000040     DSP2803x_GlobalVariableDefs.obj (EPwm2RegsFile)

EPwm3RegsFile 
*          1    00006880    00000040     UNINITIALIZED
                  00006880    00000040     DSP2803x_GlobalVariableDefs.obj (EPwm3RegsFile)

EPwm4RegsFile 
*          1    000068c0    00000040     UNINITIALIZED
                  000068c0    00000040     DSP2803x_GlobalVariableDefs.obj (EPwm4RegsFile)

EPwm5RegsFile 
*          1    00006900    00000040     UNINITIALIZED
                  00006900    00000040     DSP2803x_GlobalVariableDefs.obj (EPwm5RegsFile)

EPwm6RegsFile 
*          1    00006940    00000040     UNINITIALIZED
                  00006940    00000040     DSP2803x_GlobalVariableDefs.obj (EPwm6RegsFile)

EPwm7RegsFile 
*          1    00006980    00000040     UNINITIALIZED
                  00006980    00000040     DSP2803x_GlobalVariableDefs.obj (EPwm7RegsFile)

ECap1RegsFile 
*          1    00006a00    00000020     UNINITIALIZED
                  00006a00    00000020     DSP2803x_GlobalVariableDefs.obj (ECap1RegsFile)

HRCap1RegsFile 
*          1    00006ac0    00000020     UNINITIALIZED
                  00006ac0    00000020     DSP2803x_GlobalVariableDefs.obj (HRCap1RegsFile)

HRCap2RegsFile 
*          1    00006ae0    00000020     UNINITIALIZED
                  00006ae0    00000020     DSP2803x_GlobalVariableDefs.obj (HRCap2RegsFile)

EQep1RegsFile 
*          1    00006b00    00000040     UNINITIALIZED
                  00006b00    00000040     DSP2803x_GlobalVariableDefs.obj (EQep1RegsFile)

LinaRegsFile 
*          1    00006c00    0000004a     UNINITIALIZED
                  00006c00    0000004a     DSP2803x_GlobalVariableDefs.obj (LinaRegsFile)

GpioCtrlRegsFile 
*          1    00006f80    00000040     UNINITIALIZED
                  00006f80    00000040     DSP2803x_GlobalVariableDefs.obj (GpioCtrlRegsFile)

GpioDataRegsFile 
*          1    00006fc0    00000020     UNINITIALIZED
                  00006fc0    00000020     DSP2803x_GlobalVariableDefs.obj (GpioDataRegsFile)

GpioIntRegsFile 
*          1    00006fe0    0000000c     UNINITIALIZED
                  00006fe0    0000000c     DSP2803x_GlobalVariableDefs.obj (GpioIntRegsFile)

SysCtrlRegsFile 
*          1    00007010    00000020     UNINITIALIZED
                  00007010    00000020     DSP2803x_GlobalVariableDefs.obj (SysCtrlRegsFile)

SpiaRegsFile 
*          1    00007040    00000010     UNINITIALIZED
                  00007040    00000010     DSP2803x_GlobalVariableDefs.obj (SpiaRegsFile)

SciaRegsFile 
*          1    00007050    00000010     UNINITIALIZED
                  00007050    00000010     DSP2803x_GlobalVariableDefs.obj (SciaRegsFile)

NmiIntruptRegsFile 
*          1    00007060    00000010     UNINITIALIZED
                  00007060    00000010     DSP2803x_GlobalVariableDefs.obj (NmiIntruptRegsFile)

XIntruptRegsFile 
*          1    00007070    00000010     UNINITIALIZED
                  00007070    00000010     DSP2803x_GlobalVariableDefs.obj (XIntruptRegsFile)

AdcRegsFile 
*          1    00007100    00000050     UNINITIALIZED
                  00007100    00000050     DSP2803x_GlobalVariableDefs.obj (AdcRegsFile)

SpibRegsFile 
*          1    00007740    00000010     UNINITIALIZED
                  00007740    00000010     DSP2803x_GlobalVariableDefs.obj (SpibRegsFile)

I2caRegsFile 
*          1    00007900    00000022     UNINITIALIZED
                  00007900    00000022     DSP2803x_GlobalVariableDefs.obj (I2caRegsFile)

PWMDRV_1ch_Section 
*          1    00008800    00000004     UNINITIALIZED
                  00008800    00000004     ProjectName-DPL-ISR.obj (PWMDRV_1ch_Section)

ZeroNet_Section 
*          1    00008804    00000002     UNINITIALIZED
                  00008804    00000002     ProjectName-DPL-ISR.obj (ZeroNet_Section)

PartIdRegsFile 
*          1    003d7e80    00000001     UNINITIALIZED
                  003d7e80    00000001     DSP2803x_GlobalVariableDefs.obj (PartIdRegsFile)

CsmPwlFile 
*          1    003f7ff8    00000008     UNINITIALIZED
                  003f7ff8    00000008     DSP2803x_GlobalVariableDefs.obj (CsmPwlFile)


GLOBAL SYMBOLS: SORTED ALPHABETICALLY BY Name 

address    name
--------   ----
003f6000   .text
003f6661   C$$EXIT
00000100   CLA_SCRATCHPAD_SIZE
003f6463   _A0
003f64a5   _A1
003f64ab   _A2
003f64b1   _A3
003f64b7   _A4
00000440   _ACQPS
003f61f3   _ADC_SOC_CNF
00000404   _A_Task_Ptr
00007100   _AdcRegs
00000b00   _AdcResult
00000402   _Alpha_State_Ptr
003f6479   _B0
003f64bd   _B1
003f64c3   _B2
003f64d5   _B3
003f64db   _B4
00000408   _B_Task_Ptr
003f648f   _C0
003f64e1   _C1
003f64e7   _C2
003f64ed   _C3
003f64f3   _C4
00001500   _CLA_Duty1
003f611e   _CLA_Init
00000406   _C_Task_Ptr
00000450   _ChSel
00009000   _Cla1Prog_Start
00001400   _Cla1Regs
00009000   _Cla1Task1
00009034   _Cla1Task2
0000903c   _Cla1Task3
00009044   _Cla1Task4
0000904c   _Cla1Task5
00009054   _Cla1Task6
0000905c   _Cla1Task7
00009064   _Cla1Task8
003f206c   _Cla1funcsLoadEnd
0000006c   _Cla1funcsLoadSize
003f2000   _Cla1funcsLoadStart
00009000   _Cla1funcsRunStart
0000041e   _Comp
00006400   _Comp1Regs
00006420   _Comp2Regs
00006440   _Comp3Regs
00000c00   _CpuTimer0Regs
00000c08   _CpuTimer1Regs
00000c10   _CpuTimer2Regs
003f7ff8   _CsmPwl
00000ae0   _CsmRegs
003f645b   _DPL_CLAInit
00008000   _DPL_ISR
003f667a   _DPL_Init
00008043   _DSP28x_usDelay
00000880   _DevEmuRegs
003f6000   _DeviceInit
0000040c   _Duty1A
00000410   _Duty2A
00006040   _ECanaLAMRegs
000060c0   _ECanaMOTORegs
00006080   _ECanaMOTSRegs
00006100   _ECanaMboxes
00006000   _ECanaRegs
00006a00   _ECap1Regs
00006800   _EPwm1Regs
00006840   _EPwm2Regs
00006880   _EPwm3Regs
000068c0   _EPwm4Regs
00006900   _EPwm5Regs
00006940   _EPwm6Regs
00006980   _EPwm7Regs
00006b00   _EQep1Regs
00000d01   _EmuBMode
00000d00   _EmuKey
00000a80   _FlashRegs
00000d04   _Flash_CPUScaleFactor
00000d02   _Flash_CallbackPtr
00006f80   _GpioCtrlRegs
00006fc0   _GpioDataRegs
00006fe0   _GpioIntRegs
00006ac0   _HRCap1Regs
00006ae0   _HRCap2Regs
0000040e   _HistPtr
00007900   _I2caRegs
003f669c   _ISR_ILLEGAL
00008028   _InitFlash
00000400   _LedBlinkCnt
00006c00   _LinaRegs
003f61de   _MemCopy
00007060   _NmiIntruptRegs
003f616a   _PLLset
00008800   _PWMDRV_1ch_Duty2
00008802   _PWMDRV_1ch_Period2
003f64f9   _PWM_1ch_CNF
003d7e80   _PartIdRegs
003f61a0   _PieCntlInit
00000ce0   _PieCtrlRegs
00000d00   _PieVectTable
003f61bf   _PieVectTableInit
003f0047   _RamfuncsLoadEnd
00000047   _RamfuncsLoadSize
003f0000   _RamfuncsLoadStart
00008000   _RamfuncsRunStart
00007050   _SciaRegs
00007040   _SpiaRegs
00007740   _SpibRegs
00007010   _SysCtrlRegs
00000985   _SysPwrCtrlRegs
00000426   _TrigSel
00000416   _VTimer0
00000412   _VTimer1
0000041a   _VTimer2
003f6162   _WDogDisable
00007070   _XIntruptRegs
00000250   __STACK_END
00000200   __STACK_SIZE
00000001   __TI_args_main
ffffffff   ___binit__
ffffffff   ___c_args__
003f66a1   ___cinit__
003f66a1   ___etext__
003f6627   ___memcpy_ff
ffffffff   ___pinit__
003f6000   ___text__
003f6648   __args_main
00000000   __cla_scratchpad_end
00000000   __cla_scratchpad_start
00000524   __cleanup_ptr
00000526   __dtors_ptr
00000522   __lock
003f6693   __nop
003f668f   __register_lock
003f668b   __register_unlock
00000050   __stack
00000520   __unlock
003f6661   _abort
000004a0   _arrayGetList
003f65e3   _c_int00
00000460   _ePWM
003f6663   _exit
00000401   _i
003f63b2   _main
0000040a   _temp_Scratch
00000480   _varGetList
000004e0   _varSetBtnList
000004c0   _varSetSldrList
00000500   _varSetTxtList
ffffffff   binit
003f66a1   cinit
003f7ff6   code_start
003f66a1   etext
ffffffff   pinit


GLOBAL SYMBOLS: SORTED BY Symbol Address 

address    name
--------   ----
00000000   __cla_scratchpad_end
00000000   __cla_scratchpad_start
00000001   __TI_args_main
00000047   _RamfuncsLoadSize
00000050   __stack
0000006c   _Cla1funcsLoadSize
00000100   CLA_SCRATCHPAD_SIZE
00000200   __STACK_SIZE
00000250   __STACK_END
00000400   _LedBlinkCnt
00000401   _i
00000402   _Alpha_State_Ptr
00000404   _A_Task_Ptr
00000406   _C_Task_Ptr
00000408   _B_Task_Ptr
0000040a   _temp_Scratch
0000040c   _Duty1A
0000040e   _HistPtr
00000410   _Duty2A
00000412   _VTimer1
00000416   _VTimer0
0000041a   _VTimer2
0000041e   _Comp
00000426   _TrigSel
00000440   _ACQPS
00000450   _ChSel
00000460   _ePWM
00000480   _varGetList
000004a0   _arrayGetList
000004c0   _varSetSldrList
000004e0   _varSetBtnList
00000500   _varSetTxtList
00000520   __unlock
00000522   __lock
00000524   __cleanup_ptr
00000526   __dtors_ptr
00000880   _DevEmuRegs
00000985   _SysPwrCtrlRegs
00000a80   _FlashRegs
00000ae0   _CsmRegs
00000b00   _AdcResult
00000c00   _CpuTimer0Regs
00000c08   _CpuTimer1Regs
00000c10   _CpuTimer2Regs
00000ce0   _PieCtrlRegs
00000d00   _EmuKey
00000d00   _PieVectTable
00000d01   _EmuBMode
00000d02   _Flash_CallbackPtr
00000d04   _Flash_CPUScaleFactor
00001400   _Cla1Regs
00001500   _CLA_Duty1
00006000   _ECanaRegs
00006040   _ECanaLAMRegs
00006080   _ECanaMOTSRegs
000060c0   _ECanaMOTORegs
00006100   _ECanaMboxes
00006400   _Comp1Regs
00006420   _Comp2Regs
00006440   _Comp3Regs
00006800   _EPwm1Regs
00006840   _EPwm2Regs
00006880   _EPwm3Regs
000068c0   _EPwm4Regs
00006900   _EPwm5Regs
00006940   _EPwm6Regs
00006980   _EPwm7Regs
00006a00   _ECap1Regs
00006ac0   _HRCap1Regs
00006ae0   _HRCap2Regs
00006b00   _EQep1Regs
00006c00   _LinaRegs
00006f80   _GpioCtrlRegs
00006fc0   _GpioDataRegs
00006fe0   _GpioIntRegs
00007010   _SysCtrlRegs
00007040   _SpiaRegs
00007050   _SciaRegs
00007060   _NmiIntruptRegs
00007070   _XIntruptRegs
00007100   _AdcRegs
00007740   _SpibRegs
00007900   _I2caRegs
00008000   _DPL_ISR
00008000   _RamfuncsRunStart
00008028   _InitFlash
00008043   _DSP28x_usDelay
00008800   _PWMDRV_1ch_Duty2
00008802   _PWMDRV_1ch_Period2
00009000   _Cla1Prog_Start
00009000   _Cla1Task1
00009000   _Cla1funcsRunStart
00009034   _Cla1Task2
0000903c   _Cla1Task3
00009044   _Cla1Task4
0000904c   _Cla1Task5
00009054   _Cla1Task6
0000905c   _Cla1Task7
00009064   _Cla1Task8
003d7e80   _PartIdRegs
003f0000   _RamfuncsLoadStart
003f0047   _RamfuncsLoadEnd
003f2000   _Cla1funcsLoadStart
003f206c   _Cla1funcsLoadEnd
003f6000   .text
003f6000   _DeviceInit
003f6000   ___text__
003f611e   _CLA_Init
003f6162   _WDogDisable
003f616a   _PLLset
003f61a0   _PieCntlInit
003f61bf   _PieVectTableInit
003f61de   _MemCopy
003f61f3   _ADC_SOC_CNF
003f63b2   _main
003f645b   _DPL_CLAInit
003f6463   _A0
003f6479   _B0
003f648f   _C0
003f64a5   _A1
003f64ab   _A2
003f64b1   _A3
003f64b7   _A4
003f64bd   _B1
003f64c3   _B2
003f64d5   _B3
003f64db   _B4
003f64e1   _C1
003f64e7   _C2
003f64ed   _C3
003f64f3   _C4
003f64f9   _PWM_1ch_CNF
003f65e3   _c_int00
003f6627   ___memcpy_ff
003f6648   __args_main
003f6661   C$$EXIT
003f6661   _abort
003f6663   _exit
003f667a   _DPL_Init
003f668b   __register_unlock
003f668f   __register_lock
003f6693   __nop
003f669c   _ISR_ILLEGAL
003f66a1   ___cinit__
003f66a1   ___etext__
003f66a1   cinit
003f66a1   etext
003f7ff6   code_start
003f7ff8   _CsmPwl
ffffffff   ___binit__
ffffffff   ___c_args__
ffffffff   ___pinit__
ffffffff   binit
ffffffff   pinit

[154 symbols]
