******************************************************************************
             TMS320C2000 Linker PC v6.4.6                      
******************************************************************************
>> Linked Tue Jan 26 11:33:20 2016

OUTPUT FILE NAME:   <Example_2803xEPwmUpDownAQ.out>
ENTRY POINT SYMBOL: "code_start"  address: 00000000


MEMORY CONFIGURATION

         name            origin    length      used     unused   attr    fill
----------------------  --------  ---------  --------  --------  ----  --------
PAGE 0:
  BEGIN                 00000000   00000002  00000002  00000000  RWIX
  RAMM0                 00000050   000003b0  00000080  00000330  RWIX
  RAML0L1               00008000   00000d00  0000093e  000003c2  RWIX
  IQTABLES              003fe000   00000b50  00000000  00000b50  RWIX
  IQTABLES2             003feb50   0000008c  00000000  0000008c  RWIX
  IQTABLES3             003febdc   000000aa  00000000  000000aa  RWIX
  BOOTROM               003ff27c   00000d44  00000000  00000d44  RWIX
  RESET                 003fffc0   00000002  00000000  00000002  RWIX

PAGE 1:
  BOOT_RSVD             00000002   0000004e  00000000  0000004e  RWIX
  RAMM1                 00000480   00000380  00000380  00000000  RWIX
  DEV_EMU               00000880   00000105  00000004  00000101  RWIX
  SYS_PWR_CTL           00000985   00000003  00000003  00000000  RWIX
  FLASH_REGS            00000a80   00000060  00000008  00000058  RWIX
  CSM                   00000ae0   00000010  00000010  00000000  RWIX
  ADC_RESULT            00000b00   00000020  00000020  00000000  RWIX
  CPU_TIMER0            00000c00   00000008  00000008  00000000  RWIX
  CPU_TIMER1            00000c08   00000008  00000008  00000000  RWIX
  CPU_TIMER2            00000c10   00000008  00000008  00000000  RWIX
  PIE_CTRL              00000ce0   00000020  0000001a  00000006  RWIX
  PIE_VECT              00000d00   00000100  00000100  00000000  RWIX
  CLA1                  00001400   00000080  00000040  00000040  RWIX
  ECANA                 00006000   00000040  00000034  0000000c  RWIX
  ECANA_LAM             00006040   00000040  00000040  00000000  RWIX
  ECANA_MOTS            00006080   00000040  00000040  00000000  RWIX
  ECANA_MOTO            000060c0   00000040  00000040  00000000  RWIX
  ECANA_MBOX            00006100   00000100  00000100  00000000  RWIX
  COMP1                 00006400   00000020  00000014  0000000c  RWIX
  COMP2                 00006420   00000020  00000014  0000000c  RWIX
  COMP3                 00006440   00000020  00000014  0000000c  RWIX
  EPWM1                 00006800   00000040  00000040  00000000  RWIX
  EPWM2                 00006840   00000040  00000040  00000000  RWIX
  EPWM3                 00006880   00000040  00000040  00000000  RWIX
  EPWM4                 000068c0   00000040  00000040  00000000  RWIX
  EPWM5                 00006900   00000040  00000040  00000000  RWIX
  EPWM6                 00006940   00000040  00000040  00000000  RWIX
  EPWM7                 00006980   00000040  00000040  00000000  RWIX
  ECAP1                 00006a00   00000020  00000020  00000000  RWIX
  HRCAP1                00006ac0   00000020  00000020  00000000  RWIX
  HRCAP2                00006ae0   00000020  00000020  00000000  RWIX
  EQEP1                 00006b00   00000040  00000040  00000000  RWIX
  LINA                  00006c00   00000080  0000004a  00000036  RWIX
  GPIOCTRL              00006f80   00000040  00000040  00000000  RWIX
  GPIODAT               00006fc0   00000020  00000020  00000000  RWIX
  GPIOINT               00006fe0   00000020  0000000c  00000014  RWIX
  SYSTEM                00007010   00000020  00000020  00000000  RWIX
  SPIA                  00007040   00000010  00000010  00000000  RWIX
  SCIA                  00007050   00000010  00000010  00000000  RWIX
  NMIINTRUPT            00007060   00000010  00000010  00000000  RWIX
  XINTRUPT              00007070   00000010  00000010  00000000  RWIX
  ADC                   00007100   00000080  00000050  00000030  RWIX
  SPIB                  00007740   00000010  00000010  00000000  RWIX
  I2CA                  00007900   00000040  00000022  0000001e  RWIX
  RAML2                 00008d00   00000300  000001b2  0000014e  RWIX
  RAML3                 00009000   00001000  00000000  00001000  RWIX
  PARTID                003d7e80   00000001  00000001  00000000  RWIX
  CSM_PWL               003f7ff8   00000008  00000008  00000000  RWIX


SECTION ALLOCATION MAP

 output                                  attributes/
section   page    origin      length       input sections
--------  ----  ----------  ----------   ----------------
codestart 
*          0    00000000    00000002     
                  00000000    00000002     DSP2803x_CodeStartBranch.obj (codestart)

.cinit     0    00000050    0000007c     
                  00000050    00000066     Example_2803xEPwmUpDownAQ.obj (.cinit)
                  000000b6    0000000a     rts2800_ml.lib : exit.obj (.cinit)
                  000000c0    00000005                    : _lock.obj (.cinit:__lock)
                  000000c5    00000005                    : _lock.obj (.cinit:__unlock)
                  000000ca    00000002     --HOLE-- [fill = 0]

ramfuncs   0    000000cc    00000004     
                  000000cc    00000004     DSP2803x_usDelay.obj (ramfuncs)

.text      0    00008000    0000093e     
                  00008000    000001ce     Example_2803xEPwmUpDownAQ.obj (.text)
                  000081ce    0000017c     DSP2803x_DefaultIsr.obj (.text:retain)
                  0000834a    00000144     DSP2803x_SysCtrl.obj (.text)
                  0000848e    000000cb     Example_2803xEPwmUpDownAQ.obj (.text:retain)
                  00008559    000000c4     DSP2803x_EPwm.obj (.text)
                  0000861d    00000083     rts2800_ml.lib : fs_div.obj (.text)
                  000086a0    00000078                    : fs_add.obj (.text)
                  00008718    00000073     DSP2803x_CpuTimers.obj (.text)
                  0000878b    0000005a     rts2800_ml.lib : fs_mpy.obj (.text)
                  000087e5    00000044                    : boot.obj (.text)
                  00008829    00000029                    : fs_tol.obj (.text)
                  00008852    00000028     DSP2803x_PieCtrl.obj (.text)
                  0000887a    00000028     DSP2803x_PieVect.obj (.text)
                  000088a2    00000025     rts2800_ml.lib : fs_toi.obj (.text)
                  000088c7    0000001a                    : i_tofs.obj (.text)
                  000088e1    0000001a                    : l_tofs.obj (.text)
                  000088fb    00000019                    : args_main.obj (.text)
                  00008914    00000019                    : exit.obj (.text)
                  0000892d    00000009                    : _lock.obj (.text)
                  00008936    00000008     DSP2803x_CodeStartBranch.obj (.text)

.pinit     0    00000050    00000000     UNINITIALIZED

.reset     0    003fffc0    00000002     DSECT
                  003fffc0    00000002     rts2800_ml.lib : boot.obj (.reset)

.stack     1    00000480    00000380     UNINITIALIZED
                  00000480    00000380     --HOLE--

DevEmuRegsFile 
*          1    00000880    00000004     UNINITIALIZED
                  00000880    00000004     DSP2803x_GlobalVariableDefs.obj (DevEmuRegsFile)

SysPwrCtrlRegsFile 
*          1    00000985    00000003     UNINITIALIZED
                  00000985    00000003     DSP2803x_GlobalVariableDefs.obj (SysPwrCtrlRegsFile)

FlashRegsFile 
*          1    00000a80    00000008     UNINITIALIZED
                  00000a80    00000008     DSP2803x_GlobalVariableDefs.obj (FlashRegsFile)

CsmRegsFile 
*          1    00000ae0    00000010     UNINITIALIZED
                  00000ae0    00000010     DSP2803x_GlobalVariableDefs.obj (CsmRegsFile)

AdcResultFile 
*          1    00000b00    00000020     UNINITIALIZED
                  00000b00    00000020     DSP2803x_GlobalVariableDefs.obj (AdcResultFile)

CpuTimer0RegsFile 
*          1    00000c00    00000008     UNINITIALIZED
                  00000c00    00000008     DSP2803x_GlobalVariableDefs.obj (CpuTimer0RegsFile)

CpuTimer1RegsFile 
*          1    00000c08    00000008     UNINITIALIZED
                  00000c08    00000008     DSP2803x_GlobalVariableDefs.obj (CpuTimer1RegsFile)

CpuTimer2RegsFile 
*          1    00000c10    00000008     UNINITIALIZED
                  00000c10    00000008     DSP2803x_GlobalVariableDefs.obj (CpuTimer2RegsFile)

PieCtrlRegsFile 
*          1    00000ce0    0000001a     UNINITIALIZED
                  00000ce0    0000001a     DSP2803x_GlobalVariableDefs.obj (PieCtrlRegsFile)

PieVectTableFile 
*          1    00000d00    00000100     UNINITIALIZED
                  00000d00    00000100     DSP2803x_GlobalVariableDefs.obj (PieVectTableFile)

EmuKeyVar 
*          1    00000d00    00000001     UNINITIALIZED
                  00000d00    00000001     DSP2803x_GlobalVariableDefs.obj (EmuKeyVar)

EmuBModeVar 
*          1    00000d01    00000001     UNINITIALIZED
                  00000d01    00000001     DSP2803x_GlobalVariableDefs.obj (EmuBModeVar)

FlashCallbackVar 
*          1    00000d02    00000002     UNINITIALIZED
                  00000d02    00000002     DSP2803x_GlobalVariableDefs.obj (FlashCallbackVar)

FlashScalingVar 
*          1    00000d04    00000002     UNINITIALIZED
                  00000d04    00000002     DSP2803x_GlobalVariableDefs.obj (FlashScalingVar)

Cla1RegsFile 
*          1    00001400    00000040     UNINITIALIZED
                  00001400    00000040     DSP2803x_GlobalVariableDefs.obj (Cla1RegsFile)

ECanaRegsFile 
*          1    00006000    00000034     UNINITIALIZED
                  00006000    00000034     DSP2803x_GlobalVariableDefs.obj (ECanaRegsFile)

ECanaLAMRegsFile 
*          1    00006040    00000040     UNINITIALIZED
                  00006040    00000040     DSP2803x_GlobalVariableDefs.obj (ECanaLAMRegsFile)

ECanaMOTSRegsFile 
*          1    00006080    00000040     UNINITIALIZED
                  00006080    00000040     DSP2803x_GlobalVariableDefs.obj (ECanaMOTSRegsFile)

ECanaMOTORegsFile 
*          1    000060c0    00000040     UNINITIALIZED
                  000060c0    00000040     DSP2803x_GlobalVariableDefs.obj (ECanaMOTORegsFile)

ECanaMboxesFile 
*          1    00006100    00000100     UNINITIALIZED
                  00006100    00000100     DSP2803x_GlobalVariableDefs.obj (ECanaMboxesFile)

Comp1RegsFile 
*          1    00006400    00000014     UNINITIALIZED
                  00006400    00000014     DSP2803x_GlobalVariableDefs.obj (Comp1RegsFile)

Comp2RegsFile 
*          1    00006420    00000014     UNINITIALIZED
                  00006420    00000014     DSP2803x_GlobalVariableDefs.obj (Comp2RegsFile)

Comp3RegsFile 
*          1    00006440    00000014     UNINITIALIZED
                  00006440    00000014     DSP2803x_GlobalVariableDefs.obj (Comp3RegsFile)

EPwm1RegsFile 
*          1    00006800    00000040     UNINITIALIZED
                  00006800    00000040     DSP2803x_GlobalVariableDefs.obj (EPwm1RegsFile)

EPwm2RegsFile 
*          1    00006840    00000040     UNINITIALIZED
                  00006840    00000040     DSP2803x_GlobalVariableDefs.obj (EPwm2RegsFile)

EPwm3RegsFile 
*          1    00006880    00000040     UNINITIALIZED
                  00006880    00000040     DSP2803x_GlobalVariableDefs.obj (EPwm3RegsFile)

EPwm4RegsFile 
*          1    000068c0    00000040     UNINITIALIZED
                  000068c0    00000040     DSP2803x_GlobalVariableDefs.obj (EPwm4RegsFile)

EPwm5RegsFile 
*          1    00006900    00000040     UNINITIALIZED
                  00006900    00000040     DSP2803x_GlobalVariableDefs.obj (EPwm5RegsFile)

EPwm6RegsFile 
*          1    00006940    00000040     UNINITIALIZED
                  00006940    00000040     DSP2803x_GlobalVariableDefs.obj (EPwm6RegsFile)

EPwm7RegsFile 
*          1    00006980    00000040     UNINITIALIZED
                  00006980    00000040     DSP2803x_GlobalVariableDefs.obj (EPwm7RegsFile)

ECap1RegsFile 
*          1    00006a00    00000020     UNINITIALIZED
                  00006a00    00000020     DSP2803x_GlobalVariableDefs.obj (ECap1RegsFile)

HRCap1RegsFile 
*          1    00006ac0    00000020     UNINITIALIZED
                  00006ac0    00000020     DSP2803x_GlobalVariableDefs.obj (HRCap1RegsFile)

HRCap2RegsFile 
*          1    00006ae0    00000020     UNINITIALIZED
                  00006ae0    00000020     DSP2803x_GlobalVariableDefs.obj (HRCap2RegsFile)

EQep1RegsFile 
*          1    00006b00    00000040     UNINITIALIZED
                  00006b00    00000040     DSP2803x_GlobalVariableDefs.obj (EQep1RegsFile)

LinaRegsFile 
*          1    00006c00    0000004a     UNINITIALIZED
                  00006c00    0000004a     DSP2803x_GlobalVariableDefs.obj (LinaRegsFile)

GpioCtrlRegsFile 
*          1    00006f80    00000040     UNINITIALIZED
                  00006f80    00000040     DSP2803x_GlobalVariableDefs.obj (GpioCtrlRegsFile)

GpioDataRegsFile 
*          1    00006fc0    00000020     UNINITIALIZED
                  00006fc0    00000020     DSP2803x_GlobalVariableDefs.obj (GpioDataRegsFile)

GpioIntRegsFile 
*          1    00006fe0    0000000c     UNINITIALIZED
                  00006fe0    0000000c     DSP2803x_GlobalVariableDefs.obj (GpioIntRegsFile)

SysCtrlRegsFile 
*          1    00007010    00000020     UNINITIALIZED
                  00007010    00000020     DSP2803x_GlobalVariableDefs.obj (SysCtrlRegsFile)

SpiaRegsFile 
*          1    00007040    00000010     UNINITIALIZED
                  00007040    00000010     DSP2803x_GlobalVariableDefs.obj (SpiaRegsFile)

SciaRegsFile 
*          1    00007050    00000010     UNINITIALIZED
                  00007050    00000010     DSP2803x_GlobalVariableDefs.obj (SciaRegsFile)

NmiIntruptRegsFile 
*          1    00007060    00000010     UNINITIALIZED
                  00007060    00000010     DSP2803x_GlobalVariableDefs.obj (NmiIntruptRegsFile)

XIntruptRegsFile 
*          1    00007070    00000010     UNINITIALIZED
                  00007070    00000010     DSP2803x_GlobalVariableDefs.obj (XIntruptRegsFile)

AdcRegsFile 
*          1    00007100    00000050     UNINITIALIZED
                  00007100    00000050     DSP2803x_GlobalVariableDefs.obj (AdcRegsFile)

SpibRegsFile 
*          1    00007740    00000010     UNINITIALIZED
                  00007740    00000010     DSP2803x_GlobalVariableDefs.obj (SpibRegsFile)

I2caRegsFile 
*          1    00007900    00000022     UNINITIALIZED
                  00007900    00000022     DSP2803x_GlobalVariableDefs.obj (I2caRegsFile)

.econst    1    00008d00    00000106     
                  00008d00    00000100     DSP2803x_PieVect.obj (.econst)
                  00008e00    00000006     Example_2803xEPwmUpDownAQ.obj (.econst)

.ebss      1    00008e06    000000ac     UNINITIALIZED
                  00008e06    00000018     DSP2803x_CpuTimers.obj (.ebss)
                  00008e1e    00000004     rts2800_ml.lib : exit.obj (.ebss)
                  00008e22    00000002                    : _lock.obj (.ebss:__lock)
                  00008e24    00000002                    : _lock.obj (.ebss:__unlock)
                  00008e26    0000001a     --HOLE--
                  00008e40    00000072     Example_2803xEPwmUpDownAQ.obj (.ebss)

PartIdRegsFile 
*          1    003d7e80    00000001     UNINITIALIZED
                  003d7e80    00000001     DSP2803x_GlobalVariableDefs.obj (PartIdRegsFile)

CsmPwlFile 
*          1    003f7ff8    00000008     UNINITIALIZED
                  003f7ff8    00000008     DSP2803x_GlobalVariableDefs.obj (CsmPwlFile)


GLOBAL DATA SYMBOLS: SORTED BY DATA PAGE

address     data page           name
--------    ----------------    ----
00000480      12 (00000480)     __stack

00000880      22 (00000880)     _DevEmuRegs

00000985      26 (00000980)     _SysPwrCtrlRegs

00000a80      2a (00000a80)     _FlashRegs

00000ae0      2b (00000ac0)     _CsmRegs

00000b00      2c (00000b00)     _AdcResult

00000c00      30 (00000c00)     _CpuTimer0Regs
00000c08      30 (00000c00)     _CpuTimer1Regs
00000c10      30 (00000c00)     _CpuTimer2Regs

00000ce0      33 (00000cc0)     _PieCtrlRegs

00000d00      34 (00000d00)     _EmuKey
00000d00      34 (00000d00)     _PieVectTable
00000d01      34 (00000d00)     _EmuBMode
00000d02      34 (00000d00)     _Flash_CallbackPtr
00000d04      34 (00000d00)     _Flash_CPUScaleFactor

00001400      50 (00001400)     _Cla1Regs

00006000     180 (00006000)     _ECanaRegs

00006040     181 (00006040)     _ECanaLAMRegs

00006080     182 (00006080)     _ECanaMOTSRegs

000060c0     183 (000060c0)     _ECanaMOTORegs

00006100     184 (00006100)     _ECanaMboxes

00006400     190 (00006400)     _Comp1Regs
00006420     190 (00006400)     _Comp2Regs

00006440     191 (00006440)     _Comp3Regs

00006800     1a0 (00006800)     _EPwm1Regs

00006840     1a1 (00006840)     _EPwm2Regs

00006880     1a2 (00006880)     _EPwm3Regs

000068c0     1a3 (000068c0)     _EPwm4Regs

00006900     1a4 (00006900)     _EPwm5Regs

00006940     1a5 (00006940)     _EPwm6Regs

00006980     1a6 (00006980)     _EPwm7Regs

00006a00     1a8 (00006a00)     _ECap1Regs

00006ac0     1ab (00006ac0)     _HRCap1Regs
00006ae0     1ab (00006ac0)     _HRCap2Regs

00006b00     1ac (00006b00)     _EQep1Regs

00006c00     1b0 (00006c00)     _LinaRegs

00006f80     1be (00006f80)     _GpioCtrlRegs

00006fc0     1bf (00006fc0)     _GpioDataRegs
00006fe0     1bf (00006fc0)     _GpioIntRegs

00007010     1c0 (00007000)     _SysCtrlRegs

00007040     1c1 (00007040)     _SpiaRegs
00007050     1c1 (00007040)     _SciaRegs
00007060     1c1 (00007040)     _NmiIntruptRegs
00007070     1c1 (00007040)     _XIntruptRegs

00007100     1c4 (00007100)     _AdcRegs

00007740     1dd (00007740)     _SpibRegs

00007900     1e4 (00007900)     _I2caRegs

00008d00     234 (00008d00)     _PieVectTableInit

00008e00     238 (00008e00)     _I
00008e02     238 (00008e00)     _pi
00008e04     238 (00008e00)     _P
00008e06     238 (00008e00)     _CpuTimer1
00008e0e     238 (00008e00)     _CpuTimer2
00008e16     238 (00008e00)     _CpuTimer0
00008e1e     238 (00008e00)     ___TI_cleanup_ptr
00008e20     238 (00008e00)     ___TI_dtors_ptr
00008e22     238 (00008e00)     __lock
00008e24     238 (00008e00)     __unlock

00008e44     239 (00008e40)     _t1
00008e46     239 (00008e40)     _sollN
00008e4a     239 (00008e40)     _f_timer0
00008e4c     239 (00008e40)     _reglerErgebnis
00008e4e     239 (00008e40)     _n
00008e50     239 (00008e40)     _epwm2_info
00008e5e     239 (00008e40)     _epwm1_info
00008e6c     239 (00008e40)     _epwm3_info

00008e80     23a (00008e80)     _sinus

003d7e80    f5fa (003d7e80)     _PartIdRegs

003f7ff8    fdff (003f7fc0)     _CsmPwl


GLOBAL SYMBOLS: SORTED ALPHABETICALLY BY Name 

page  address   name                 
----  -------   ----                 
0     00008000  .text                
0     00008914  C$$EXIT              
0     000086a5  FS$$ADD              
0     0000861d  FS$$DIV              
0     0000878b  FS$$MPY              
0     000086a0  FS$$SUB              
0     000088a2  FS$$TOI              
0     00008829  FS$$TOL              
0     000088c7  I$$TOFS              
0     000088e1  L$$TOFS              
0     0000822d  _ADCINT1_ISR         
0     00008232  _ADCINT2_ISR         
0     000082e6  _ADCINT3_ISR         
0     000082eb  _ADCINT4_ISR         
0     000082f0  _ADCINT5_ISR         
0     000082f5  _ADCINT6_ISR         
0     000082fa  _ADCINT7_ISR         
0     000082ff  _ADCINT8_ISR         
0     00008241  _ADCINT9_ISR         
1     00007100  _AdcRegs             
1     00000b00  _AdcResult           
0     00008304  _CLA1_INT1_ISR       
0     00008309  _CLA1_INT2_ISR       
0     0000830e  _CLA1_INT3_ISR       
0     00008313  _CLA1_INT4_ISR       
0     00008318  _CLA1_INT5_ISR       
0     0000831d  _CLA1_INT6_ISR       
0     00008322  _CLA1_INT7_ISR       
0     00008327  _CLA1_INT8_ISR       
1     00001400  _Cla1Regs            
1     00006400  _Comp1Regs           
1     00006420  _Comp2Regs           
1     00006440  _Comp3Regs           
0     00008759  _ConfigCpuTimer      
1     00008e16  _CpuTimer0           
1     00000c00  _CpuTimer0Regs       
1     00008e06  _CpuTimer1           
1     00000c08  _CpuTimer1Regs       
1     00008e0e  _CpuTimer2           
1     00000c10  _CpuTimer2Regs       
1     003f7ff8  _CsmPwl              
1     00000ae0  _CsmRegs             
0     00008407  _CsmUnlock           
0     000081d8  _DATALOG_ISR         
0     000000cc  _DSP28x_usDelay      
1     00000880  _DevEmuRegs          
0     0000836e  _DisableDog          
0     000082dc  _ECAN0INTA_ISR       
0     000082e1  _ECAN1INTA_ISR       
0     00008296  _ECAP1_INT_ISR       
1     00006040  _ECanaLAMRegs        
1     000060c0  _ECanaMOTORegs       
1     00006080  _ECanaMOTSRegs       
1     00006100  _ECanaMboxes         
1     00006000  _ECanaRegs           
1     00006a00  _ECap1Regs           
0     0000833b  _EMPTY_ISR           
0     000081e2  _EMUINT_ISR          
0     00008273  _EPWM1_INT_ISR       
0     00008250  _EPWM1_TZINT_ISR     
0     00008278  _EPWM2_INT_ISR       
0     00008255  _EPWM2_TZINT_ISR     
0     0000827d  _EPWM3_INT_ISR       
0     0000825a  _EPWM3_TZINT_ISR     
0     00008282  _EPWM4_INT_ISR       
0     0000825f  _EPWM4_TZINT_ISR     
0     00008287  _EPWM5_INT_ISR       
0     00008264  _EPWM5_TZINT_ISR     
0     0000828c  _EPWM6_INT_ISR       
0     00008269  _EPWM6_TZINT_ISR     
0     00008291  _EPWM7_INT_ISR       
0     0000826e  _EPWM7_TZINT_ISR     
1     00006800  _EPwm1Regs           
1     00006840  _EPwm2Regs           
1     00006880  _EPwm3Regs           
1     000068c0  _EPwm4Regs           
1     00006900  _EPwm5Regs           
1     00006940  _EPwm6Regs           
1     00006980  _EPwm7Regs           
0     000082a5  _EQEP1_INT_ISR       
1     00006b00  _EQep1Regs           
1     00000d01  _EmuBMode            
1     00000d00  _EmuKey              
0     00008871  _EnableInterrupts    
0     00008478  _ExtOscSel           
1     00000a80  _FlashRegs           
1     00000d04  _Flash_CPUScaleFactor
1     00000d02  _Flash_CallbackPtr   
1     00006f80  _GpioCtrlRegs        
1     00006fc0  _GpioDataRegs        
1     00006fe0  _GpioIntRegs         
0     0000829b  _HRCAP1_INT_ISR      
0     000082a0  _HRCAP2_INT_ISR      
1     00006ac0  _HRCap1Regs          
1     00006ae0  _HRCap2Regs          
1     00008e00  _I                   
0     000082be  _I2CINT1A_ISR        
0     000082c3  _I2CINT2A_ISR        
1     00007900  _I2caRegs            
0     000081ec  _ILLEGAL_ISR         
0     000081ce  _INT13_ISR           
0     000081d3  _INT14_ISR           
0     00008718  _InitCpuTimers       
0     00008559  _InitEPwm            
0     00008000  _InitEPwm1Example    
0     00008569  _InitEPwm1Gpio       
0     00008046  _InitEPwm2Example    
0     0000857b  _InitEPwm2Gpio       
0     00008089  _InitEPwm3Example    
0     0000858d  _InitEPwm3Gpio       
0     000085a1  _InitEPwm4Gpio       
0     000085b5  _InitEPwm5Gpio       
0     000085c7  _InitEPwm6Gpio       
0     000085d9  _InitEPwm7Gpio       
0     0000855a  _InitEPwmGpio        
0     000085eb  _InitEPwmSyncGpio    
0     000083cb  _InitPeripheralClocks
0     00008852  _InitPieCtrl         
0     0000887a  _InitPieVectTable    
0     00008376  _InitPll             
0     0000834a  _InitSysCtrl         
0     000085fc  _InitTzGpio          
0     00008438  _IntOsc1Sel          
0     00008448  _IntOsc2Sel          
0     000082d2  _LIN0INTA_ISR        
0     000082d7  _LIN1INTA_ISR        
0     00008336  _LUF_ISR             
0     00008331  _LVF_ISR             
1     00006c00  _LinaRegs            
0     000081e7  _NMI_ISR             
1     00007060  _NmiIntruptRegs      
1     00008e04  _P                   
0     00008340  _PIE_RESERVED        
1     003d7e80  _PartIdRegs          
1     00000ce0  _PieCtrlRegs         
1     00000d00  _PieVectTable        
1     00008d00  _PieVectTableInit    
0     000081dd  _RTOSINT_ISR         
0     000082c8  _SCIRXINTA_ISR       
0     000082cd  _SCITXINTA_ISR       
0     000082aa  _SPIRXINTA_ISR       
0     000082b4  _SPIRXINTB_ISR       
0     000082af  _SPITXINTA_ISR       
0     000082b9  _SPITXINTB_ISR       
1     00007050  _SciaRegs            
0     00008364  _ServiceDog          
1     00007040  _SpiaRegs            
1     00007740  _SpibRegs            
1     00007010  _SysCtrlRegs         
1     00000985  _SysPwrCtrlRegs      
0     00008246  _TINT0_ISR           
0     0000821e  _USER10_ISR          
0     00008223  _USER11_ISR          
0     00008228  _USER12_ISR          
0     000081f1  _USER1_ISR           
0     000081f6  _USER2_ISR           
0     000081fb  _USER3_ISR           
0     00008200  _USER4_ISR           
0     00008205  _USER5_ISR           
0     0000820a  _USER6_ISR           
0     0000820f  _USER7_ISR           
0     00008214  _USER8_ISR           
0     00008219  _USER9_ISR           
0     0000824b  _WAKEINT_ISR         
0     00008237  _XINT1_ISR           
0     0000823c  _XINT2_ISR           
0     0000832c  _XINT3_ISR           
1     00007070  _XIntruptRegs        
0     0000845c  _XtalOscSel          
1     00000800  __STACK_END          
abs   00000380  __STACK_SIZE         
1     00008e1e  ___TI_cleanup_ptr    
1     00008e20  ___TI_dtors_ptr      
abs   ffffffff  ___binit__           
abs   ffffffff  ___c_args__          
0     00000050  ___cinit__           
0     0000893e  ___etext__           
abs   ffffffff  ___pinit__           
0     00008000  ___text__            
0     000088fb  __args_main          
1     00008e22  __lock               
0     00008935  __nop                
0     00008931  __register_lock      
0     0000892d  __register_unlock    
1     00000480  __stack              
1     00008e24  __unlock             
0     00008914  _abort               
0     000087e5  _c_int00             
0     0000848e  _cpu_timer0_isr      
1     00008e5e  _epwm1_info          
0     000084ff  _epwm1_isr           
1     00008e50  _epwm2_info          
0     0000851d  _epwm2_isr           
1     00008e6c  _epwm3_info          
0     0000853b  _epwm3_isr           
0     00008916  _exit                
1     00008e4a  _f_timer0            
0     000080cc  _main                
1     00008e4e  _n                   
1     00008e02  _pi                  
1     00008e4c  _reglerErgebnis      
0     00008345  _rsvd_ISR            
1     00008e80  _sinus               
1     00008e46  _sollN               
1     00008e44  _t1                  
0     00008154  _update_compare1     
0     00008184  _update_compare2     
0     000081a9  _update_compare3     
0     0000849f  _xint2_isr           
abs   ffffffff  binit                
0     00000050  cinit                
0     00000000  code_start           
0     0000893e  etext                
abs   ffffffff  pinit                


GLOBAL SYMBOLS: SORTED BY Symbol Address 

page  address   name                 
----  -------   ----                 
0     00000000  code_start           
0     00000050  ___cinit__           
0     00000050  cinit                
0     000000cc  _DSP28x_usDelay      
0     00008000  .text                
0     00008000  _InitEPwm1Example    
0     00008000  ___text__            
0     00008046  _InitEPwm2Example    
0     00008089  _InitEPwm3Example    
0     000080cc  _main                
0     00008154  _update_compare1     
0     00008184  _update_compare2     
0     000081a9  _update_compare3     
0     000081ce  _INT13_ISR           
0     000081d3  _INT14_ISR           
0     000081d8  _DATALOG_ISR         
0     000081dd  _RTOSINT_ISR         
0     000081e2  _EMUINT_ISR          
0     000081e7  _NMI_ISR             
0     000081ec  _ILLEGAL_ISR         
0     000081f1  _USER1_ISR           
0     000081f6  _USER2_ISR           
0     000081fb  _USER3_ISR           
0     00008200  _USER4_ISR           
0     00008205  _USER5_ISR           
0     0000820a  _USER6_ISR           
0     0000820f  _USER7_ISR           
0     00008214  _USER8_ISR           
0     00008219  _USER9_ISR           
0     0000821e  _USER10_ISR          
0     00008223  _USER11_ISR          
0     00008228  _USER12_ISR          
0     0000822d  _ADCINT1_ISR         
0     00008232  _ADCINT2_ISR         
0     00008237  _XINT1_ISR           
0     0000823c  _XINT2_ISR           
0     00008241  _ADCINT9_ISR         
0     00008246  _TINT0_ISR           
0     0000824b  _WAKEINT_ISR         
0     00008250  _EPWM1_TZINT_ISR     
0     00008255  _EPWM2_TZINT_ISR     
0     0000825a  _EPWM3_TZINT_ISR     
0     0000825f  _EPWM4_TZINT_ISR     
0     00008264  _EPWM5_TZINT_ISR     
0     00008269  _EPWM6_TZINT_ISR     
0     0000826e  _EPWM7_TZINT_ISR     
0     00008273  _EPWM1_INT_ISR       
0     00008278  _EPWM2_INT_ISR       
0     0000827d  _EPWM3_INT_ISR       
0     00008282  _EPWM4_INT_ISR       
0     00008287  _EPWM5_INT_ISR       
0     0000828c  _EPWM6_INT_ISR       
0     00008291  _EPWM7_INT_ISR       
0     00008296  _ECAP1_INT_ISR       
0     0000829b  _HRCAP1_INT_ISR      
0     000082a0  _HRCAP2_INT_ISR      
0     000082a5  _EQEP1_INT_ISR       
0     000082aa  _SPIRXINTA_ISR       
0     000082af  _SPITXINTA_ISR       
0     000082b4  _SPIRXINTB_ISR       
0     000082b9  _SPITXINTB_ISR       
0     000082be  _I2CINT1A_ISR        
0     000082c3  _I2CINT2A_ISR        
0     000082c8  _SCIRXINTA_ISR       
0     000082cd  _SCITXINTA_ISR       
0     000082d2  _LIN0INTA_ISR        
0     000082d7  _LIN1INTA_ISR        
0     000082dc  _ECAN0INTA_ISR       
0     000082e1  _ECAN1INTA_ISR       
0     000082e6  _ADCINT3_ISR         
0     000082eb  _ADCINT4_ISR         
0     000082f0  _ADCINT5_ISR         
0     000082f5  _ADCINT6_ISR         
0     000082fa  _ADCINT7_ISR         
0     000082ff  _ADCINT8_ISR         
0     00008304  _CLA1_INT1_ISR       
0     00008309  _CLA1_INT2_ISR       
0     0000830e  _CLA1_INT3_ISR       
0     00008313  _CLA1_INT4_ISR       
0     00008318  _CLA1_INT5_ISR       
0     0000831d  _CLA1_INT6_ISR       
0     00008322  _CLA1_INT7_ISR       
0     00008327  _CLA1_INT8_ISR       
0     0000832c  _XINT3_ISR           
0     00008331  _LVF_ISR             
0     00008336  _LUF_ISR             
0     0000833b  _EMPTY_ISR           
0     00008340  _PIE_RESERVED        
0     00008345  _rsvd_ISR            
0     0000834a  _InitSysCtrl         
0     00008364  _ServiceDog          
0     0000836e  _DisableDog          
0     00008376  _InitPll             
0     000083cb  _InitPeripheralClocks
0     00008407  _CsmUnlock           
0     00008438  _IntOsc1Sel          
0     00008448  _IntOsc2Sel          
0     0000845c  _XtalOscSel          
0     00008478  _ExtOscSel           
0     0000848e  _cpu_timer0_isr      
0     0000849f  _xint2_isr           
0     000084ff  _epwm1_isr           
0     0000851d  _epwm2_isr           
0     0000853b  _epwm3_isr           
0     00008559  _InitEPwm            
0     0000855a  _InitEPwmGpio        
0     00008569  _InitEPwm1Gpio       
0     0000857b  _InitEPwm2Gpio       
0     0000858d  _InitEPwm3Gpio       
0     000085a1  _InitEPwm4Gpio       
0     000085b5  _InitEPwm5Gpio       
0     000085c7  _InitEPwm6Gpio       
0     000085d9  _InitEPwm7Gpio       
0     000085eb  _InitEPwmSyncGpio    
0     000085fc  _InitTzGpio          
0     0000861d  FS$$DIV              
0     000086a0  FS$$SUB              
0     000086a5  FS$$ADD              
0     00008718  _InitCpuTimers       
0     00008759  _ConfigCpuTimer      
0     0000878b  FS$$MPY              
0     000087e5  _c_int00             
0     00008829  FS$$TOL              
0     00008852  _InitPieCtrl         
0     00008871  _EnableInterrupts    
0     0000887a  _InitPieVectTable    
0     000088a2  FS$$TOI              
0     000088c7  I$$TOFS              
0     000088e1  L$$TOFS              
0     000088fb  __args_main          
0     00008914  C$$EXIT              
0     00008914  _abort               
0     00008916  _exit                
0     0000892d  __register_unlock    
0     00008931  __register_lock      
0     00008935  __nop                
0     0000893e  ___etext__           
0     0000893e  etext                
1     00000480  __stack              
1     00000800  __STACK_END          
1     00000880  _DevEmuRegs          
1     00000985  _SysPwrCtrlRegs      
1     00000a80  _FlashRegs           
1     00000ae0  _CsmRegs             
1     00000b00  _AdcResult           
1     00000c00  _CpuTimer0Regs       
1     00000c08  _CpuTimer1Regs       
1     00000c10  _CpuTimer2Regs       
1     00000ce0  _PieCtrlRegs         
1     00000d00  _EmuKey              
1     00000d00  _PieVectTable        
1     00000d01  _EmuBMode            
1     00000d02  _Flash_CallbackPtr   
1     00000d04  _Flash_CPUScaleFactor
1     00001400  _Cla1Regs            
1     00006000  _ECanaRegs           
1     00006040  _ECanaLAMRegs        
1     00006080  _ECanaMOTSRegs       
1     000060c0  _ECanaMOTORegs       
1     00006100  _ECanaMboxes         
1     00006400  _Comp1Regs           
1     00006420  _Comp2Regs           
1     00006440  _Comp3Regs           
1     00006800  _EPwm1Regs           
1     00006840  _EPwm2Regs           
1     00006880  _EPwm3Regs           
1     000068c0  _EPwm4Regs           
1     00006900  _EPwm5Regs           
1     00006940  _EPwm6Regs           
1     00006980  _EPwm7Regs           
1     00006a00  _ECap1Regs           
1     00006ac0  _HRCap1Regs          
1     00006ae0  _HRCap2Regs          
1     00006b00  _EQep1Regs           
1     00006c00  _LinaRegs            
1     00006f80  _GpioCtrlRegs        
1     00006fc0  _GpioDataRegs        
1     00006fe0  _GpioIntRegs         
1     00007010  _SysCtrlRegs         
1     00007040  _SpiaRegs            
1     00007050  _SciaRegs            
1     00007060  _NmiIntruptRegs      
1     00007070  _XIntruptRegs        
1     00007100  _AdcRegs             
1     00007740  _SpibRegs            
1     00007900  _I2caRegs            
1     00008d00  _PieVectTableInit    
1     00008e00  _I                   
1     00008e02  _pi                  
1     00008e04  _P                   
1     00008e06  _CpuTimer1           
1     00008e0e  _CpuTimer2           
1     00008e16  _CpuTimer0           
1     00008e1e  ___TI_cleanup_ptr    
1     00008e20  ___TI_dtors_ptr      
1     00008e22  __lock               
1     00008e24  __unlock             
1     00008e44  _t1                  
1     00008e46  _sollN               
1     00008e4a  _f_timer0            
1     00008e4c  _reglerErgebnis      
1     00008e4e  _n                   
1     00008e50  _epwm2_info          
1     00008e5e  _epwm1_info          
1     00008e6c  _epwm3_info          
1     00008e80  _sinus               
1     003d7e80  _PartIdRegs          
1     003f7ff8  _CsmPwl              
abs   00000380  __STACK_SIZE         
abs   ffffffff  ___binit__           
abs   ffffffff  ___c_args__          
abs   ffffffff  ___pinit__           
abs   ffffffff  binit                
abs   ffffffff  pinit                

[214 symbols]
