******************************************************************************
             TMS320C2000 Linker PC v6.4.6                      
******************************************************************************
>> Linked Wed Jan 20 11:12:26 2016

OUTPUT FILE NAME:   <Example_2803xEPwmUpDownAQ.out>
ENTRY POINT SYMBOL: "code_start"  address: 00000000


MEMORY CONFIGURATION

         name            origin    length      used     unused   attr    fill
----------------------  --------  ---------  --------  --------  ----  --------
PAGE 0:
  BEGIN                 00000000   00000002  00000002  00000000  RWIX
  RAMM0                 00000050   000003b0  00000069  00000347  RWIX
  RAML0L1               00008000   00000d00  00000796  0000056a  RWIX
  IQTABLES              003fe000   00000b50  00000000  00000b50  RWIX
  IQTABLES2             003feb50   0000008c  00000000  0000008c  RWIX
  IQTABLES3             003febdc   000000aa  00000000  000000aa  RWIX
  BOOTROM               003ff27c   00000d44  00000000  00000d44  RWIX
  RESET                 003fffc0   00000002  00000000  00000002  RWIX

PAGE 1:
  BOOT_RSVD             00000002   0000004e  00000000  0000004e  RWIX
  RAMM1                 00000480   00000380  00000380  00000000  RWIX
  DEV_EMU               00000880   00000105  00000004  00000101  RWIX
  SYS_PWR_CTL           00000985   00000003  00000003  00000000  RWIX
  FLASH_REGS            00000a80   00000060  00000008  00000058  RWIX
  CSM                   00000ae0   00000010  00000010  00000000  RWIX
  ADC_RESULT            00000b00   00000020  00000020  00000000  RWIX
  CPU_TIMER0            00000c00   00000008  00000008  00000000  RWIX
  CPU_TIMER1            00000c08   00000008  00000008  00000000  RWIX
  CPU_TIMER2            00000c10   00000008  00000008  00000000  RWIX
  PIE_CTRL              00000ce0   00000020  0000001a  00000006  RWIX
  PIE_VECT              00000d00   00000100  00000100  00000000  RWIX
  CLA1                  00001400   00000080  00000040  00000040  RWIX
  ECANA                 00006000   00000040  00000034  0000000c  RWIX
  ECANA_LAM             00006040   00000040  00000040  00000000  RWIX
  ECANA_MOTS            00006080   00000040  00000040  00000000  RWIX
  ECANA_MOTO            000060c0   00000040  00000040  00000000  RWIX
  ECANA_MBOX            00006100   00000100  00000100  00000000  RWIX
  COMP1                 00006400   00000020  00000014  0000000c  RWIX
  COMP2                 00006420   00000020  00000014  0000000c  RWIX
  COMP3                 00006440   00000020  00000014  0000000c  RWIX
  EPWM1                 00006800   00000040  00000040  00000000  RWIX
  EPWM2                 00006840   00000040  00000040  00000000  RWIX
  EPWM3                 00006880   00000040  00000040  00000000  RWIX
  EPWM4                 000068c0   00000040  00000040  00000000  RWIX
  EPWM5                 00006900   00000040  00000040  00000000  RWIX
  EPWM6                 00006940   00000040  00000040  00000000  RWIX
  EPWM7                 00006980   00000040  00000040  00000000  RWIX
  ECAP1                 00006a00   00000020  00000020  00000000  RWIX
  HRCAP1                00006ac0   00000020  00000020  00000000  RWIX
  HRCAP2                00006ae0   00000020  00000020  00000000  RWIX
  EQEP1                 00006b00   00000040  00000040  00000000  RWIX
  LINA                  00006c00   00000080  0000004a  00000036  RWIX
  GPIOCTRL              00006f80   00000040  00000040  00000000  RWIX
  GPIODAT               00006fc0   00000020  00000020  00000000  RWIX
  GPIOINT               00006fe0   00000020  0000000c  00000014  RWIX
  SYSTEM                00007010   00000020  00000020  00000000  RWIX
  SPIA                  00007040   00000010  00000010  00000000  RWIX
  SCIA                  00007050   00000010  00000010  00000000  RWIX
  NMIINTRUPT            00007060   00000010  00000010  00000000  RWIX
  XINTRUPT              00007070   00000010  00000010  00000000  RWIX
  ADC                   00007100   00000080  00000050  00000030  RWIX
  SPIB                  00007740   00000010  00000010  00000000  RWIX
  I2CA                  00007900   00000040  00000022  0000001e  RWIX
  RAML2                 00008d00   00000300  00000198  00000168  RWIX
  RAML3                 00009000   00001000  00000000  00001000  RWIX
  PARTID                003d7e80   00000001  00000001  00000000  RWIX
  CSM_PWL               003f7ff8   00000008  00000008  00000000  RWIX


SECTION ALLOCATION MAP

 output                                  attributes/
section   page    origin      length       input sections
--------  ----  ----------  ----------   ----------------
codestart 
*          0    00000000    00000002     
                  00000000    00000002     DSP2803x_CodeStartBranch.obj (codestart)

.cinit     0    00000050    00000065     
                  00000050    0000004f     Example_2803xEPwmUpDownAQ.obj (.cinit)
                  0000009f    0000000a     rts2800_ml.lib : exit.obj (.cinit)
                  000000a9    00000005                    : _lock.obj (.cinit:__lock)
                  000000ae    00000005                    : _lock.obj (.cinit:__unlock)
                  000000b3    00000002     --HOLE-- [fill = 0]

ramfuncs   0    000000b5    00000004     
                  000000b5    00000004     DSP2803x_usDelay.obj (ramfuncs)

.text      0    00008000    00000796     
                  00008000    000001c3     Example_2803xEPwmUpDownAQ.obj (.text)
                  000081c3    0000017c     DSP2803x_DefaultIsr.obj (.text:retain)
                  0000833f    00000144     DSP2803x_SysCtrl.obj (.text)
                  00008483    000000c4     DSP2803x_EPwm.obj (.text)
                  00008547    00000082     Example_2803xEPwmUpDownAQ.obj (.text:retain)
                  000085c9    00000073     DSP2803x_CpuTimers.obj (.text)
                  0000863c    0000005a     rts2800_ml.lib : fs_mpy.obj (.text)
                  00008696    00000044                    : boot.obj (.text)
                  000086da    00000029                    : fs_tol.obj (.text)
                  00008703    00000028     DSP2803x_PieCtrl.obj (.text)
                  0000872b    00000028     DSP2803x_PieVect.obj (.text)
                  00008753    00000019     rts2800_ml.lib : args_main.obj (.text)
                  0000876c    00000019                    : exit.obj (.text)
                  00008785    00000009                    : _lock.obj (.text)
                  0000878e    00000008     DSP2803x_CodeStartBranch.obj (.text)

.pinit     0    00000050    00000000     UNINITIALIZED

.reset     0    003fffc0    00000002     DSECT
                  003fffc0    00000002     rts2800_ml.lib : boot.obj (.reset)

.stack     1    00000480    00000380     UNINITIALIZED
                  00000480    00000380     --HOLE--

DevEmuRegsFile 
*          1    00000880    00000004     UNINITIALIZED
                  00000880    00000004     DSP2803x_GlobalVariableDefs.obj (DevEmuRegsFile)

SysPwrCtrlRegsFile 
*          1    00000985    00000003     UNINITIALIZED
                  00000985    00000003     DSP2803x_GlobalVariableDefs.obj (SysPwrCtrlRegsFile)

FlashRegsFile 
*          1    00000a80    00000008     UNINITIALIZED
                  00000a80    00000008     DSP2803x_GlobalVariableDefs.obj (FlashRegsFile)

CsmRegsFile 
*          1    00000ae0    00000010     UNINITIALIZED
                  00000ae0    00000010     DSP2803x_GlobalVariableDefs.obj (CsmRegsFile)

AdcResultFile 
*          1    00000b00    00000020     UNINITIALIZED
                  00000b00    00000020     DSP2803x_GlobalVariableDefs.obj (AdcResultFile)

CpuTimer0RegsFile 
*          1    00000c00    00000008     UNINITIALIZED
                  00000c00    00000008     DSP2803x_GlobalVariableDefs.obj (CpuTimer0RegsFile)

CpuTimer1RegsFile 
*          1    00000c08    00000008     UNINITIALIZED
                  00000c08    00000008     DSP2803x_GlobalVariableDefs.obj (CpuTimer1RegsFile)

CpuTimer2RegsFile 
*          1    00000c10    00000008     UNINITIALIZED
                  00000c10    00000008     DSP2803x_GlobalVariableDefs.obj (CpuTimer2RegsFile)

PieCtrlRegsFile 
*          1    00000ce0    0000001a     UNINITIALIZED
                  00000ce0    0000001a     DSP2803x_GlobalVariableDefs.obj (PieCtrlRegsFile)

PieVectTableFile 
*          1    00000d00    00000100     UNINITIALIZED
                  00000d00    00000100     DSP2803x_GlobalVariableDefs.obj (PieVectTableFile)

EmuKeyVar 
*          1    00000d00    00000001     UNINITIALIZED
                  00000d00    00000001     DSP2803x_GlobalVariableDefs.obj (EmuKeyVar)

EmuBModeVar 
*          1    00000d01    00000001     UNINITIALIZED
                  00000d01    00000001     DSP2803x_GlobalVariableDefs.obj (EmuBModeVar)

FlashCallbackVar 
*          1    00000d02    00000002     UNINITIALIZED
                  00000d02    00000002     DSP2803x_GlobalVariableDefs.obj (FlashCallbackVar)

FlashScalingVar 
*          1    00000d04    00000002     UNINITIALIZED
                  00000d04    00000002     DSP2803x_GlobalVariableDefs.obj (FlashScalingVar)

Cla1RegsFile 
*          1    00001400    00000040     UNINITIALIZED
                  00001400    00000040     DSP2803x_GlobalVariableDefs.obj (Cla1RegsFile)

ECanaRegsFile 
*          1    00006000    00000034     UNINITIALIZED
                  00006000    00000034     DSP2803x_GlobalVariableDefs.obj (ECanaRegsFile)

ECanaLAMRegsFile 
*          1    00006040    00000040     UNINITIALIZED
                  00006040    00000040     DSP2803x_GlobalVariableDefs.obj (ECanaLAMRegsFile)

ECanaMOTSRegsFile 
*          1    00006080    00000040     UNINITIALIZED
                  00006080    00000040     DSP2803x_GlobalVariableDefs.obj (ECanaMOTSRegsFile)

ECanaMOTORegsFile 
*          1    000060c0    00000040     UNINITIALIZED
                  000060c0    00000040     DSP2803x_GlobalVariableDefs.obj (ECanaMOTORegsFile)

ECanaMboxesFile 
*          1    00006100    00000100     UNINITIALIZED
                  00006100    00000100     DSP2803x_GlobalVariableDefs.obj (ECanaMboxesFile)

Comp1RegsFile 
*          1    00006400    00000014     UNINITIALIZED
                  00006400    00000014     DSP2803x_GlobalVariableDefs.obj (Comp1RegsFile)

Comp2RegsFile 
*          1    00006420    00000014     UNINITIALIZED
                  00006420    00000014     DSP2803x_GlobalVariableDefs.obj (Comp2RegsFile)

Comp3RegsFile 
*          1    00006440    00000014     UNINITIALIZED
                  00006440    00000014     DSP2803x_GlobalVariableDefs.obj (Comp3RegsFile)

EPwm1RegsFile 
*          1    00006800    00000040     UNINITIALIZED
                  00006800    00000040     DSP2803x_GlobalVariableDefs.obj (EPwm1RegsFile)

EPwm2RegsFile 
*          1    00006840    00000040     UNINITIALIZED
                  00006840    00000040     DSP2803x_GlobalVariableDefs.obj (EPwm2RegsFile)

EPwm3RegsFile 
*          1    00006880    00000040     UNINITIALIZED
                  00006880    00000040     DSP2803x_GlobalVariableDefs.obj (EPwm3RegsFile)

EPwm4RegsFile 
*          1    000068c0    00000040     UNINITIALIZED
                  000068c0    00000040     DSP2803x_GlobalVariableDefs.obj (EPwm4RegsFile)

EPwm5RegsFile 
*          1    00006900    00000040     UNINITIALIZED
                  00006900    00000040     DSP2803x_GlobalVariableDefs.obj (EPwm5RegsFile)

EPwm6RegsFile 
*          1    00006940    00000040     UNINITIALIZED
                  00006940    00000040     DSP2803x_GlobalVariableDefs.obj (EPwm6RegsFile)

EPwm7RegsFile 
*          1    00006980    00000040     UNINITIALIZED
                  00006980    00000040     DSP2803x_GlobalVariableDefs.obj (EPwm7RegsFile)

ECap1RegsFile 
*          1    00006a00    00000020     UNINITIALIZED
                  00006a00    00000020     DSP2803x_GlobalVariableDefs.obj (ECap1RegsFile)

HRCap1RegsFile 
*          1    00006ac0    00000020     UNINITIALIZED
                  00006ac0    00000020     DSP2803x_GlobalVariableDefs.obj (HRCap1RegsFile)

HRCap2RegsFile 
*          1    00006ae0    00000020     UNINITIALIZED
                  00006ae0    00000020     DSP2803x_GlobalVariableDefs.obj (HRCap2RegsFile)

EQep1RegsFile 
*          1    00006b00    00000040     UNINITIALIZED
                  00006b00    00000040     DSP2803x_GlobalVariableDefs.obj (EQep1RegsFile)

LinaRegsFile 
*          1    00006c00    0000004a     UNINITIALIZED
                  00006c00    0000004a     DSP2803x_GlobalVariableDefs.obj (LinaRegsFile)

GpioCtrlRegsFile 
*          1    00006f80    00000040     UNINITIALIZED
                  00006f80    00000040     DSP2803x_GlobalVariableDefs.obj (GpioCtrlRegsFile)

GpioDataRegsFile 
*          1    00006fc0    00000020     UNINITIALIZED
                  00006fc0    00000020     DSP2803x_GlobalVariableDefs.obj (GpioDataRegsFile)

GpioIntRegsFile 
*          1    00006fe0    0000000c     UNINITIALIZED
                  00006fe0    0000000c     DSP2803x_GlobalVariableDefs.obj (GpioIntRegsFile)

SysCtrlRegsFile 
*          1    00007010    00000020     UNINITIALIZED
                  00007010    00000020     DSP2803x_GlobalVariableDefs.obj (SysCtrlRegsFile)

SpiaRegsFile 
*          1    00007040    00000010     UNINITIALIZED
                  00007040    00000010     DSP2803x_GlobalVariableDefs.obj (SpiaRegsFile)

SciaRegsFile 
*          1    00007050    00000010     UNINITIALIZED
                  00007050    00000010     DSP2803x_GlobalVariableDefs.obj (SciaRegsFile)

NmiIntruptRegsFile 
*          1    00007060    00000010     UNINITIALIZED
                  00007060    00000010     DSP2803x_GlobalVariableDefs.obj (NmiIntruptRegsFile)

XIntruptRegsFile 
*          1    00007070    00000010     UNINITIALIZED
                  00007070    00000010     DSP2803x_GlobalVariableDefs.obj (XIntruptRegsFile)

AdcRegsFile 
*          1    00007100    00000050     UNINITIALIZED
                  00007100    00000050     DSP2803x_GlobalVariableDefs.obj (AdcRegsFile)

SpibRegsFile 
*          1    00007740    00000010     UNINITIALIZED
                  00007740    00000010     DSP2803x_GlobalVariableDefs.obj (SpibRegsFile)

I2caRegsFile 
*          1    00007900    00000022     UNINITIALIZED
                  00007900    00000022     DSP2803x_GlobalVariableDefs.obj (I2caRegsFile)

.econst    1    00008d00    00000100     
                  00008d00    00000100     DSP2803x_PieVect.obj (.econst)

.ebss      1    00008e00    00000098     UNINITIALIZED
                  00008e00    00000072     Example_2803xEPwmUpDownAQ.obj (.ebss)
                  00008e72    00000004     rts2800_ml.lib : exit.obj (.ebss)
                  00008e76    00000002                    : _lock.obj (.ebss:__lock)
                  00008e78    00000002                    : _lock.obj (.ebss:__unlock)
                  00008e7a    00000006     --HOLE--
                  00008e80    00000018     DSP2803x_CpuTimers.obj (.ebss)

PartIdRegsFile 
*          1    003d7e80    00000001     UNINITIALIZED
                  003d7e80    00000001     DSP2803x_GlobalVariableDefs.obj (PartIdRegsFile)

CsmPwlFile 
*          1    003f7ff8    00000008     UNINITIALIZED
                  003f7ff8    00000008     DSP2803x_GlobalVariableDefs.obj (CsmPwlFile)


GLOBAL DATA SYMBOLS: SORTED BY DATA PAGE

address     data page           name
--------    ----------------    ----
00000480      12 (00000480)     __stack

00000880      22 (00000880)     _DevEmuRegs

00000985      26 (00000980)     _SysPwrCtrlRegs

00000a80      2a (00000a80)     _FlashRegs

00000ae0      2b (00000ac0)     _CsmRegs

00000b00      2c (00000b00)     _AdcResult

00000c00      30 (00000c00)     _CpuTimer0Regs
00000c08      30 (00000c00)     _CpuTimer1Regs
00000c10      30 (00000c00)     _CpuTimer2Regs

00000ce0      33 (00000cc0)     _PieCtrlRegs

00000d00      34 (00000d00)     _EmuKey
00000d00      34 (00000d00)     _PieVectTable
00000d01      34 (00000d00)     _EmuBMode
00000d02      34 (00000d00)     _Flash_CallbackPtr
00000d04      34 (00000d00)     _Flash_CPUScaleFactor

00001400      50 (00001400)     _Cla1Regs

00006000     180 (00006000)     _ECanaRegs

00006040     181 (00006040)     _ECanaLAMRegs

00006080     182 (00006080)     _ECanaMOTSRegs

000060c0     183 (000060c0)     _ECanaMOTORegs

00006100     184 (00006100)     _ECanaMboxes

00006400     190 (00006400)     _Comp1Regs
00006420     190 (00006400)     _Comp2Regs

00006440     191 (00006440)     _Comp3Regs

00006800     1a0 (00006800)     _EPwm1Regs

00006840     1a1 (00006840)     _EPwm2Regs

00006880     1a2 (00006880)     _EPwm3Regs

000068c0     1a3 (000068c0)     _EPwm4Regs

00006900     1a4 (00006900)     _EPwm5Regs

00006940     1a5 (00006940)     _EPwm6Regs

00006980     1a6 (00006980)     _EPwm7Regs

00006a00     1a8 (00006a00)     _ECap1Regs

00006ac0     1ab (00006ac0)     _HRCap1Regs
00006ae0     1ab (00006ac0)     _HRCap2Regs

00006b00     1ac (00006b00)     _EQep1Regs

00006c00     1b0 (00006c00)     _LinaRegs

00006f80     1be (00006f80)     _GpioCtrlRegs

00006fc0     1bf (00006fc0)     _GpioDataRegs
00006fe0     1bf (00006fc0)     _GpioIntRegs

00007010     1c0 (00007000)     _SysCtrlRegs

00007040     1c1 (00007040)     _SpiaRegs
00007050     1c1 (00007040)     _SciaRegs
00007060     1c1 (00007040)     _NmiIntruptRegs
00007070     1c1 (00007040)     _XIntruptRegs

00007100     1c4 (00007100)     _AdcRegs

00007740     1dd (00007740)     _SpibRegs

00007900     1e4 (00007900)     _I2caRegs

00008d00     234 (00008d00)     _PieVectTableInit

00008e01     238 (00008e00)     _t1
00008e04     238 (00008e00)     _pi
00008e06     238 (00008e00)     _duty
00008e08     238 (00008e00)     _epwm2_info
00008e16     238 (00008e00)     _epwm3_info
00008e24     238 (00008e00)     _epwm1_info

00008e40     239 (00008e40)     _sinus
00008e72     239 (00008e40)     ___TI_cleanup_ptr
00008e74     239 (00008e40)     ___TI_dtors_ptr
00008e76     239 (00008e40)     __lock
00008e78     239 (00008e40)     __unlock

00008e80     23a (00008e80)     _CpuTimer1
00008e88     23a (00008e80)     _CpuTimer2
00008e90     23a (00008e80)     _CpuTimer0

003d7e80    f5fa (003d7e80)     _PartIdRegs

003f7ff8    fdff (003f7fc0)     _CsmPwl


GLOBAL SYMBOLS: SORTED ALPHABETICALLY BY Name 

page  address   name                 
----  -------   ----                 
0     00008000  .text                
0     0000876c  C$$EXIT              
0     0000863c  FS$$MPY              
0     000086da  FS$$TOL              
0     00008222  _ADCINT1_ISR         
0     00008227  _ADCINT2_ISR         
0     000082db  _ADCINT3_ISR         
0     000082e0  _ADCINT4_ISR         
0     000082e5  _ADCINT5_ISR         
0     000082ea  _ADCINT6_ISR         
0     000082ef  _ADCINT7_ISR         
0     000082f4  _ADCINT8_ISR         
0     00008236  _ADCINT9_ISR         
1     00007100  _AdcRegs             
1     00000b00  _AdcResult           
0     000082f9  _CLA1_INT1_ISR       
0     000082fe  _CLA1_INT2_ISR       
0     00008303  _CLA1_INT3_ISR       
0     00008308  _CLA1_INT4_ISR       
0     0000830d  _CLA1_INT5_ISR       
0     00008312  _CLA1_INT6_ISR       
0     00008317  _CLA1_INT7_ISR       
0     0000831c  _CLA1_INT8_ISR       
1     00001400  _Cla1Regs            
1     00006400  _Comp1Regs           
1     00006420  _Comp2Regs           
1     00006440  _Comp3Regs           
0     0000860a  _ConfigCpuTimer      
1     00008e90  _CpuTimer0           
1     00000c00  _CpuTimer0Regs       
1     00008e80  _CpuTimer1           
1     00000c08  _CpuTimer1Regs       
1     00008e88  _CpuTimer2           
1     00000c10  _CpuTimer2Regs       
1     003f7ff8  _CsmPwl              
1     00000ae0  _CsmRegs             
0     000083fc  _CsmUnlock           
0     000081cd  _DATALOG_ISR         
0     000000b5  _DSP28x_usDelay      
1     00000880  _DevEmuRegs          
0     00008363  _DisableDog          
0     000082d1  _ECAN0INTA_ISR       
0     000082d6  _ECAN1INTA_ISR       
0     0000828b  _ECAP1_INT_ISR       
1     00006040  _ECanaLAMRegs        
1     000060c0  _ECanaMOTORegs       
1     00006080  _ECanaMOTSRegs       
1     00006100  _ECanaMboxes         
1     00006000  _ECanaRegs           
1     00006a00  _ECap1Regs           
0     00008330  _EMPTY_ISR           
0     000081d7  _EMUINT_ISR          
0     00008268  _EPWM1_INT_ISR       
0     00008245  _EPWM1_TZINT_ISR     
0     0000826d  _EPWM2_INT_ISR       
0     0000824a  _EPWM2_TZINT_ISR     
0     00008272  _EPWM3_INT_ISR       
0     0000824f  _EPWM3_TZINT_ISR     
0     00008277  _EPWM4_INT_ISR       
0     00008254  _EPWM4_TZINT_ISR     
0     0000827c  _EPWM5_INT_ISR       
0     00008259  _EPWM5_TZINT_ISR     
0     00008281  _EPWM6_INT_ISR       
0     0000825e  _EPWM6_TZINT_ISR     
0     00008286  _EPWM7_INT_ISR       
0     00008263  _EPWM7_TZINT_ISR     
1     00006800  _EPwm1Regs           
1     00006840  _EPwm2Regs           
1     00006880  _EPwm3Regs           
1     000068c0  _EPwm4Regs           
1     00006900  _EPwm5Regs           
1     00006940  _EPwm6Regs           
1     00006980  _EPwm7Regs           
0     0000829a  _EQEP1_INT_ISR       
1     00006b00  _EQep1Regs           
1     00000d01  _EmuBMode            
1     00000d00  _EmuKey              
0     00008722  _EnableInterrupts    
0     0000846d  _ExtOscSel           
1     00000a80  _FlashRegs           
1     00000d04  _Flash_CPUScaleFactor
1     00000d02  _Flash_CallbackPtr   
1     00006f80  _GpioCtrlRegs        
1     00006fc0  _GpioDataRegs        
1     00006fe0  _GpioIntRegs         
0     00008290  _HRCAP1_INT_ISR      
0     00008295  _HRCAP2_INT_ISR      
1     00006ac0  _HRCap1Regs          
1     00006ae0  _HRCap2Regs          
0     000082b3  _I2CINT1A_ISR        
0     000082b8  _I2CINT2A_ISR        
1     00007900  _I2caRegs            
0     000081e1  _ILLEGAL_ISR         
0     000081c3  _INT13_ISR           
0     000081c8  _INT14_ISR           
0     000085c9  _InitCpuTimers       
0     00008483  _InitEPwm            
0     00008000  _InitEPwm1Example    
0     00008493  _InitEPwm1Gpio       
0     00008046  _InitEPwm2Example    
0     000084a5  _InitEPwm2Gpio       
0     00008089  _InitEPwm3Example    
0     000084b7  _InitEPwm3Gpio       
0     000084cb  _InitEPwm4Gpio       
0     000084df  _InitEPwm5Gpio       
0     000084f1  _InitEPwm6Gpio       
0     00008503  _InitEPwm7Gpio       
0     00008484  _InitEPwmGpio        
0     00008515  _InitEPwmSyncGpio    
0     000083c0  _InitPeripheralClocks
0     00008703  _InitPieCtrl         
0     0000872b  _InitPieVectTable    
0     0000836b  _InitPll             
0     0000833f  _InitSysCtrl         
0     00008526  _InitTzGpio          
0     0000842d  _IntOsc1Sel          
0     0000843d  _IntOsc2Sel          
0     000082c7  _LIN0INTA_ISR        
0     000082cc  _LIN1INTA_ISR        
0     0000832b  _LUF_ISR             
0     00008326  _LVF_ISR             
1     00006c00  _LinaRegs            
0     000081dc  _NMI_ISR             
1     00007060  _NmiIntruptRegs      
0     00008335  _PIE_RESERVED        
1     003d7e80  _PartIdRegs          
1     00000ce0  _PieCtrlRegs         
1     00000d00  _PieVectTable        
1     00008d00  _PieVectTableInit    
0     000081d2  _RTOSINT_ISR         
0     000082bd  _SCIRXINTA_ISR       
0     000082c2  _SCITXINTA_ISR       
0     0000829f  _SPIRXINTA_ISR       
0     000082a9  _SPIRXINTB_ISR       
0     000082a4  _SPITXINTA_ISR       
0     000082ae  _SPITXINTB_ISR       
1     00007050  _SciaRegs            
0     00008359  _ServiceDog          
1     00007040  _SpiaRegs            
1     00007740  _SpibRegs            
1     00007010  _SysCtrlRegs         
1     00000985  _SysPwrCtrlRegs      
0     0000823b  _TINT0_ISR           
0     00008213  _USER10_ISR          
0     00008218  _USER11_ISR          
0     0000821d  _USER12_ISR          
0     000081e6  _USER1_ISR           
0     000081eb  _USER2_ISR           
0     000081f0  _USER3_ISR           
0     000081f5  _USER4_ISR           
0     000081fa  _USER5_ISR           
0     000081ff  _USER6_ISR           
0     00008204  _USER7_ISR           
0     00008209  _USER8_ISR           
0     0000820e  _USER9_ISR           
0     00008240  _WAKEINT_ISR         
0     0000822c  _XINT1_ISR           
0     00008231  _XINT2_ISR           
0     00008321  _XINT3_ISR           
1     00007070  _XIntruptRegs        
0     00008451  _XtalOscSel          
1     00000800  __STACK_END          
abs   00000380  __STACK_SIZE         
1     00008e72  ___TI_cleanup_ptr    
1     00008e74  ___TI_dtors_ptr      
abs   ffffffff  ___binit__           
abs   ffffffff  ___c_args__          
0     00000050  ___cinit__           
0     00008796  ___etext__           
abs   ffffffff  ___pinit__           
0     00008000  ___text__            
0     00008753  __args_main          
1     00008e76  __lock               
0     0000878d  __nop                
0     00008789  __register_lock      
0     00008785  __register_unlock    
1     00000480  __stack              
1     00008e78  __unlock             
0     0000876c  _abort               
0     00008696  _c_int00             
0     00008547  _cpu_timer0_isr      
1     00008e06  _duty                
1     00008e24  _epwm1_info          
0     0000856f  _epwm1_isr           
1     00008e08  _epwm2_info          
0     0000858d  _epwm2_isr           
1     00008e16  _epwm3_info          
0     000085ab  _epwm3_isr           
0     0000876e  _exit                
0     000080cc  _main                
1     00008e04  _pi                  
0     0000833a  _rsvd_ISR            
1     00008e40  _sinus               
1     00008e01  _t1                  
0     00008154  _update_compare1     
0     00008179  _update_compare2     
0     0000819e  _update_compare3     
0     00008555  _xint2_isr           
abs   ffffffff  binit                
0     00000050  cinit                
0     00000000  code_start           
0     00008796  etext                
abs   ffffffff  pinit                


GLOBAL SYMBOLS: SORTED BY Symbol Address 

page  address   name                 
----  -------   ----                 
0     00000000  code_start           
0     00000050  ___cinit__           
0     00000050  cinit                
0     000000b5  _DSP28x_usDelay      
0     00008000  .text                
0     00008000  _InitEPwm1Example    
0     00008000  ___text__            
0     00008046  _InitEPwm2Example    
0     00008089  _InitEPwm3Example    
0     000080cc  _main                
0     00008154  _update_compare1     
0     00008179  _update_compare2     
0     0000819e  _update_compare3     
0     000081c3  _INT13_ISR           
0     000081c8  _INT14_ISR           
0     000081cd  _DATALOG_ISR         
0     000081d2  _RTOSINT_ISR         
0     000081d7  _EMUINT_ISR          
0     000081dc  _NMI_ISR             
0     000081e1  _ILLEGAL_ISR         
0     000081e6  _USER1_ISR           
0     000081eb  _USER2_ISR           
0     000081f0  _USER3_ISR           
0     000081f5  _USER4_ISR           
0     000081fa  _USER5_ISR           
0     000081ff  _USER6_ISR           
0     00008204  _USER7_ISR           
0     00008209  _USER8_ISR           
0     0000820e  _USER9_ISR           
0     00008213  _USER10_ISR          
0     00008218  _USER11_ISR          
0     0000821d  _USER12_ISR          
0     00008222  _ADCINT1_ISR         
0     00008227  _ADCINT2_ISR         
0     0000822c  _XINT1_ISR           
0     00008231  _XINT2_ISR           
0     00008236  _ADCINT9_ISR         
0     0000823b  _TINT0_ISR           
0     00008240  _WAKEINT_ISR         
0     00008245  _EPWM1_TZINT_ISR     
0     0000824a  _EPWM2_TZINT_ISR     
0     0000824f  _EPWM3_TZINT_ISR     
0     00008254  _EPWM4_TZINT_ISR     
0     00008259  _EPWM5_TZINT_ISR     
0     0000825e  _EPWM6_TZINT_ISR     
0     00008263  _EPWM7_TZINT_ISR     
0     00008268  _EPWM1_INT_ISR       
0     0000826d  _EPWM2_INT_ISR       
0     00008272  _EPWM3_INT_ISR       
0     00008277  _EPWM4_INT_ISR       
0     0000827c  _EPWM5_INT_ISR       
0     00008281  _EPWM6_INT_ISR       
0     00008286  _EPWM7_INT_ISR       
0     0000828b  _ECAP1_INT_ISR       
0     00008290  _HRCAP1_INT_ISR      
0     00008295  _HRCAP2_INT_ISR      
0     0000829a  _EQEP1_INT_ISR       
0     0000829f  _SPIRXINTA_ISR       
0     000082a4  _SPITXINTA_ISR       
0     000082a9  _SPIRXINTB_ISR       
0     000082ae  _SPITXINTB_ISR       
0     000082b3  _I2CINT1A_ISR        
0     000082b8  _I2CINT2A_ISR        
0     000082bd  _SCIRXINTA_ISR       
0     000082c2  _SCITXINTA_ISR       
0     000082c7  _LIN0INTA_ISR        
0     000082cc  _LIN1INTA_ISR        
0     000082d1  _ECAN0INTA_ISR       
0     000082d6  _ECAN1INTA_ISR       
0     000082db  _ADCINT3_ISR         
0     000082e0  _ADCINT4_ISR         
0     000082e5  _ADCINT5_ISR         
0     000082ea  _ADCINT6_ISR         
0     000082ef  _ADCINT7_ISR         
0     000082f4  _ADCINT8_ISR         
0     000082f9  _CLA1_INT1_ISR       
0     000082fe  _CLA1_INT2_ISR       
0     00008303  _CLA1_INT3_ISR       
0     00008308  _CLA1_INT4_ISR       
0     0000830d  _CLA1_INT5_ISR       
0     00008312  _CLA1_INT6_ISR       
0     00008317  _CLA1_INT7_ISR       
0     0000831c  _CLA1_INT8_ISR       
0     00008321  _XINT3_ISR           
0     00008326  _LVF_ISR             
0     0000832b  _LUF_ISR             
0     00008330  _EMPTY_ISR           
0     00008335  _PIE_RESERVED        
0     0000833a  _rsvd_ISR            
0     0000833f  _InitSysCtrl         
0     00008359  _ServiceDog          
0     00008363  _DisableDog          
0     0000836b  _InitPll             
0     000083c0  _InitPeripheralClocks
0     000083fc  _CsmUnlock           
0     0000842d  _IntOsc1Sel          
0     0000843d  _IntOsc2Sel          
0     00008451  _XtalOscSel          
0     0000846d  _ExtOscSel           
0     00008483  _InitEPwm            
0     00008484  _InitEPwmGpio        
0     00008493  _InitEPwm1Gpio       
0     000084a5  _InitEPwm2Gpio       
0     000084b7  _InitEPwm3Gpio       
0     000084cb  _InitEPwm4Gpio       
0     000084df  _InitEPwm5Gpio       
0     000084f1  _InitEPwm6Gpio       
0     00008503  _InitEPwm7Gpio       
0     00008515  _InitEPwmSyncGpio    
0     00008526  _InitTzGpio          
0     00008547  _cpu_timer0_isr      
0     00008555  _xint2_isr           
0     0000856f  _epwm1_isr           
0     0000858d  _epwm2_isr           
0     000085ab  _epwm3_isr           
0     000085c9  _InitCpuTimers       
0     0000860a  _ConfigCpuTimer      
0     0000863c  FS$$MPY              
0     00008696  _c_int00             
0     000086da  FS$$TOL              
0     00008703  _InitPieCtrl         
0     00008722  _EnableInterrupts    
0     0000872b  _InitPieVectTable    
0     00008753  __args_main          
0     0000876c  C$$EXIT              
0     0000876c  _abort               
0     0000876e  _exit                
0     00008785  __register_unlock    
0     00008789  __register_lock      
0     0000878d  __nop                
0     00008796  ___etext__           
0     00008796  etext                
1     00000480  __stack              
1     00000800  __STACK_END          
1     00000880  _DevEmuRegs          
1     00000985  _SysPwrCtrlRegs      
1     00000a80  _FlashRegs           
1     00000ae0  _CsmRegs             
1     00000b00  _AdcResult           
1     00000c00  _CpuTimer0Regs       
1     00000c08  _CpuTimer1Regs       
1     00000c10  _CpuTimer2Regs       
1     00000ce0  _PieCtrlRegs         
1     00000d00  _EmuKey              
1     00000d00  _PieVectTable        
1     00000d01  _EmuBMode            
1     00000d02  _Flash_CallbackPtr   
1     00000d04  _Flash_CPUScaleFactor
1     00001400  _Cla1Regs            
1     00006000  _ECanaRegs           
1     00006040  _ECanaLAMRegs        
1     00006080  _ECanaMOTSRegs       
1     000060c0  _ECanaMOTORegs       
1     00006100  _ECanaMboxes         
1     00006400  _Comp1Regs           
1     00006420  _Comp2Regs           
1     00006440  _Comp3Regs           
1     00006800  _EPwm1Regs           
1     00006840  _EPwm2Regs           
1     00006880  _EPwm3Regs           
1     000068c0  _EPwm4Regs           
1     00006900  _EPwm5Regs           
1     00006940  _EPwm6Regs           
1     00006980  _EPwm7Regs           
1     00006a00  _ECap1Regs           
1     00006ac0  _HRCap1Regs          
1     00006ae0  _HRCap2Regs          
1     00006b00  _EQep1Regs           
1     00006c00  _LinaRegs            
1     00006f80  _GpioCtrlRegs        
1     00006fc0  _GpioDataRegs        
1     00006fe0  _GpioIntRegs         
1     00007010  _SysCtrlRegs         
1     00007040  _SpiaRegs            
1     00007050  _SciaRegs            
1     00007060  _NmiIntruptRegs      
1     00007070  _XIntruptRegs        
1     00007100  _AdcRegs             
1     00007740  _SpibRegs            
1     00007900  _I2caRegs            
1     00008d00  _PieVectTableInit    
1     00008e01  _t1                  
1     00008e04  _pi                  
1     00008e06  _duty                
1     00008e08  _epwm2_info          
1     00008e16  _epwm3_info          
1     00008e24  _epwm1_info          
1     00008e40  _sinus               
1     00008e72  ___TI_cleanup_ptr    
1     00008e74  ___TI_dtors_ptr      
1     00008e76  __lock               
1     00008e78  __unlock             
1     00008e80  _CpuTimer1           
1     00008e88  _CpuTimer2           
1     00008e90  _CpuTimer0           
1     003d7e80  _PartIdRegs          
1     003f7ff8  _CsmPwl              
abs   00000380  __STACK_SIZE         
abs   ffffffff  ___binit__           
abs   ffffffff  ___c_args__          
abs   ffffffff  ___pinit__           
abs   ffffffff  binit                
abs   ffffffff  pinit                

[203 symbols]
