******************************************************************************
             TMS320C2000 Linker PC v6.4.6                      
******************************************************************************
>> Linked Thu Jan 14 16:48:26 2016

OUTPUT FILE NAME:   <Example_2803xEPwmUpDownAQ.out>
ENTRY POINT SYMBOL: "code_start"  address: 00000000


MEMORY CONFIGURATION

         name            origin    length      used     unused   attr    fill
----------------------  --------  ---------  --------  --------  ----  --------
PAGE 0:
  BEGIN                 00000000   00000002  00000002  00000000  RWIX
  RAMM0                 00000050   000003b0  00000023  0000038d  RWIX
  RAML0L1               00008000   00000d00  0000076e  00000592  RWIX
  IQTABLES              003fe000   00000b50  00000000  00000b50  RWIX
  IQTABLES2             003feb50   0000008c  00000000  0000008c  RWIX
  IQTABLES3             003febdc   000000aa  00000000  000000aa  RWIX
  BOOTROM               003ff27c   00000d44  00000000  00000d44  RWIX
  RESET                 003fffc0   00000002  00000000  00000002  RWIX

PAGE 1:
  BOOT_RSVD             00000002   0000004e  00000000  0000004e  RWIX
  RAMM1                 00000480   00000380  00000380  00000000  RWIX
  DEV_EMU               00000880   00000105  00000004  00000101  RWIX
  SYS_PWR_CTL           00000985   00000003  00000003  00000000  RWIX
  FLASH_REGS            00000a80   00000060  00000008  00000058  RWIX
  CSM                   00000ae0   00000010  00000010  00000000  RWIX
  ADC_RESULT            00000b00   00000020  00000020  00000000  RWIX
  CPU_TIMER0            00000c00   00000008  00000008  00000000  RWIX
  CPU_TIMER1            00000c08   00000008  00000008  00000000  RWIX
  CPU_TIMER2            00000c10   00000008  00000008  00000000  RWIX
  PIE_CTRL              00000ce0   00000020  0000001a  00000006  RWIX
  PIE_VECT              00000d00   00000100  00000100  00000000  RWIX
  CLA1                  00001400   00000080  00000040  00000040  RWIX
  ECANA                 00006000   00000040  00000034  0000000c  RWIX
  ECANA_LAM             00006040   00000040  00000040  00000000  RWIX
  ECANA_MOTS            00006080   00000040  00000040  00000000  RWIX
  ECANA_MOTO            000060c0   00000040  00000040  00000000  RWIX
  ECANA_MBOX            00006100   00000100  00000100  00000000  RWIX
  COMP1                 00006400   00000020  00000014  0000000c  RWIX
  COMP2                 00006420   00000020  00000014  0000000c  RWIX
  COMP3                 00006440   00000020  00000014  0000000c  RWIX
  EPWM1                 00006800   00000040  00000040  00000000  RWIX
  EPWM2                 00006840   00000040  00000040  00000000  RWIX
  EPWM3                 00006880   00000040  00000040  00000000  RWIX
  EPWM4                 000068c0   00000040  00000040  00000000  RWIX
  EPWM5                 00006900   00000040  00000040  00000000  RWIX
  EPWM6                 00006940   00000040  00000040  00000000  RWIX
  EPWM7                 00006980   00000040  00000040  00000000  RWIX
  ECAP1                 00006a00   00000020  00000020  00000000  RWIX
  HRCAP1                00006ac0   00000020  00000020  00000000  RWIX
  HRCAP2                00006ae0   00000020  00000020  00000000  RWIX
  EQEP1                 00006b00   00000040  00000040  00000000  RWIX
  LINA                  00006c00   00000080  0000004a  00000036  RWIX
  GPIOCTRL              00006f80   00000040  00000040  00000000  RWIX
  GPIODAT               00006fc0   00000020  00000020  00000000  RWIX
  GPIOINT               00006fe0   00000020  0000000c  00000014  RWIX
  SYSTEM                00007010   00000020  00000020  00000000  RWIX
  SPIA                  00007040   00000010  00000010  00000000  RWIX
  SCIA                  00007050   00000010  00000010  00000000  RWIX
  NMIINTRUPT            00007060   00000010  00000010  00000000  RWIX
  XINTRUPT              00007070   00000010  00000010  00000000  RWIX
  ADC                   00007100   00000080  00000050  00000030  RWIX
  SPIB                  00007740   00000010  00000010  00000000  RWIX
  I2CA                  00007900   00000040  00000022  0000001e  RWIX
  RAML2                 00008d00   00000300  00000158  000001a8  RWIX
  RAML3                 00009000   00001000  00000000  00001000  RWIX
  PARTID                003d7e80   00000001  00000001  00000000  RWIX
  CSM_PWL               003f7ff8   00000008  00000008  00000000  RWIX


SECTION ALLOCATION MAP

 output                                  attributes/
section   page    origin      length       input sections
--------  ----  ----------  ----------   ----------------
codestart 
*          0    00000000    00000002     
                  00000000    00000002     DSP2803x_CodeStartBranch.obj (codestart)

.cinit     0    00000050    0000001f     
                  00000050    0000000a     rts2800_ml.lib : exit.obj (.cinit)
                  0000005a    00000009     Example_2803xEPwmUpDownAQ.obj (.cinit)
                  00000063    00000005     rts2800_ml.lib : _lock.obj (.cinit:__lock)
                  00000068    00000005                    : _lock.obj (.cinit:__unlock)
                  0000006d    00000002     --HOLE-- [fill = 0]

ramfuncs   0    0000006f    00000004     
                  0000006f    00000004     DSP2803x_usDelay.obj (ramfuncs)

.text      0    00008000    0000076e     
                  00008000    00000188     Example_2803xEPwmUpDownAQ.obj (.text)
                  00008188    0000017c     DSP2803x_DefaultIsr.obj (.text:retain)
                  00008304    00000144     DSP2803x_SysCtrl.obj (.text)
                  00008448    000000c4     DSP2803x_EPwm.obj (.text)
                  0000850c    00000078     rts2800_ml.lib : fs_add.obj (.text)
                  00008584    00000073     Example_2803xEPwmUpDownAQ.obj (.text:retain)
                  000085f7    0000005a     rts2800_ml.lib : fs_mpy.obj (.text)
                  00008651    00000044                    : boot.obj (.text)
                  00008695    00000029                    : fs_tol.obj (.text)
                  000086be    00000028     DSP2803x_PieCtrl.obj (.text)
                  000086e6    00000028     DSP2803x_PieVect.obj (.text)
                  0000870e    0000001d     rts2800_ml.lib : fs_tou.obj (.text)
                  0000872b    00000019                    : args_main.obj (.text)
                  00008744    00000019                    : exit.obj (.text)
                  0000875d    00000009                    : _lock.obj (.text)
                  00008766    00000008     DSP2803x_CodeStartBranch.obj (.text)

.pinit     0    00000050    00000000     UNINITIALIZED

.reset     0    003fffc0    00000002     DSECT
                  003fffc0    00000002     rts2800_ml.lib : boot.obj (.reset)

.stack     1    00000480    00000380     UNINITIALIZED
                  00000480    00000380     --HOLE--

DevEmuRegsFile 
*          1    00000880    00000004     UNINITIALIZED
                  00000880    00000004     DSP2803x_GlobalVariableDefs.obj (DevEmuRegsFile)

SysPwrCtrlRegsFile 
*          1    00000985    00000003     UNINITIALIZED
                  00000985    00000003     DSP2803x_GlobalVariableDefs.obj (SysPwrCtrlRegsFile)

FlashRegsFile 
*          1    00000a80    00000008     UNINITIALIZED
                  00000a80    00000008     DSP2803x_GlobalVariableDefs.obj (FlashRegsFile)

CsmRegsFile 
*          1    00000ae0    00000010     UNINITIALIZED
                  00000ae0    00000010     DSP2803x_GlobalVariableDefs.obj (CsmRegsFile)

AdcResultFile 
*          1    00000b00    00000020     UNINITIALIZED
                  00000b00    00000020     DSP2803x_GlobalVariableDefs.obj (AdcResultFile)

CpuTimer0RegsFile 
*          1    00000c00    00000008     UNINITIALIZED
                  00000c00    00000008     DSP2803x_GlobalVariableDefs.obj (CpuTimer0RegsFile)

CpuTimer1RegsFile 
*          1    00000c08    00000008     UNINITIALIZED
                  00000c08    00000008     DSP2803x_GlobalVariableDefs.obj (CpuTimer1RegsFile)

CpuTimer2RegsFile 
*          1    00000c10    00000008     UNINITIALIZED
                  00000c10    00000008     DSP2803x_GlobalVariableDefs.obj (CpuTimer2RegsFile)

PieCtrlRegsFile 
*          1    00000ce0    0000001a     UNINITIALIZED
                  00000ce0    0000001a     DSP2803x_GlobalVariableDefs.obj (PieCtrlRegsFile)

PieVectTableFile 
*          1    00000d00    00000100     UNINITIALIZED
                  00000d00    00000100     DSP2803x_GlobalVariableDefs.obj (PieVectTableFile)

EmuKeyVar 
*          1    00000d00    00000001     UNINITIALIZED
                  00000d00    00000001     DSP2803x_GlobalVariableDefs.obj (EmuKeyVar)

EmuBModeVar 
*          1    00000d01    00000001     UNINITIALIZED
                  00000d01    00000001     DSP2803x_GlobalVariableDefs.obj (EmuBModeVar)

FlashCallbackVar 
*          1    00000d02    00000002     UNINITIALIZED
                  00000d02    00000002     DSP2803x_GlobalVariableDefs.obj (FlashCallbackVar)

FlashScalingVar 
*          1    00000d04    00000002     UNINITIALIZED
                  00000d04    00000002     DSP2803x_GlobalVariableDefs.obj (FlashScalingVar)

Cla1RegsFile 
*          1    00001400    00000040     UNINITIALIZED
                  00001400    00000040     DSP2803x_GlobalVariableDefs.obj (Cla1RegsFile)

ECanaRegsFile 
*          1    00006000    00000034     UNINITIALIZED
                  00006000    00000034     DSP2803x_GlobalVariableDefs.obj (ECanaRegsFile)

ECanaLAMRegsFile 
*          1    00006040    00000040     UNINITIALIZED
                  00006040    00000040     DSP2803x_GlobalVariableDefs.obj (ECanaLAMRegsFile)

ECanaMOTSRegsFile 
*          1    00006080    00000040     UNINITIALIZED
                  00006080    00000040     DSP2803x_GlobalVariableDefs.obj (ECanaMOTSRegsFile)

ECanaMOTORegsFile 
*          1    000060c0    00000040     UNINITIALIZED
                  000060c0    00000040     DSP2803x_GlobalVariableDefs.obj (ECanaMOTORegsFile)

ECanaMboxesFile 
*          1    00006100    00000100     UNINITIALIZED
                  00006100    00000100     DSP2803x_GlobalVariableDefs.obj (ECanaMboxesFile)

Comp1RegsFile 
*          1    00006400    00000014     UNINITIALIZED
                  00006400    00000014     DSP2803x_GlobalVariableDefs.obj (Comp1RegsFile)

Comp2RegsFile 
*          1    00006420    00000014     UNINITIALIZED
                  00006420    00000014     DSP2803x_GlobalVariableDefs.obj (Comp2RegsFile)

Comp3RegsFile 
*          1    00006440    00000014     UNINITIALIZED
                  00006440    00000014     DSP2803x_GlobalVariableDefs.obj (Comp3RegsFile)

EPwm1RegsFile 
*          1    00006800    00000040     UNINITIALIZED
                  00006800    00000040     DSP2803x_GlobalVariableDefs.obj (EPwm1RegsFile)

EPwm2RegsFile 
*          1    00006840    00000040     UNINITIALIZED
                  00006840    00000040     DSP2803x_GlobalVariableDefs.obj (EPwm2RegsFile)

EPwm3RegsFile 
*          1    00006880    00000040     UNINITIALIZED
                  00006880    00000040     DSP2803x_GlobalVariableDefs.obj (EPwm3RegsFile)

EPwm4RegsFile 
*          1    000068c0    00000040     UNINITIALIZED
                  000068c0    00000040     DSP2803x_GlobalVariableDefs.obj (EPwm4RegsFile)

EPwm5RegsFile 
*          1    00006900    00000040     UNINITIALIZED
                  00006900    00000040     DSP2803x_GlobalVariableDefs.obj (EPwm5RegsFile)

EPwm6RegsFile 
*          1    00006940    00000040     UNINITIALIZED
                  00006940    00000040     DSP2803x_GlobalVariableDefs.obj (EPwm6RegsFile)

EPwm7RegsFile 
*          1    00006980    00000040     UNINITIALIZED
                  00006980    00000040     DSP2803x_GlobalVariableDefs.obj (EPwm7RegsFile)

ECap1RegsFile 
*          1    00006a00    00000020     UNINITIALIZED
                  00006a00    00000020     DSP2803x_GlobalVariableDefs.obj (ECap1RegsFile)

HRCap1RegsFile 
*          1    00006ac0    00000020     UNINITIALIZED
                  00006ac0    00000020     DSP2803x_GlobalVariableDefs.obj (HRCap1RegsFile)

HRCap2RegsFile 
*          1    00006ae0    00000020     UNINITIALIZED
                  00006ae0    00000020     DSP2803x_GlobalVariableDefs.obj (HRCap2RegsFile)

EQep1RegsFile 
*          1    00006b00    00000040     UNINITIALIZED
                  00006b00    00000040     DSP2803x_GlobalVariableDefs.obj (EQep1RegsFile)

LinaRegsFile 
*          1    00006c00    0000004a     UNINITIALIZED
                  00006c00    0000004a     DSP2803x_GlobalVariableDefs.obj (LinaRegsFile)

GpioCtrlRegsFile 
*          1    00006f80    00000040     UNINITIALIZED
                  00006f80    00000040     DSP2803x_GlobalVariableDefs.obj (GpioCtrlRegsFile)

GpioDataRegsFile 
*          1    00006fc0    00000020     UNINITIALIZED
                  00006fc0    00000020     DSP2803x_GlobalVariableDefs.obj (GpioDataRegsFile)

GpioIntRegsFile 
*          1    00006fe0    0000000c     UNINITIALIZED
                  00006fe0    0000000c     DSP2803x_GlobalVariableDefs.obj (GpioIntRegsFile)

SysCtrlRegsFile 
*          1    00007010    00000020     UNINITIALIZED
                  00007010    00000020     DSP2803x_GlobalVariableDefs.obj (SysCtrlRegsFile)

SpiaRegsFile 
*          1    00007040    00000010     UNINITIALIZED
                  00007040    00000010     DSP2803x_GlobalVariableDefs.obj (SpiaRegsFile)

SciaRegsFile 
*          1    00007050    00000010     UNINITIALIZED
                  00007050    00000010     DSP2803x_GlobalVariableDefs.obj (SciaRegsFile)

NmiIntruptRegsFile 
*          1    00007060    00000010     UNINITIALIZED
                  00007060    00000010     DSP2803x_GlobalVariableDefs.obj (NmiIntruptRegsFile)

XIntruptRegsFile 
*          1    00007070    00000010     UNINITIALIZED
                  00007070    00000010     DSP2803x_GlobalVariableDefs.obj (XIntruptRegsFile)

AdcRegsFile 
*          1    00007100    00000050     UNINITIALIZED
                  00007100    00000050     DSP2803x_GlobalVariableDefs.obj (AdcRegsFile)

SpibRegsFile 
*          1    00007740    00000010     UNINITIALIZED
                  00007740    00000010     DSP2803x_GlobalVariableDefs.obj (SpibRegsFile)

I2caRegsFile 
*          1    00007900    00000022     UNINITIALIZED
                  00007900    00000022     DSP2803x_GlobalVariableDefs.obj (I2caRegsFile)

.econst    1    00008d00    00000100     
                  00008d00    00000100     DSP2803x_PieVect.obj (.econst)

.ebss      1    00008e00    00000058     UNINITIALIZED
                  00008e00    0000002e     Example_2803xEPwmUpDownAQ.obj (.ebss)
                  00008e2e    00000004     rts2800_ml.lib : exit.obj (.ebss)
                  00008e32    00000002                    : _lock.obj (.ebss:__lock)
                  00008e34    00000002                    : _lock.obj (.ebss:__unlock)
                  00008e36    0000000a     --HOLE--
                  00008e40    00000018     DSP2803x_CpuTimers.obj (.ebss)

PartIdRegsFile 
*          1    003d7e80    00000001     UNINITIALIZED
                  003d7e80    00000001     DSP2803x_GlobalVariableDefs.obj (PartIdRegsFile)

CsmPwlFile 
*          1    003f7ff8    00000008     UNINITIALIZED
                  003f7ff8    00000008     DSP2803x_GlobalVariableDefs.obj (CsmPwlFile)


GLOBAL DATA SYMBOLS: SORTED BY DATA PAGE

address     data page           name
--------    ----------------    ----
00000480      12 (00000480)     __stack

00000880      22 (00000880)     _DevEmuRegs

00000985      26 (00000980)     _SysPwrCtrlRegs

00000a80      2a (00000a80)     _FlashRegs

00000ae0      2b (00000ac0)     _CsmRegs

00000b00      2c (00000b00)     _AdcResult

00000c00      30 (00000c00)     _CpuTimer0Regs
00000c08      30 (00000c00)     _CpuTimer1Regs
00000c10      30 (00000c00)     _CpuTimer2Regs

00000ce0      33 (00000cc0)     _PieCtrlRegs

00000d00      34 (00000d00)     _EmuKey
00000d00      34 (00000d00)     _PieVectTable
00000d01      34 (00000d00)     _EmuBMode
00000d02      34 (00000d00)     _Flash_CallbackPtr
00000d04      34 (00000d00)     _Flash_CPUScaleFactor

00001400      50 (00001400)     _Cla1Regs

00006000     180 (00006000)     _ECanaRegs

00006040     181 (00006040)     _ECanaLAMRegs

00006080     182 (00006080)     _ECanaMOTSRegs

000060c0     183 (000060c0)     _ECanaMOTORegs

00006100     184 (00006100)     _ECanaMboxes

00006400     190 (00006400)     _Comp1Regs
00006420     190 (00006400)     _Comp2Regs

00006440     191 (00006440)     _Comp3Regs

00006800     1a0 (00006800)     _EPwm1Regs

00006840     1a1 (00006840)     _EPwm2Regs

00006880     1a2 (00006880)     _EPwm3Regs

000068c0     1a3 (000068c0)     _EPwm4Regs

00006900     1a4 (00006900)     _EPwm5Regs

00006940     1a5 (00006940)     _EPwm6Regs

00006980     1a6 (00006980)     _EPwm7Regs

00006a00     1a8 (00006a00)     _ECap1Regs

00006ac0     1ab (00006ac0)     _HRCap1Regs
00006ae0     1ab (00006ac0)     _HRCap2Regs

00006b00     1ac (00006b00)     _EQep1Regs

00006c00     1b0 (00006c00)     _LinaRegs

00006f80     1be (00006f80)     _GpioCtrlRegs

00006fc0     1bf (00006fc0)     _GpioDataRegs
00006fe0     1bf (00006fc0)     _GpioIntRegs

00007010     1c0 (00007000)     _SysCtrlRegs

00007040     1c1 (00007040)     _SpiaRegs
00007050     1c1 (00007040)     _SciaRegs
00007060     1c1 (00007040)     _NmiIntruptRegs
00007070     1c1 (00007040)     _XIntruptRegs

00007100     1c4 (00007100)     _AdcRegs

00007740     1dd (00007740)     _SpibRegs

00007900     1e4 (00007900)     _I2caRegs

00008d00     234 (00008d00)     _PieVectTableInit

00008e00     238 (00008e00)     _t1
00008e02     238 (00008e00)     _duty
00008e04     238 (00008e00)     _epwm1_info
00008e12     238 (00008e00)     _epwm2_info
00008e20     238 (00008e00)     _epwm3_info
00008e2e     238 (00008e00)     ___TI_cleanup_ptr
00008e30     238 (00008e00)     ___TI_dtors_ptr
00008e32     238 (00008e00)     __lock
00008e34     238 (00008e00)     __unlock

00008e40     239 (00008e40)     _CpuTimer1
00008e48     239 (00008e40)     _CpuTimer2
00008e50     239 (00008e40)     _CpuTimer0

003d7e80    f5fa (003d7e80)     _PartIdRegs

003f7ff8    fdff (003f7fc0)     _CsmPwl


GLOBAL SYMBOLS: SORTED ALPHABETICALLY BY Name 

page  address   name                 
----  -------   ----                 
0     00008000  .text                
0     00008744  C$$EXIT              
0     00008511  FS$$ADD              
0     000085f7  FS$$MPY              
0     0000850c  FS$$SUB              
0     00008695  FS$$TOL              
0     0000870e  FS$$TOU              
0     000081e7  _ADCINT1_ISR         
0     000081ec  _ADCINT2_ISR         
0     000082a0  _ADCINT3_ISR         
0     000082a5  _ADCINT4_ISR         
0     000082aa  _ADCINT5_ISR         
0     000082af  _ADCINT6_ISR         
0     000082b4  _ADCINT7_ISR         
0     000082b9  _ADCINT8_ISR         
0     000081fb  _ADCINT9_ISR         
1     00007100  _AdcRegs             
1     00000b00  _AdcResult           
0     000082be  _CLA1_INT1_ISR       
0     000082c3  _CLA1_INT2_ISR       
0     000082c8  _CLA1_INT3_ISR       
0     000082cd  _CLA1_INT4_ISR       
0     000082d2  _CLA1_INT5_ISR       
0     000082d7  _CLA1_INT6_ISR       
0     000082dc  _CLA1_INT7_ISR       
0     000082e1  _CLA1_INT8_ISR       
1     00001400  _Cla1Regs            
1     00006400  _Comp1Regs           
1     00006420  _Comp2Regs           
1     00006440  _Comp3Regs           
1     00008e50  _CpuTimer0           
1     00000c00  _CpuTimer0Regs       
1     00008e40  _CpuTimer1           
1     00000c08  _CpuTimer1Regs       
1     00008e48  _CpuTimer2           
1     00000c10  _CpuTimer2Regs       
1     003f7ff8  _CsmPwl              
1     00000ae0  _CsmRegs             
0     000083c1  _CsmUnlock           
0     00008192  _DATALOG_ISR         
0     0000006f  _DSP28x_usDelay      
1     00000880  _DevEmuRegs          
0     00008328  _DisableDog          
0     00008296  _ECAN0INTA_ISR       
0     0000829b  _ECAN1INTA_ISR       
0     00008250  _ECAP1_INT_ISR       
1     00006040  _ECanaLAMRegs        
1     000060c0  _ECanaMOTORegs       
1     00006080  _ECanaMOTSRegs       
1     00006100  _ECanaMboxes         
1     00006000  _ECanaRegs           
1     00006a00  _ECap1Regs           
0     000082f5  _EMPTY_ISR           
0     0000819c  _EMUINT_ISR          
0     0000822d  _EPWM1_INT_ISR       
0     0000820a  _EPWM1_TZINT_ISR     
0     00008232  _EPWM2_INT_ISR       
0     0000820f  _EPWM2_TZINT_ISR     
0     00008237  _EPWM3_INT_ISR       
0     00008214  _EPWM3_TZINT_ISR     
0     0000823c  _EPWM4_INT_ISR       
0     00008219  _EPWM4_TZINT_ISR     
0     00008241  _EPWM5_INT_ISR       
0     0000821e  _EPWM5_TZINT_ISR     
0     00008246  _EPWM6_INT_ISR       
0     00008223  _EPWM6_TZINT_ISR     
0     0000824b  _EPWM7_INT_ISR       
0     00008228  _EPWM7_TZINT_ISR     
1     00006800  _EPwm1Regs           
1     00006840  _EPwm2Regs           
1     00006880  _EPwm3Regs           
1     000068c0  _EPwm4Regs           
1     00006900  _EPwm5Regs           
1     00006940  _EPwm6Regs           
1     00006980  _EPwm7Regs           
0     0000825f  _EQEP1_INT_ISR       
1     00006b00  _EQep1Regs           
1     00000d01  _EmuBMode            
1     00000d00  _EmuKey              
0     000086dd  _EnableInterrupts    
0     00008432  _ExtOscSel           
1     00000a80  _FlashRegs           
1     00000d04  _Flash_CPUScaleFactor
1     00000d02  _Flash_CallbackPtr   
1     00006f80  _GpioCtrlRegs        
1     00006fc0  _GpioDataRegs        
1     00006fe0  _GpioIntRegs         
0     00008255  _HRCAP1_INT_ISR      
0     0000825a  _HRCAP2_INT_ISR      
1     00006ac0  _HRCap1Regs          
1     00006ae0  _HRCap2Regs          
0     00008278  _I2CINT1A_ISR        
0     0000827d  _I2CINT2A_ISR        
1     00007900  _I2caRegs            
0     000081a6  _ILLEGAL_ISR         
0     00008188  _INT13_ISR           
0     0000818d  _INT14_ISR           
0     00008448  _InitEPwm            
0     00008000  _InitEPwm1Example    
0     00008458  _InitEPwm1Gpio       
0     00008046  _InitEPwm2Example    
0     0000846a  _InitEPwm2Gpio       
0     00008089  _InitEPwm3Example    
0     0000847c  _InitEPwm3Gpio       
0     00008490  _InitEPwm4Gpio       
0     000084a4  _InitEPwm5Gpio       
0     000084b6  _InitEPwm6Gpio       
0     000084c8  _InitEPwm7Gpio       
0     00008449  _InitEPwmGpio        
0     000084da  _InitEPwmSyncGpio    
0     00008385  _InitPeripheralClocks
0     000086be  _InitPieCtrl         
0     000086e6  _InitPieVectTable    
0     00008330  _InitPll             
0     00008304  _InitSysCtrl         
0     000084eb  _InitTzGpio          
0     000083f2  _IntOsc1Sel          
0     00008402  _IntOsc2Sel          
0     0000828c  _LIN0INTA_ISR        
0     00008291  _LIN1INTA_ISR        
0     000082f0  _LUF_ISR             
0     000082eb  _LVF_ISR             
1     00006c00  _LinaRegs            
0     000081a1  _NMI_ISR             
1     00007060  _NmiIntruptRegs      
0     000082fa  _PIE_RESERVED        
1     003d7e80  _PartIdRegs          
1     00000ce0  _PieCtrlRegs         
1     00000d00  _PieVectTable        
1     00008d00  _PieVectTableInit    
0     00008197  _RTOSINT_ISR         
0     00008282  _SCIRXINTA_ISR       
0     00008287  _SCITXINTA_ISR       
0     00008264  _SPIRXINTA_ISR       
0     0000826e  _SPIRXINTB_ISR       
0     00008269  _SPITXINTA_ISR       
0     00008273  _SPITXINTB_ISR       
1     00007050  _SciaRegs            
0     0000831e  _ServiceDog          
1     00007040  _SpiaRegs            
1     00007740  _SpibRegs            
1     00007010  _SysCtrlRegs         
1     00000985  _SysPwrCtrlRegs      
0     00008200  _TINT0_ISR           
0     000081d8  _USER10_ISR          
0     000081dd  _USER11_ISR          
0     000081e2  _USER12_ISR          
0     000081ab  _USER1_ISR           
0     000081b0  _USER2_ISR           
0     000081b5  _USER3_ISR           
0     000081ba  _USER4_ISR           
0     000081bf  _USER5_ISR           
0     000081c4  _USER6_ISR           
0     000081c9  _USER7_ISR           
0     000081ce  _USER8_ISR           
0     000081d3  _USER9_ISR           
0     00008205  _WAKEINT_ISR         
0     000081f1  _XINT1_ISR           
0     000081f6  _XINT2_ISR           
0     000082e6  _XINT3_ISR           
1     00007070  _XIntruptRegs        
0     00008416  _XtalOscSel          
1     00000800  __STACK_END          
abs   00000380  __STACK_SIZE         
1     00008e2e  ___TI_cleanup_ptr    
1     00008e30  ___TI_dtors_ptr      
abs   ffffffff  ___binit__           
abs   ffffffff  ___c_args__          
0     00000050  ___cinit__           
0     0000876e  ___etext__           
abs   ffffffff  ___pinit__           
0     00008000  ___text__            
0     0000872b  __args_main          
1     00008e32  __lock               
0     00008765  __nop                
0     00008761  __register_lock      
0     0000875d  __register_unlock    
1     00000480  __stack              
1     00008e34  __unlock             
0     00008744  _abort               
0     00008651  _c_int00             
1     00008e02  _duty                
1     00008e04  _epwm1_info          
0     0000859d  _epwm1_isr           
1     00008e12  _epwm2_info          
0     000085bb  _epwm2_isr           
1     00008e20  _epwm3_info          
0     000085d9  _epwm3_isr           
0     00008746  _exit                
0     000080cc  _main                
0     000082ff  _rsvd_ISR            
1     00008e00  _t1                  
0     0000813a  _update_compare1     
0     00008154  _update_compare2     
0     0000816e  _update_compare3     
0     00008584  _xint2_isr           
abs   ffffffff  binit                
0     00000050  cinit                
0     00000000  code_start           
0     0000876e  etext                
abs   ffffffff  pinit                


GLOBAL SYMBOLS: SORTED BY Symbol Address 

page  address   name                 
----  -------   ----                 
0     00000000  code_start           
0     00000050  ___cinit__           
0     00000050  cinit                
0     0000006f  _DSP28x_usDelay      
0     00008000  .text                
0     00008000  _InitEPwm1Example    
0     00008000  ___text__            
0     00008046  _InitEPwm2Example    
0     00008089  _InitEPwm3Example    
0     000080cc  _main                
0     0000813a  _update_compare1     
0     00008154  _update_compare2     
0     0000816e  _update_compare3     
0     00008188  _INT13_ISR           
0     0000818d  _INT14_ISR           
0     00008192  _DATALOG_ISR         
0     00008197  _RTOSINT_ISR         
0     0000819c  _EMUINT_ISR          
0     000081a1  _NMI_ISR             
0     000081a6  _ILLEGAL_ISR         
0     000081ab  _USER1_ISR           
0     000081b0  _USER2_ISR           
0     000081b5  _USER3_ISR           
0     000081ba  _USER4_ISR           
0     000081bf  _USER5_ISR           
0     000081c4  _USER6_ISR           
0     000081c9  _USER7_ISR           
0     000081ce  _USER8_ISR           
0     000081d3  _USER9_ISR           
0     000081d8  _USER10_ISR          
0     000081dd  _USER11_ISR          
0     000081e2  _USER12_ISR          
0     000081e7  _ADCINT1_ISR         
0     000081ec  _ADCINT2_ISR         
0     000081f1  _XINT1_ISR           
0     000081f6  _XINT2_ISR           
0     000081fb  _ADCINT9_ISR         
0     00008200  _TINT0_ISR           
0     00008205  _WAKEINT_ISR         
0     0000820a  _EPWM1_TZINT_ISR     
0     0000820f  _EPWM2_TZINT_ISR     
0     00008214  _EPWM3_TZINT_ISR     
0     00008219  _EPWM4_TZINT_ISR     
0     0000821e  _EPWM5_TZINT_ISR     
0     00008223  _EPWM6_TZINT_ISR     
0     00008228  _EPWM7_TZINT_ISR     
0     0000822d  _EPWM1_INT_ISR       
0     00008232  _EPWM2_INT_ISR       
0     00008237  _EPWM3_INT_ISR       
0     0000823c  _EPWM4_INT_ISR       
0     00008241  _EPWM5_INT_ISR       
0     00008246  _EPWM6_INT_ISR       
0     0000824b  _EPWM7_INT_ISR       
0     00008250  _ECAP1_INT_ISR       
0     00008255  _HRCAP1_INT_ISR      
0     0000825a  _HRCAP2_INT_ISR      
0     0000825f  _EQEP1_INT_ISR       
0     00008264  _SPIRXINTA_ISR       
0     00008269  _SPITXINTA_ISR       
0     0000826e  _SPIRXINTB_ISR       
0     00008273  _SPITXINTB_ISR       
0     00008278  _I2CINT1A_ISR        
0     0000827d  _I2CINT2A_ISR        
0     00008282  _SCIRXINTA_ISR       
0     00008287  _SCITXINTA_ISR       
0     0000828c  _LIN0INTA_ISR        
0     00008291  _LIN1INTA_ISR        
0     00008296  _ECAN0INTA_ISR       
0     0000829b  _ECAN1INTA_ISR       
0     000082a0  _ADCINT3_ISR         
0     000082a5  _ADCINT4_ISR         
0     000082aa  _ADCINT5_ISR         
0     000082af  _ADCINT6_ISR         
0     000082b4  _ADCINT7_ISR         
0     000082b9  _ADCINT8_ISR         
0     000082be  _CLA1_INT1_ISR       
0     000082c3  _CLA1_INT2_ISR       
0     000082c8  _CLA1_INT3_ISR       
0     000082cd  _CLA1_INT4_ISR       
0     000082d2  _CLA1_INT5_ISR       
0     000082d7  _CLA1_INT6_ISR       
0     000082dc  _CLA1_INT7_ISR       
0     000082e1  _CLA1_INT8_ISR       
0     000082e6  _XINT3_ISR           
0     000082eb  _LVF_ISR             
0     000082f0  _LUF_ISR             
0     000082f5  _EMPTY_ISR           
0     000082fa  _PIE_RESERVED        
0     000082ff  _rsvd_ISR            
0     00008304  _InitSysCtrl         
0     0000831e  _ServiceDog          
0     00008328  _DisableDog          
0     00008330  _InitPll             
0     00008385  _InitPeripheralClocks
0     000083c1  _CsmUnlock           
0     000083f2  _IntOsc1Sel          
0     00008402  _IntOsc2Sel          
0     00008416  _XtalOscSel          
0     00008432  _ExtOscSel           
0     00008448  _InitEPwm            
0     00008449  _InitEPwmGpio        
0     00008458  _InitEPwm1Gpio       
0     0000846a  _InitEPwm2Gpio       
0     0000847c  _InitEPwm3Gpio       
0     00008490  _InitEPwm4Gpio       
0     000084a4  _InitEPwm5Gpio       
0     000084b6  _InitEPwm6Gpio       
0     000084c8  _InitEPwm7Gpio       
0     000084da  _InitEPwmSyncGpio    
0     000084eb  _InitTzGpio          
0     0000850c  FS$$SUB              
0     00008511  FS$$ADD              
0     00008584  _xint2_isr           
0     0000859d  _epwm1_isr           
0     000085bb  _epwm2_isr           
0     000085d9  _epwm3_isr           
0     000085f7  FS$$MPY              
0     00008651  _c_int00             
0     00008695  FS$$TOL              
0     000086be  _InitPieCtrl         
0     000086dd  _EnableInterrupts    
0     000086e6  _InitPieVectTable    
0     0000870e  FS$$TOU              
0     0000872b  __args_main          
0     00008744  C$$EXIT              
0     00008744  _abort               
0     00008746  _exit                
0     0000875d  __register_unlock    
0     00008761  __register_lock      
0     00008765  __nop                
0     0000876e  ___etext__           
0     0000876e  etext                
1     00000480  __stack              
1     00000800  __STACK_END          
1     00000880  _DevEmuRegs          
1     00000985  _SysPwrCtrlRegs      
1     00000a80  _FlashRegs           
1     00000ae0  _CsmRegs             
1     00000b00  _AdcResult           
1     00000c00  _CpuTimer0Regs       
1     00000c08  _CpuTimer1Regs       
1     00000c10  _CpuTimer2Regs       
1     00000ce0  _PieCtrlRegs         
1     00000d00  _EmuKey              
1     00000d00  _PieVectTable        
1     00000d01  _EmuBMode            
1     00000d02  _Flash_CallbackPtr   
1     00000d04  _Flash_CPUScaleFactor
1     00001400  _Cla1Regs            
1     00006000  _ECanaRegs           
1     00006040  _ECanaLAMRegs        
1     00006080  _ECanaMOTSRegs       
1     000060c0  _ECanaMOTORegs       
1     00006100  _ECanaMboxes         
1     00006400  _Comp1Regs           
1     00006420  _Comp2Regs           
1     00006440  _Comp3Regs           
1     00006800  _EPwm1Regs           
1     00006840  _EPwm2Regs           
1     00006880  _EPwm3Regs           
1     000068c0  _EPwm4Regs           
1     00006900  _EPwm5Regs           
1     00006940  _EPwm6Regs           
1     00006980  _EPwm7Regs           
1     00006a00  _ECap1Regs           
1     00006ac0  _HRCap1Regs          
1     00006ae0  _HRCap2Regs          
1     00006b00  _EQep1Regs           
1     00006c00  _LinaRegs            
1     00006f80  _GpioCtrlRegs        
1     00006fc0  _GpioDataRegs        
1     00006fe0  _GpioIntRegs         
1     00007010  _SysCtrlRegs         
1     00007040  _SpiaRegs            
1     00007050  _SciaRegs            
1     00007060  _NmiIntruptRegs      
1     00007070  _XIntruptRegs        
1     00007100  _AdcRegs             
1     00007740  _SpibRegs            
1     00007900  _I2caRegs            
1     00008d00  _PieVectTableInit    
1     00008e00  _t1                  
1     00008e02  _duty                
1     00008e04  _epwm1_info          
1     00008e12  _epwm2_info          
1     00008e20  _epwm3_info          
1     00008e2e  ___TI_cleanup_ptr    
1     00008e30  ___TI_dtors_ptr      
1     00008e32  __lock               
1     00008e34  __unlock             
1     00008e40  _CpuTimer1           
1     00008e48  _CpuTimer2           
1     00008e50  _CpuTimer0           
1     003d7e80  _PartIdRegs          
1     003f7ff8  _CsmPwl              
abs   00000380  __STACK_SIZE         
abs   ffffffff  ___binit__           
abs   ffffffff  ___c_args__          
abs   ffffffff  ___pinit__           
abs   ffffffff  binit                
abs   ffffffff  pinit                

[201 symbols]
