******************************************************************************
             TMS320C2000 Linker PC v6.2.5                      
******************************************************************************
>> Linked Thu Jun 26 12:55:12 2014

OUTPUT FILE NAME:   <Example_F2802xLaunchPad_demo.out>
ENTRY POINT SYMBOL: "code_start"  address: 003f7ff6


MEMORY CONFIGURATION

         name            origin    length      used     unused   attr    fill
----------------------  --------  ---------  --------  --------  ----  --------
PAGE 0:
  PRAML0                00008000   00000800  00000020  000007e0  RWIX
  OTP                   003d7800   00000400  00000000  00000400  RWIX
  FLASHD                003f0000   00002000  00000000  00002000  RWIX
  FLASHC                003f2000   00002000  000012e8  00000d18  RWIX
  FLASHA                003f6000   00001f80  00001f80  00000000  RWIX
  CSM_RSVD              003f7f80   00000076  00000076  00000000  RWIX
  BEGIN                 003f7ff6   00000002  00000002  00000000  RWIX
  CSM_PWL_P0            003f7ff8   00000008  00000008  00000000  RWIX
  IQTABLES              003fe000   00000b50  00000000  00000b50  RWIX
  IQTABLES2             003feb50   0000008c  00000000  0000008c  RWIX
  IQTABLES3             003febdc   000000aa  00000000  000000aa  RWIX
  ROM                   003ff27c   00000d44  00000000  00000d44  RWIX
  RESET                 003fffc0   00000002  00000000  00000002  RWIX
  VECTORS               003fffc2   0000003e  00000000  0000003e  RWIX

PAGE 1:
  BOOT_RSVD             00000000   00000050  00000000  00000050  RWIX
  RAMM0                 00000050   000003b0  00000300  000000b0  RWIX
  RAMM1                 00000400   00000400  00000120  000002e0  RWIX
  DEV_EMU               00000880   00000105  00000000  00000105  RWIX
  SYS_PWR_CTL           00000985   00000003  00000000  00000003  RWIX
  FLASH_REGS            00000a80   00000060  00000000  00000060  RWIX
  CSM                   00000ae0   00000010  00000000  00000010  RWIX
  ADC_RESULT            00000b00   00000020  00000000  00000020  RWIX
  CPU_TIMER0            00000c00   00000008  00000000  00000008  RWIX
  CPU_TIMER1            00000c08   00000008  00000000  00000008  RWIX
  CPU_TIMER2            00000c10   00000008  00000000  00000008  RWIX
  PIE_CTRL              00000ce0   00000020  00000000  00000020  RWIX
  PIE_VECT              00000d00   00000100  00000000  00000100  RWIX
  COMP1                 00006400   00000020  00000000  00000020  RWIX
  COMP2                 00006420   00000020  00000000  00000020  RWIX
  EPWM1                 00006800   00000040  00000000  00000040  RWIX
  EPWM2                 00006840   00000040  00000000  00000040  RWIX
  EPWM3                 00006880   00000040  00000000  00000040  RWIX
  EPWM4                 000068c0   00000040  00000000  00000040  RWIX
  ECAP1                 00006a00   00000020  00000000  00000020  RWIX
  GPIOCTRL              00006f80   00000040  00000000  00000040  RWIX
  GPIODAT               00006fc0   00000020  00000000  00000020  RWIX
  GPIOINT               00006fe0   00000020  00000000  00000020  RWIX
  SYSTEM                00007010   00000020  00000000  00000020  RWIX
  SPIA                  00007040   00000010  00000000  00000010  RWIX
  SCIA                  00007050   00000010  00000000  00000010  RWIX
  NMIINTRUPT            00007060   00000010  00000000  00000010  RWIX
  XINTRUPT              00007070   00000010  00000000  00000010  RWIX
  ADC                   00007100   00000080  00000000  00000080  RWIX
  I2CA                  00007900   00000040  00000000  00000040  RWIX
  DRAML0                00008800   00000800  00000416  000003ea  RWIX
  PARTID                003d7fff   00000001  00000000  00000001  RWIX
  FLASHB                003f4000   00002000  00000000  00002000  RWIX
  CSM_PWL               003f7ff8   00000008  00000000  00000008  RWIX


SECTION ALLOCATION MAP

 output                                  attributes/
section   page    origin      length       input sections
--------  ----  ----------  ----------   ----------------
.pinit     0    003f6000    00000000     UNINITIALIZED

.text.1    0    003f2000    00001263     
                  003f2000    000001f2     rts2800_ml.lib : trgdrv.obj (.text)
                  003f21f2    000001c9                    : memory.obj (.text)
                  003f23bb    00000107                    : ll_div.obj (.text)
                  003f24c2    000000ff                    : fopen.obj (.text)
                  003f25c1    0000009c                    : fd_add.obj (.text)
                  003f265d    0000008e                    : ankmsg.obj (.text)
                  003f26eb    0000008b                    : fd_div.obj (.text)
                  003f2776    00000083                    : fd_mpy.obj (.text)
                  003f27f9    00000079                    : setvbuf.obj (.text)
                  003f2872    0000006f     Example_F2802xLaunchPadDemo.obj (.text:_drawTILogo)
                  003f28e1    0000006b     rts2800_ml.lib : fflush.obj (.text)
                  003f294c    00000066     Example_F2802xLaunchPadDemo.obj (.text:_scia_init)
                  003f29b2    00000065     rts2800_ml.lib : _io_perm.obj (.text)
                  003f2a17    00000063     Example_F2802xLaunchPadDemo.obj (.text:_clearTextBox)
                  003f2a7a    0000005b     rts2800_ml.lib : fclose.obj (.text)
                  003f2ad5    00000050                    : fputc.obj (.text)
                  003f2b25    00000044                    : boot.obj (.text)
                  003f2b69    0000003d                    : fseek.obj (.text)
                  003f2ba6    00000034     driverlib.lib : gpio.obj (.text:_GPIO_setDirection)
                  003f2bda    00000034                   : gpio.obj (.text:_GPIO_setPullUp)
                  003f2c0e    00000032     rts2800_ml.lib : printf.obj (.text)
                  003f2c40    00000031                    : atoi.obj (.text)
                  003f2c71    0000002c                    : ltoa.obj (.text)
                  003f2c9d    0000002b     driverlib.lib : gpio.obj (.text:_GPIO_setQualification)
                  003f2cc8    0000002a     rts2800_ml.lib : fd_cmp.obj (.text)
                  003f2cf2    0000002a                    : l_div.obj (.text)
                  003f2d1c    00000024     driverlib.lib : adc.obj (.text:_ADC_setIntSrc)
                  003f2d40    00000021     rts2800_ml.lib : fd_toi.obj (.text)
                  003f2d61    00000021                    : memcpy_ff.obj (.text)
                  003f2d82    0000001f                    : fd_tol.obj (.text)
                  003f2da1    0000001e                    : ll_cmp.obj (.text)
                  003f2dbf    0000001e                    : strncpy.obj (.text)
                  003f2ddd    0000001d     Example_F2802xLaunchPadDemo.obj (.text:_sampleTemperature)
                  003f2dfa    0000001c     driverlib.lib : adc.obj (.text:_ADC_setSocChanNumber)
                  003f2e16    0000001c                   : adc.obj (.text:_ADC_setSocSampleWindow)
                  003f2e32    0000001c                   : sci_io.obj (.text:_SCI_write)
                  003f2e4e    0000001c     rts2800_ml.lib : fs_tofd.obj (.text)
                  003f2e6a    0000001c                    : l_tofd.obj (.text)
                  003f2e86    00000019                    : args_main.obj (.text)
                  003f2e9f    00000019                    : exit.obj (.text)
                  003f2eb8    00000018     driverlib.lib : adc.obj (.text:_ADC_enableInt)
                  003f2ed0    00000018     rts2800_ml.lib : ll_aox.obj (.text)
                  003f2ee8    00000017     Example_F2802xLaunchPadDemo.obj (.text:_updateTemperature)
                  003f2eff    00000015     driverlib.lib : pll.obj (.text:_PLL_setup)
                  003f2f14    00000014     rts2800_ml.lib : ll_mpy.obj (.text)
                  003f2f28    00000013     driverlib.lib : gpio.obj (.text:_GPIO_setHigh)
                  003f2f3b    00000013                   : gpio.obj (.text:_GPIO_setLow)
                  003f2f4e    00000013                   : sci_io.obj (.text:_SCI_open)
                  003f2f61    00000013                   : sci_io.obj (.text:_SCI_read)
                  003f2f74    00000012                   : adc.obj (.text:_ADC_setVoltRefSrc)
                  003f2f86    00000012                   : F2802x_asmfuncs.obj (.text)
                  003f2f98    00000012     rts2800_ml.lib : memchr.obj (.text)
                  003f2faa    00000011     driverlib.lib : gpio.obj (.text:_GPIO_getData)
                  003f2fbb    00000011                   : pie.obj (.text:_PIE_setDebugIntVectorTable)
                  003f2fcc    0000000f                   : gpio.obj (.text:_GPIO_setPortData)
                  003f2fdb    0000000f                   : pie.obj (.text:_PIE_disableAllInts)
                  003f2fea    0000000e     rts2800_ml.lib : fd_sub.obj (.text)
                  003f2ff8    0000000d                    : memccpy.obj (.text)
                  003f3005    0000000d                    : memset.obj (.text)
                  003f3012    0000000c     driverlib.lib : sci_io.obj (.text:_SCI_close)
                  003f301e    0000000b                   : adc.obj (.text:_ADC_enable)
                  003f3029    0000000b                   : adc.obj (.text:_ADC_enableBandGap)
                  003f3034    0000000b                   : adc.obj (.text:_ADC_enableRefBuffers)
                  003f303f    0000000b                   : adc.obj (.text:_ADC_enableTempSensor)
                  003f304a    0000000b                   : adc.obj (.text:_ADC_powerUp)
                  003f3055    0000000b     rts2800_ml.lib : strchr.obj (.text)
                  003f3060    0000000a     driverlib.lib : sci.obj (.text:_SCI_resetChannels)
                  003f306a    0000000a                   : sci.obj (.text:_SCI_resetRxFifo)
                  003f3074    0000000a                   : sci.obj (.text:_SCI_resetTxFifo)
                  003f307e    0000000a     rts2800_ml.lib : strcmp.obj (.text)
                  003f3088    00000009     driverlib.lib : clk.obj (.text:_CLK_enableSciaClock)
                  003f3091    00000009                   : sci.obj (.text:_SCI_putDataBlocking)
                  003f309a    00000009     rts2800_ml.lib : _lock.obj (.text)
                  003f30a3    00000009                    : fd_neg.obj (.text)
                  003f30ac    00000008     driverlib.lib : adc.obj (.text:_ADC_init)
                  003f30b4    00000008                   : pie.obj (.text:_PIE_init)
                  003f30bc    00000008                   : wdog.obj (.text:_WDOG_disable)
                  003f30c4    00000008     rts2800_ml.lib : strlen.obj (.text)
                  003f30cc    00000007     driverlib.lib : clk.obj (.text:_CLK_enableAdcClock)
                  003f30d3    00000007                   : clk.obj (.text:_CLK_init)
                  003f30da    00000007                   : clk.obj (.text:_CLK_setClkOutPreScaler)
                  003f30e1    00000007                   : clk.obj (.text:_CLK_setOscSrc)
                  003f30e8    00000007                   : flash.obj (.text:_FLASH_init)
                  003f30ef    00000007                   : gpio.obj (.text:_GPIO_init)
                  003f30f6    00000007                   : pll.obj (.text:_PLL_init)
                  003f30fd    00000007                   : pll.obj (.text:_PLL_setDivider)
                  003f3104    00000007                   : sci.obj (.text:_SCI_init)
                  003f310b    00000007                   : sci.obj (.text:_SCI_setRxFifoIntLevel)
                  003f3112    00000007                   : sci.obj (.text:_SCI_setTxFifoIntLevel)
                  003f3119    00000007                   : wdog.obj (.text:_WDOG_init)
                  003f3120    00000006                   : sci.obj (.text:_SCI_setBaudRate)
                  003f3126    00000005                   : F2802x_DefaultIsr.obj (.text:_ADCINT1_ISR)
                  003f312b    00000005                   : F2802x_DefaultIsr.obj (.text:_ADCINT2_ISR)
                  003f3130    00000005                   : F2802x_DefaultIsr.obj (.text:_ADCINT3_ISR)
                  003f3135    00000005                   : F2802x_DefaultIsr.obj (.text:_ADCINT4_ISR)
                  003f313a    00000005                   : F2802x_DefaultIsr.obj (.text:_ADCINT5_ISR)
                  003f313f    00000005                   : F2802x_DefaultIsr.obj (.text:_ADCINT6_ISR)
                  003f3144    00000005                   : F2802x_DefaultIsr.obj (.text:_ADCINT7_ISR)
                  003f3149    00000005                   : F2802x_DefaultIsr.obj (.text:_ADCINT8_ISR)
                  003f314e    00000005                   : F2802x_DefaultIsr.obj (.text:_ADCINT9_ISR)
                  003f3153    00000005                   : F2802x_DefaultIsr.obj (.text:_DATALOG_ISR)
                  003f3158    00000005                   : F2802x_DefaultIsr.obj (.text:_ECAP1_INT_ISR)
                  003f315d    00000005                   : F2802x_DefaultIsr.obj (.text:_EMUINT_ISR)
                  003f3162    00000005                   : F2802x_DefaultIsr.obj (.text:_EPWM1_INT_ISR)
                  003f3167    00000005                   : F2802x_DefaultIsr.obj (.text:_EPWM1_TZINT_ISR)
                  003f316c    00000005                   : F2802x_DefaultIsr.obj (.text:_EPWM2_INT_ISR)
                  003f3171    00000005                   : F2802x_DefaultIsr.obj (.text:_EPWM2_TZINT_ISR)
                  003f3176    00000005                   : F2802x_DefaultIsr.obj (.text:_EPWM3_INT_ISR)
                  003f317b    00000005                   : F2802x_DefaultIsr.obj (.text:_EPWM3_TZINT_ISR)
                  003f3180    00000005                   : F2802x_DefaultIsr.obj (.text:_I2CINT1A_ISR)
                  003f3185    00000005                   : F2802x_DefaultIsr.obj (.text:_I2CINT2A_ISR)
                  003f318a    00000005                   : F2802x_DefaultIsr.obj (.text:_ILLEGAL_ISR)
                  003f318f    00000005                   : F2802x_DefaultIsr.obj (.text:_INT13_ISR)
                  003f3194    00000005                   : F2802x_DefaultIsr.obj (.text:_INT14_ISR)
                  003f3199    00000005                   : F2802x_DefaultIsr.obj (.text:_NMI_ISR)
                  003f319e    00000005                   : F2802x_DefaultIsr.obj (.text:_PIE_RESERVED)
                  003f31a3    00000005                   : F2802x_DefaultIsr.obj (.text:_RTOSINT_ISR)
                  003f31a8    00000005                   : F2802x_DefaultIsr.obj (.text:_SCIRXINTA_ISR)
                  003f31ad    00000005                   : F2802x_DefaultIsr.obj (.text:_SCITXINTA_ISR)
                  003f31b2    00000005                   : F2802x_DefaultIsr.obj (.text:_SPIRXINTA_ISR)
                  003f31b7    00000005                   : F2802x_DefaultIsr.obj (.text:_SPITXINTA_ISR)
                  003f31bc    00000005                   : F2802x_DefaultIsr.obj (.text:_TINT0_ISR)
                  003f31c1    00000005                   : F2802x_DefaultIsr.obj (.text:_USER10_ISR)
                  003f31c6    00000005                   : F2802x_DefaultIsr.obj (.text:_USER11_ISR)
                  003f31cb    00000005                   : F2802x_DefaultIsr.obj (.text:_USER12_ISR)
                  003f31d0    00000005                   : F2802x_DefaultIsr.obj (.text:_USER1_ISR)
                  003f31d5    00000005                   : F2802x_DefaultIsr.obj (.text:_USER2_ISR)
                  003f31da    00000005                   : F2802x_DefaultIsr.obj (.text:_USER3_ISR)
                  003f31df    00000005                   : F2802x_DefaultIsr.obj (.text:_USER4_ISR)
                  003f31e4    00000005                   : F2802x_DefaultIsr.obj (.text:_USER5_ISR)
                  003f31e9    00000005                   : F2802x_DefaultIsr.obj (.text:_USER6_ISR)
                  003f31ee    00000005                   : F2802x_DefaultIsr.obj (.text:_USER7_ISR)
                  003f31f3    00000005                   : F2802x_DefaultIsr.obj (.text:_USER8_ISR)
                  003f31f8    00000005                   : F2802x_DefaultIsr.obj (.text:_USER9_ISR)
                  003f31fd    00000005                   : F2802x_DefaultIsr.obj (.text:_WAKEINT_ISR)
                  003f3202    00000005                   : F2802x_DefaultIsr.obj (.text:_XINT1_ISR)
                  003f3207    00000005                   : F2802x_DefaultIsr.obj (.text:_XINT2_ISR)
                  003f320c    00000005                   : F2802x_DefaultIsr.obj (.text:_XINT3_ISR)
                  003f3211    00000005                   : F2802x_DefaultIsr.obj (.text:_rsvd_ISR)
                  003f3216    00000005     rts2800_ml.lib : strcpy.obj (.text)
                  003f321b    00000004     driverlib.lib : cpu.obj (.text:_CPU_init)
                  003f321f    00000004                   : sci.obj (.text:_SCI_clearRxFifoInt)
                  003f3223    00000004                   : sci.obj (.text:_SCI_clearTxFifoInt)
                  003f3227    00000004                   : sci.obj (.text:_SCI_enableFifoEnh)
                  003f322b    00000004                   : sci.obj (.text:_SCI_setCharLength)
                  003f322f    00000004                   : sci.obj (.text:_SCI_setNumStopBits)
                  003f3233    00000003                   : cpu.obj (.text:_CPU_clearIntFlags)
                  003f3236    00000003                   : cpu.obj (.text:_CPU_disableGlobalInts)
                  003f3239    00000003                   : pie.obj (.text:_PIE_disable)
                  003f323c    00000003                   : pie.obj (.text:_PIE_enable)
                  003f323f    00000003                   : pll.obj (.text:_PLL_getClkStatus)
                  003f3242    00000003                   : pll.obj (.text:_PLL_getLockStatus)
                  003f3245    00000003                   : sci.obj (.text:_SCI_disableParity)
                  003f3248    00000003                   : sci.obj (.text:_SCI_enable)
                  003f324b    00000003                   : sci.obj (.text:_SCI_enableRx)
                  003f324e    00000003                   : sci.obj (.text:_SCI_enableRxInt)
                  003f3251    00000003                   : sci.obj (.text:_SCI_enableTx)
                  003f3254    00000003                   : sci.obj (.text:_SCI_enableTxInt)
                  003f3257    00000003                   : sci.obj (.text:_SCI_setPriority)
                  003f325a    00000003     rts2800_ml.lib : remove.obj (.text)
                  003f325d    00000002     driverlib.lib : sci_io.obj (.text:_SCI_lseek)
                  003f325f    00000002                   : sci_io.obj (.text:_SCI_rename)
                  003f3261    00000002                   : sci_io.obj (.text:_SCI_unlink)

.cinit     0    003f3263    00000085     
                  003f3263    00000031     rts2800_ml.lib : lowlev.obj (.cinit)
                  003f3294    0000002a                    : defs.obj (.cinit)
                  003f32be    0000000a                    : _lock.obj (.cinit)
                  003f32c8    0000000a                    : exit.obj (.cinit)
                  003f32d2    00000008     Example_F2802xLaunchPadDemo.obj (.cinit)
                  003f32da    00000004     driverlib.lib : sci_io.obj (.cinit)
                  003f32de    00000004     rts2800_ml.lib : fopen.obj (.cinit)
                  003f32e2    00000004                    : memory.obj (.cinit)
                  003f32e6    00000002     --HOLE-- [fill = 0]

.econst    0    003f6000    000010c2     
                  003f6000    00000e3d     Example_F2802xLaunchPadDemo.obj (.econst:_ti_ascii)
                  003f6e3d    00000101     rts2800_ml.lib : ctype.obj (.econst:.string:__ctypes_)
                  003f6f3e    00000100     driverlib.lib : pie.obj (.econst:_PIE_tableDebugInit)
                  003f703e    00000026     Example_F2802xLaunchPadDemo.obj (.econst:.string)
                  003f7064    00000024     rts2800_ml.lib : _printfi.obj (.econst:.string)
                  003f7088    00000018                    : _printfi.obj (.econst)
                  003f70a0    00000015     Example_F2802xLaunchPadDemo.obj (.econst:.string:_pucTempString)
                  003f70b5    00000005     Example_F2802xLaunchPadDemo.obj (.econst:.string:_escRed)
                  003f70ba    00000005     Example_F2802xLaunchPadDemo.obj (.econst:.string:_escWhite)
                  003f70bf    00000001     --HOLE-- [fill = 0]
                  003f70c0    00000002     rts2800_ml.lib : fputs.obj (.econst:.string)

ramfuncs   0    003f70c2    00000020     RUN ADDR = 00008000
                  003f70c2    0000000c     driverlib.lib : flash.obj (ramfuncs:_FLASH_setup)
                  003f70ce    00000006                   : flash.obj (ramfuncs:_FLASH_enablePipelineMode)
                  003f70d4    00000005                   : flash.obj (ramfuncs:_FLASH_setActiveWaitCount)
                  003f70d9    00000005                   : flash.obj (ramfuncs:_FLASH_setStandbyWaitCount)
                  003f70de    00000004                   : F2802x_asmfuncs.obj (ramfuncs)

.text.2    0    003f70e2    00000e9e     
                  003f70e2    00000930     rts2800_ml.lib : _printfi.obj (.text)
                  003f7a12    00000276     Example_F2802xLaunchPadDemo.obj (.text:_main)
                  003f7c88    00000201     rts2800_ml.lib : lowlev.obj (.text)
                  003f7e89    000000a8                    : fputs.obj (.text)
                  003f7f31    00000049     driverlib.lib : gpio.obj (.text:_GPIO_setMode)
                  003f7f7a    00000006                   : pll.obj (.text:_PLL_setMultiplier)

csm_rsvd   0    003f7f80    00000076     
                  003f7f80    00000076     driverlib.lib : F2802x_asmfuncs.obj (csm_rsvd)

codestart 
*          0    003f7ff6    00000002     
                  003f7ff6    00000002     driverlib.lib : F2802x_asmfuncs.obj (codestart)

csmpasswds 
*          0    003f7ff8    00000008     
                  003f7ff8    00000008     driverlib.lib : F2802x_asmfuncs.obj (csmpasswds)

.reset     0    003fffc0    00000002     DSECT
                  003fffc0    00000002     rts2800_ml.lib : boot.obj (.reset)

vectors    0    003fffc2    00000000     DSECT

.stack     1    00000050    00000300     UNINITIALIZED
                  00000050    00000300     --HOLE--

.cio       1    00000400    00000120     UNINITIALIZED
                  00000400    00000120     rts2800_ml.lib : ankmsg.obj (.cio)

.ebss      1    00008800    00000216     UNINITIALIZED
                  00008800    00000160     rts2800_ml.lib : defs.obj (.ebss)
                  00008960    00000010     Example_F2802xLaunchPadDemo.obj (.ebss)
                  00008970    00000008     rts2800_ml.lib : memory.obj (.ebss)
                  00008978    00000008                    : trgdrv.obj (.ebss)
                  00008980    00000088                    : lowlev.obj (.ebss)
                  00008a08    00000004     driverlib.lib : sci_io.obj (.ebss)
                  00008a0c    00000004     rts2800_ml.lib : _lock.obj (.ebss)
                  00008a10    00000004                    : exit.obj (.ebss)
                  00008a14    00000001     driverlib.lib : cpu.obj (.ebss)
                  00008a15    00000001     rts2800_ml.lib : fopen.obj (.ebss)

.sysmem    1    00008a16    00000200     UNINITIALIZED
                  00008a16    00000001     rts2800_ml.lib : memory.obj (.sysmem)
                  00008a17    000001ff     --HOLE--


GLOBAL DATA SYMBOLS: SORTED BY DATA PAGE

address     data page           name
--------    ----------------    ----
00000050       1 (00000040)     __stack

00000400      10 (00000400)     __CIOBUF_

00008800     220 (00008800)     ___TI_ft_end

00008840     221 (00008840)     __ftable

000088c0     223 (000088c0)     ___TI_tmpnams

00008961     225 (00008940)     _referenceTemp
00008963     225 (00008940)     _currentTemp
00008964     225 (00008940)     _myAdc
00008966     225 (00008940)     _myGpio
00008968     225 (00008940)     _myPie
0000896a     225 (00008940)     _myFlash
0000896c     225 (00008940)     _myClk
0000896e     225 (00008940)     _mySci

00008a08     228 (00008a00)     _deviceOpen
00008a0a     228 (00008a00)     _ioSci
00008a0c     228 (00008a00)     __unlock
00008a0e     228 (00008a00)     __lock
00008a10     228 (00008a00)     ___TI_cleanup_ptr
00008a12     228 (00008a00)     ___TI_dtors_ptr
00008a14     228 (00008a00)     _cpu
00008a16     228 (00008a00)     __sys_memory

003f6000    fd80 (003f6000)     _ti_ascii

003f6e3d    fdb8 (003f6e00)     __ctypes_

003f6f3e    fdbc (003f6f00)     _PIE_tableDebugInit

003f70a0    fdc2 (003f7080)     _pucTempString
003f70b5    fdc2 (003f7080)     _escRed
003f70ba    fdc2 (003f7080)     _escWhite


GLOBAL SYMBOLS: SORTED ALPHABETICALLY BY Name 

address    name
--------   ----
ffffffff   .text
003f2e9f   C$$EXIT
003f26ad   C$$IO$$
003f25c1   FD$$ADD
003f2cc8   FD$$CMP
003f26eb   FD$$DIV
003f2776   FD$$MPY
003f30a3   FD$$NEG
003f2fea   FD$$SUB
003f2d40   FD$$TOI
003f2d82   FD$$TOL
003f2e4e   FS$$TOFD
003f2cf2   L$$DIV
003f2d01   L$$MOD
003f2e6a   L$$TOFD
003f2ed0   LL$$AND
003f2da1   LL$$CMP
003f23bb   LL$$DIV
003f23f7   LL$$MOD
003f2f14   LL$$MPY
003f2ed8   LL$$OR
003f2ee0   LL$$XOR
003f2d0f   UL$$DIV
003f2d16   UL$$MOD
003f2db3   ULL$$CMP
003f2431   ULL$$DIV
003f2460   ULL$$MOD
003f3126   _ADCINT1_ISR
003f312b   _ADCINT2_ISR
003f3130   _ADCINT3_ISR
003f3135   _ADCINT4_ISR
003f313a   _ADCINT5_ISR
003f313f   _ADCINT6_ISR
003f3144   _ADCINT7_ISR
003f3149   _ADCINT8_ISR
003f314e   _ADCINT9_ISR
003f301e   _ADC_enable
003f3029   _ADC_enableBandGap
003f2eb8   _ADC_enableInt
003f3034   _ADC_enableRefBuffers
003f303f   _ADC_enableTempSensor
003f30ac   _ADC_init
003f304a   _ADC_powerUp
003f2d1c   _ADC_setIntSrc
003f2dfa   _ADC_setSocChanNumber
003f2e16   _ADC_setSocSampleWindow
003f2f74   _ADC_setVoltRefSrc
003f30cc   _CLK_enableAdcClock
003f3088   _CLK_enableSciaClock
003f30d3   _CLK_init
003f30da   _CLK_setClkOutPreScaler
003f30e1   _CLK_setOscSrc
003f3233   _CPU_clearIntFlags
003f3236   _CPU_disableGlobalInts
003f321b   _CPU_init
003f3153   _DATALOG_ISR
003f2f91   _DSP28x_DisableInt
003f2f95   _DSP28x_RestoreInt
0000801c   _DSP28x_usDelay
003f3158   _ECAP1_INT_ISR
003f315d   _EMUINT_ISR
003f3162   _EPWM1_INT_ISR
003f3167   _EPWM1_TZINT_ISR
003f316c   _EPWM2_INT_ISR
003f3171   _EPWM2_TZINT_ISR
003f3176   _EPWM3_INT_ISR
003f317b   _EPWM3_TZINT_ISR
0000800c   _FLASH_enablePipelineMode
003f30e8   _FLASH_init
00008012   _FLASH_setActiveWaitCount
00008017   _FLASH_setStandbyWaitCount
00008000   _FLASH_setup
003f2faa   _GPIO_getData
003f30ef   _GPIO_init
003f2ba6   _GPIO_setDirection
003f2f28   _GPIO_setHigh
003f2f3b   _GPIO_setLow
003f7f31   _GPIO_setMode
003f2fcc   _GPIO_setPortData
003f2bda   _GPIO_setPullUp
003f2c9d   _GPIO_setQualification
003f21c8   _HOSTclock
003f21a1   _HOSTclose
003f2177   _HOSTgetenv
003f2130   _HOSTlseek
003f20f9   _HOSTopen
003f20c3   _HOSTread
003f2085   _HOSTrename
003f205b   _HOSTtime
003f2036   _HOSTunlink
003f2000   _HOSTwrite
003f3180   _I2CINT1A_ISR
003f3185   _I2CINT2A_ISR
003f318a   _ILLEGAL_ISR
003f318f   _INT13_ISR
003f3194   _INT14_ISR
003f3199   _NMI_ISR
003f319e   _PIE_RESERVED
003f3239   _PIE_disable
003f2fdb   _PIE_disableAllInts
003f323c   _PIE_enable
003f30b4   _PIE_init
003f2fbb   _PIE_setDebugIntVectorTable
003f6f3e   _PIE_tableDebugInit
003f323f   _PLL_getClkStatus
003f3242   _PLL_getLockStatus
003f30f6   _PLL_init
003f30fd   _PLL_setDivider
003f7f7a   _PLL_setMultiplier
003f2eff   _PLL_setup
003f31a3   _RTOSINT_ISR
00000020   _RamfuncsLoadSize
003f70c2   _RamfuncsLoadStart
00008000   _RamfuncsRunStart
003f31a8   _SCIRXINTA_ISR
003f31ad   _SCITXINTA_ISR
003f321f   _SCI_clearRxFifoInt
003f3223   _SCI_clearTxFifoInt
003f3012   _SCI_close
003f3245   _SCI_disableParity
003f3248   _SCI_enable
003f3227   _SCI_enableFifoEnh
003f324b   _SCI_enableRx
003f324e   _SCI_enableRxInt
003f3251   _SCI_enableTx
003f3254   _SCI_enableTxInt
003f3104   _SCI_init
003f325d   _SCI_lseek
003f2f4e   _SCI_open
003f3091   _SCI_putDataBlocking
003f2f61   _SCI_read
003f325f   _SCI_rename
003f3060   _SCI_resetChannels
003f306a   _SCI_resetRxFifo
003f3074   _SCI_resetTxFifo
003f3120   _SCI_setBaudRate
003f322b   _SCI_setCharLength
003f322f   _SCI_setNumStopBits
003f3257   _SCI_setPriority
003f310b   _SCI_setRxFifoIntLevel
003f3112   _SCI_setTxFifoIntLevel
003f3261   _SCI_unlink
003f2e32   _SCI_write
003f31b2   _SPIRXINTA_ISR
003f31b7   _SPITXINTA_ISR
003f31bc   _TINT0_ISR
003f31c1   _USER10_ISR
003f31c6   _USER11_ISR
003f31cb   _USER12_ISR
003f31d0   _USER1_ISR
003f31d5   _USER2_ISR
003f31da   _USER3_ISR
003f31df   _USER4_ISR
003f31e4   _USER5_ISR
003f31e9   _USER6_ISR
003f31ee   _USER7_ISR
003f31f3   _USER8_ISR
003f31f8   _USER9_ISR
003f31fd   _WAKEINT_ISR
003f30bc   _WDOG_disable
003f3119   _WDOG_init
003f3202   _XINT1_ISR
003f3207   _XINT2_ISR
003f320c   _XINT3_ISR
00000400   __CIOBUF_
00000350   __STACK_END
00000300   __STACK_SIZE
00000200   __SYSMEM_SIZE
00000001   __TI_args_main
003f253a   ___TI_cleanup
00008a10   ___TI_cleanup_ptr
003f2a7a   ___TI_closefile
003f28e1   ___TI_doflush
00008a12   ___TI_dtors_ptr
00008800   ___TI_ft_end
003f7920   ___TI_printfi
003f29ec   ___TI_rd_ok
003f26b1   ___TI_readmsg
000088c0   ___TI_tmpnams
003f265d   ___TI_writemsg
003f29b2   ___TI_wrt_ok
ffffffff   ___binit__
ffffffff   ___c_args__
003f3263   ___cinit__
ffffffff   ___etext__
003f2d61   ___memcpy_ff
ffffffff   ___pinit__
ffffffff   ___text__
003f2e86   __args_main
003f6e3d   __ctypes_
00008840   __ftable
00008a0e   __lock
003f30a2   __nop
003f309e   __register_lock
003f309a   __register_unlock
00000050   __stack
00008a16   __sys_memory
00008a0c   __unlock
003f2e9f   _abort
003f7e1d   _add_device
003f2c40   _atoi
003f2b25   _c_int00
003f23a3   _calloc
003f23a1   _chkheap
003f2a17   _clearTextBox
003f7deb   _close
00008a14   _cpu
00008963   _currentTemp
00008a08   _deviceOpen
003f2872   _drawTILogo
003f70b5   _escRed
003f70ba   _escWhite
003f2ea1   _exit
003f2abc   _fclose
003f2910   _fflush
003f25a7   _fopen
003f2ad5   _fputc
003f7e89   _fputs
003f21f2   _free
003f2385   _free_memory
003f2557   _freopen
003f2b69   _fseek
00008a0a   _ioSci
003f7dd3   _lseek
003f2c71   _ltoa
003f7a12   _main
003f225b   _malloc
003f2365   _max_free
003f2ff8   _memccpy
003f2f98   _memchr
003f3005   _memset
003f2237   _minit
00008964   _myAdc
0000896c   _myClk
0000896a   _myFlash
00008966   _myGpio
00008968   _myPie
0000896e   _mySci
003f7d61   _open
003f2c14   _printf
003f70a0   _pucTempString
003f2ad5   _putc
003f2b20   _putchar
003f7f1f   _puts
003f7d49   _read
003f22b5   _realloc
00008961   _referenceTemp
003f325a   _remove
003f7d2f   _remove_device
003f7d06   _rename
003f3211   _rsvd_ISR
003f2ddd   _sampleTemperature
003f294c   _scia_init
003f2f8e   _setDBGIER
003f27f9   _setvbuf
003f3055   _strchr
003f307e   _strcmp
003f3216   _strcpy
003f30c4   _strlen
003f2dbf   _strncpy
003f6000   _ti_ascii
003f7cee   _unlink
003f2ee8   _updateTemperature
003f7c88   _write
ffffffff   binit
003f3263   cinit
003f7ff6   code_start
ffffffff   etext
ffffffff   pinit


GLOBAL SYMBOLS: SORTED BY Symbol Address 

address    name
--------   ----
00000001   __TI_args_main
00000020   _RamfuncsLoadSize
00000050   __stack
00000200   __SYSMEM_SIZE
00000300   __STACK_SIZE
00000350   __STACK_END
00000400   __CIOBUF_
00008000   _FLASH_setup
00008000   _RamfuncsRunStart
0000800c   _FLASH_enablePipelineMode
00008012   _FLASH_setActiveWaitCount
00008017   _FLASH_setStandbyWaitCount
0000801c   _DSP28x_usDelay
00008800   ___TI_ft_end
00008840   __ftable
000088c0   ___TI_tmpnams
00008961   _referenceTemp
00008963   _currentTemp
00008964   _myAdc
00008966   _myGpio
00008968   _myPie
0000896a   _myFlash
0000896c   _myClk
0000896e   _mySci
00008a08   _deviceOpen
00008a0a   _ioSci
00008a0c   __unlock
00008a0e   __lock
00008a10   ___TI_cleanup_ptr
00008a12   ___TI_dtors_ptr
00008a14   _cpu
00008a16   __sys_memory
003f2000   _HOSTwrite
003f2036   _HOSTunlink
003f205b   _HOSTtime
003f2085   _HOSTrename
003f20c3   _HOSTread
003f20f9   _HOSTopen
003f2130   _HOSTlseek
003f2177   _HOSTgetenv
003f21a1   _HOSTclose
003f21c8   _HOSTclock
003f21f2   _free
003f2237   _minit
003f225b   _malloc
003f22b5   _realloc
003f2365   _max_free
003f2385   _free_memory
003f23a1   _chkheap
003f23a3   _calloc
003f23bb   LL$$DIV
003f23f7   LL$$MOD
003f2431   ULL$$DIV
003f2460   ULL$$MOD
003f253a   ___TI_cleanup
003f2557   _freopen
003f25a7   _fopen
003f25c1   FD$$ADD
003f265d   ___TI_writemsg
003f26ad   C$$IO$$
003f26b1   ___TI_readmsg
003f26eb   FD$$DIV
003f2776   FD$$MPY
003f27f9   _setvbuf
003f2872   _drawTILogo
003f28e1   ___TI_doflush
003f2910   _fflush
003f294c   _scia_init
003f29b2   ___TI_wrt_ok
003f29ec   ___TI_rd_ok
003f2a17   _clearTextBox
003f2a7a   ___TI_closefile
003f2abc   _fclose
003f2ad5   _fputc
003f2ad5   _putc
003f2b20   _putchar
003f2b25   _c_int00
003f2b69   _fseek
003f2ba6   _GPIO_setDirection
003f2bda   _GPIO_setPullUp
003f2c14   _printf
003f2c40   _atoi
003f2c71   _ltoa
003f2c9d   _GPIO_setQualification
003f2cc8   FD$$CMP
003f2cf2   L$$DIV
003f2d01   L$$MOD
003f2d0f   UL$$DIV
003f2d16   UL$$MOD
003f2d1c   _ADC_setIntSrc
003f2d40   FD$$TOI
003f2d61   ___memcpy_ff
003f2d82   FD$$TOL
003f2da1   LL$$CMP
003f2db3   ULL$$CMP
003f2dbf   _strncpy
003f2ddd   _sampleTemperature
003f2dfa   _ADC_setSocChanNumber
003f2e16   _ADC_setSocSampleWindow
003f2e32   _SCI_write
003f2e4e   FS$$TOFD
003f2e6a   L$$TOFD
003f2e86   __args_main
003f2e9f   C$$EXIT
003f2e9f   _abort
003f2ea1   _exit
003f2eb8   _ADC_enableInt
003f2ed0   LL$$AND
003f2ed8   LL$$OR
003f2ee0   LL$$XOR
003f2ee8   _updateTemperature
003f2eff   _PLL_setup
003f2f14   LL$$MPY
003f2f28   _GPIO_setHigh
003f2f3b   _GPIO_setLow
003f2f4e   _SCI_open
003f2f61   _SCI_read
003f2f74   _ADC_setVoltRefSrc
003f2f8e   _setDBGIER
003f2f91   _DSP28x_DisableInt
003f2f95   _DSP28x_RestoreInt
003f2f98   _memchr
003f2faa   _GPIO_getData
003f2fbb   _PIE_setDebugIntVectorTable
003f2fcc   _GPIO_setPortData
003f2fdb   _PIE_disableAllInts
003f2fea   FD$$SUB
003f2ff8   _memccpy
003f3005   _memset
003f3012   _SCI_close
003f301e   _ADC_enable
003f3029   _ADC_enableBandGap
003f3034   _ADC_enableRefBuffers
003f303f   _ADC_enableTempSensor
003f304a   _ADC_powerUp
003f3055   _strchr
003f3060   _SCI_resetChannels
003f306a   _SCI_resetRxFifo
003f3074   _SCI_resetTxFifo
003f307e   _strcmp
003f3088   _CLK_enableSciaClock
003f3091   _SCI_putDataBlocking
003f309a   __register_unlock
003f309e   __register_lock
003f30a2   __nop
003f30a3   FD$$NEG
003f30ac   _ADC_init
003f30b4   _PIE_init
003f30bc   _WDOG_disable
003f30c4   _strlen
003f30cc   _CLK_enableAdcClock
003f30d3   _CLK_init
003f30da   _CLK_setClkOutPreScaler
003f30e1   _CLK_setOscSrc
003f30e8   _FLASH_init
003f30ef   _GPIO_init
003f30f6   _PLL_init
003f30fd   _PLL_setDivider
003f3104   _SCI_init
003f310b   _SCI_setRxFifoIntLevel
003f3112   _SCI_setTxFifoIntLevel
003f3119   _WDOG_init
003f3120   _SCI_setBaudRate
003f3126   _ADCINT1_ISR
003f312b   _ADCINT2_ISR
003f3130   _ADCINT3_ISR
003f3135   _ADCINT4_ISR
003f313a   _ADCINT5_ISR
003f313f   _ADCINT6_ISR
003f3144   _ADCINT7_ISR
003f3149   _ADCINT8_ISR
003f314e   _ADCINT9_ISR
003f3153   _DATALOG_ISR
003f3158   _ECAP1_INT_ISR
003f315d   _EMUINT_ISR
003f3162   _EPWM1_INT_ISR
003f3167   _EPWM1_TZINT_ISR
003f316c   _EPWM2_INT_ISR
003f3171   _EPWM2_TZINT_ISR
003f3176   _EPWM3_INT_ISR
003f317b   _EPWM3_TZINT_ISR
003f3180   _I2CINT1A_ISR
003f3185   _I2CINT2A_ISR
003f318a   _ILLEGAL_ISR
003f318f   _INT13_ISR
003f3194   _INT14_ISR
003f3199   _NMI_ISR
003f319e   _PIE_RESERVED
003f31a3   _RTOSINT_ISR
003f31a8   _SCIRXINTA_ISR
003f31ad   _SCITXINTA_ISR
003f31b2   _SPIRXINTA_ISR
003f31b7   _SPITXINTA_ISR
003f31bc   _TINT0_ISR
003f31c1   _USER10_ISR
003f31c6   _USER11_ISR
003f31cb   _USER12_ISR
003f31d0   _USER1_ISR
003f31d5   _USER2_ISR
003f31da   _USER3_ISR
003f31df   _USER4_ISR
003f31e4   _USER5_ISR
003f31e9   _USER6_ISR
003f31ee   _USER7_ISR
003f31f3   _USER8_ISR
003f31f8   _USER9_ISR
003f31fd   _WAKEINT_ISR
003f3202   _XINT1_ISR
003f3207   _XINT2_ISR
003f320c   _XINT3_ISR
003f3211   _rsvd_ISR
003f3216   _strcpy
003f321b   _CPU_init
003f321f   _SCI_clearRxFifoInt
003f3223   _SCI_clearTxFifoInt
003f3227   _SCI_enableFifoEnh
003f322b   _SCI_setCharLength
003f322f   _SCI_setNumStopBits
003f3233   _CPU_clearIntFlags
003f3236   _CPU_disableGlobalInts
003f3239   _PIE_disable
003f323c   _PIE_enable
003f323f   _PLL_getClkStatus
003f3242   _PLL_getLockStatus
003f3245   _SCI_disableParity
003f3248   _SCI_enable
003f324b   _SCI_enableRx
003f324e   _SCI_enableRxInt
003f3251   _SCI_enableTx
003f3254   _SCI_enableTxInt
003f3257   _SCI_setPriority
003f325a   _remove
003f325d   _SCI_lseek
003f325f   _SCI_rename
003f3261   _SCI_unlink
003f3263   ___cinit__
003f3263   cinit
003f6000   _ti_ascii
003f6e3d   __ctypes_
003f6f3e   _PIE_tableDebugInit
003f70a0   _pucTempString
003f70b5   _escRed
003f70ba   _escWhite
003f70c2   _RamfuncsLoadStart
003f7920   ___TI_printfi
003f7a12   _main
003f7c88   _write
003f7cee   _unlink
003f7d06   _rename
003f7d2f   _remove_device
003f7d49   _read
003f7d61   _open
003f7dd3   _lseek
003f7deb   _close
003f7e1d   _add_device
003f7e89   _fputs
003f7f1f   _puts
003f7f31   _GPIO_setMode
003f7f7a   _PLL_setMultiplier
003f7ff6   code_start
ffffffff   .text
ffffffff   ___binit__
ffffffff   ___c_args__
ffffffff   ___etext__
ffffffff   ___pinit__
ffffffff   ___text__
ffffffff   binit
ffffffff   etext
ffffffff   pinit

[269 symbols]
