<?xml version="1.0"?>
<link_info>
   <banner>TMS320C2000 Linker PC v6.2.5</banner>
   <copyright>Copyright (c) 1996-2014 Texas Instruments Incorporated</copyright>
   <link_time>0x53abfc10</link_time>
   <link_errors>0x0</link_errors>
   <output_file>Example_F2802xLaunchPad_demo.out</output_file>
   <entry_point>
      <name>code_start</name>
      <address>0x3f7ff6</address>
   </entry_point>
   <input_file_list>
      <input_file id="fl-2">
         <path>.\</path>
         <kind>object</kind>
         <file>Example_F2802xLaunchPadDemo.obj</file>
         <name>Example_F2802xLaunchPadDemo.obj</name>
      </input_file>
      <input_file id="fl-9">
         <path>C:\ti\controlSUITE\development_kits\C2000_LaunchPad\f2802x_common\lib\</path>
         <kind>archive</kind>
         <file>driverlib.lib</file>
         <name>wdog.obj</name>
      </input_file>
      <input_file id="fl-a">
         <path>C:\ti\controlSUITE\development_kits\C2000_LaunchPad\f2802x_common\lib\</path>
         <kind>archive</kind>
         <file>driverlib.lib</file>
         <name>sci_io.obj</name>
      </input_file>
      <input_file id="fl-b">
         <path>C:\ti\controlSUITE\development_kits\C2000_LaunchPad\f2802x_common\lib\</path>
         <kind>archive</kind>
         <file>driverlib.lib</file>
         <name>sci.obj</name>
      </input_file>
      <input_file id="fl-c">
         <path>C:\ti\controlSUITE\development_kits\C2000_LaunchPad\f2802x_common\lib\</path>
         <kind>archive</kind>
         <file>driverlib.lib</file>
         <name>pll.obj</name>
      </input_file>
      <input_file id="fl-d">
         <path>C:\ti\controlSUITE\development_kits\C2000_LaunchPad\f2802x_common\lib\</path>
         <kind>archive</kind>
         <file>driverlib.lib</file>
         <name>pie.obj</name>
      </input_file>
      <input_file id="fl-e">
         <path>C:\ti\controlSUITE\development_kits\C2000_LaunchPad\f2802x_common\lib\</path>
         <kind>archive</kind>
         <file>driverlib.lib</file>
         <name>gpio.obj</name>
      </input_file>
      <input_file id="fl-f">
         <path>C:\ti\controlSUITE\development_kits\C2000_LaunchPad\f2802x_common\lib\</path>
         <kind>archive</kind>
         <file>driverlib.lib</file>
         <name>flash.obj</name>
      </input_file>
      <input_file id="fl-10">
         <path>C:\ti\controlSUITE\development_kits\C2000_LaunchPad\f2802x_common\lib\</path>
         <kind>archive</kind>
         <file>driverlib.lib</file>
         <name>cpu.obj</name>
      </input_file>
      <input_file id="fl-11">
         <path>C:\ti\controlSUITE\development_kits\C2000_LaunchPad\f2802x_common\lib\</path>
         <kind>archive</kind>
         <file>driverlib.lib</file>
         <name>clk.obj</name>
      </input_file>
      <input_file id="fl-12">
         <path>C:\ti\controlSUITE\development_kits\C2000_LaunchPad\f2802x_common\lib\</path>
         <kind>archive</kind>
         <file>driverlib.lib</file>
         <name>adc.obj</name>
      </input_file>
      <input_file id="fl-13">
         <path>C:\ti\controlSUITE\development_kits\C2000_LaunchPad\f2802x_common\lib\</path>
         <kind>archive</kind>
         <file>driverlib.lib</file>
         <name>F2802x_asmfuncs.obj</name>
      </input_file>
      <input_file id="fl-14">
         <path>C:\ti\controlSUITE\development_kits\C2000_LaunchPad\f2802x_common\lib\</path>
         <kind>archive</kind>
         <file>driverlib.lib</file>
         <name>F2802x_DefaultIsr.obj</name>
      </input_file>
      <input_file id="fl-15">
         <path>c:\ti\ccsv6\tools\compiler\c2000_6.2.5\lib\</path>
         <kind>archive</kind>
         <file>rts2800_ml.lib</file>
         <name>boot.obj</name>
      </input_file>
      <input_file id="fl-16">
         <path>c:\ti\ccsv6\tools\compiler\c2000_6.2.5\lib\</path>
         <kind>archive</kind>
         <file>rts2800_ml.lib</file>
         <name>defs.obj</name>
      </input_file>
      <input_file id="fl-17">
         <path>c:\ti\ccsv6\tools\compiler\c2000_6.2.5\lib\</path>
         <kind>archive</kind>
         <file>rts2800_ml.lib</file>
         <name>exit.obj</name>
      </input_file>
      <input_file id="fl-18">
         <path>c:\ti\ccsv6\tools\compiler\c2000_6.2.5\lib\</path>
         <kind>archive</kind>
         <file>rts2800_ml.lib</file>
         <name>fopen.obj</name>
      </input_file>
      <input_file id="fl-19">
         <path>c:\ti\ccsv6\tools\compiler\c2000_6.2.5\lib\</path>
         <kind>archive</kind>
         <file>rts2800_ml.lib</file>
         <name>fputc.obj</name>
      </input_file>
      <input_file id="fl-1a">
         <path>c:\ti\ccsv6\tools\compiler\c2000_6.2.5\lib\</path>
         <kind>archive</kind>
         <file>rts2800_ml.lib</file>
         <name>lowlev.obj</name>
      </input_file>
      <input_file id="fl-1b">
         <path>c:\ti\ccsv6\tools\compiler\c2000_6.2.5\lib\</path>
         <kind>archive</kind>
         <file>rts2800_ml.lib</file>
         <name>memcpy_ff.obj</name>
      </input_file>
      <input_file id="fl-1c">
         <path>c:\ti\ccsv6\tools\compiler\c2000_6.2.5\lib\</path>
         <kind>archive</kind>
         <file>rts2800_ml.lib</file>
         <name>printf.obj</name>
      </input_file>
      <input_file id="fl-1d">
         <path>c:\ti\ccsv6\tools\compiler\c2000_6.2.5\lib\</path>
         <kind>archive</kind>
         <file>rts2800_ml.lib</file>
         <name>setvbuf.obj</name>
      </input_file>
      <input_file id="fl-1e">
         <path>c:\ti\ccsv6\tools\compiler\c2000_6.2.5\lib\</path>
         <kind>archive</kind>
         <file>rts2800_ml.lib</file>
         <name>strchr.obj</name>
      </input_file>
      <input_file id="fl-1f">
         <path>c:\ti\ccsv6\tools\compiler\c2000_6.2.5\lib\</path>
         <kind>archive</kind>
         <file>rts2800_ml.lib</file>
         <name>strcmp.obj</name>
      </input_file>
      <input_file id="fl-20">
         <path>c:\ti\ccsv6\tools\compiler\c2000_6.2.5\lib\</path>
         <kind>archive</kind>
         <file>rts2800_ml.lib</file>
         <name>strncpy.obj</name>
      </input_file>
      <input_file id="fl-21">
         <path>c:\ti\ccsv6\tools\compiler\c2000_6.2.5\lib\</path>
         <kind>archive</kind>
         <file>rts2800_ml.lib</file>
         <name>trgdrv.obj</name>
      </input_file>
      <input_file id="fl-22">
         <path>c:\ti\ccsv6\tools\compiler\c2000_6.2.5\lib\</path>
         <kind>archive</kind>
         <file>rts2800_ml.lib</file>
         <name>_io_perm.obj</name>
      </input_file>
      <input_file id="fl-23">
         <path>c:\ti\ccsv6\tools\compiler\c2000_6.2.5\lib\</path>
         <kind>archive</kind>
         <file>rts2800_ml.lib</file>
         <name>_lock.obj</name>
      </input_file>
      <input_file id="fl-24">
         <path>c:\ti\ccsv6\tools\compiler\c2000_6.2.5\lib\</path>
         <kind>archive</kind>
         <file>rts2800_ml.lib</file>
         <name>_printfi.obj</name>
      </input_file>
      <input_file id="fl-25">
         <path>c:\ti\ccsv6\tools\compiler\c2000_6.2.5\lib\</path>
         <kind>archive</kind>
         <file>rts2800_ml.lib</file>
         <name>ankmsg.obj</name>
      </input_file>
      <input_file id="fl-26">
         <path>c:\ti\ccsv6\tools\compiler\c2000_6.2.5\lib\</path>
         <kind>archive</kind>
         <file>rts2800_ml.lib</file>
         <name>args_main.obj</name>
      </input_file>
      <input_file id="fl-27">
         <path>c:\ti\ccsv6\tools\compiler\c2000_6.2.5\lib\</path>
         <kind>archive</kind>
         <file>rts2800_ml.lib</file>
         <name>atoi.obj</name>
      </input_file>
      <input_file id="fl-28">
         <path>c:\ti\ccsv6\tools\compiler\c2000_6.2.5\lib\</path>
         <kind>archive</kind>
         <file>rts2800_ml.lib</file>
         <name>ctype.obj</name>
      </input_file>
      <input_file id="fl-29">
         <path>c:\ti\ccsv6\tools\compiler\c2000_6.2.5\lib\</path>
         <kind>archive</kind>
         <file>rts2800_ml.lib</file>
         <name>fclose.obj</name>
      </input_file>
      <input_file id="fl-2a">
         <path>c:\ti\ccsv6\tools\compiler\c2000_6.2.5\lib\</path>
         <kind>archive</kind>
         <file>rts2800_ml.lib</file>
         <name>fd_cmp.obj</name>
      </input_file>
      <input_file id="fl-2b">
         <path>c:\ti\ccsv6\tools\compiler\c2000_6.2.5\lib\</path>
         <kind>archive</kind>
         <file>rts2800_ml.lib</file>
         <name>fd_div.obj</name>
      </input_file>
      <input_file id="fl-2c">
         <path>c:\ti\ccsv6\tools\compiler\c2000_6.2.5\lib\</path>
         <kind>archive</kind>
         <file>rts2800_ml.lib</file>
         <name>fd_mpy.obj</name>
      </input_file>
      <input_file id="fl-2d">
         <path>c:\ti\ccsv6\tools\compiler\c2000_6.2.5\lib\</path>
         <kind>archive</kind>
         <file>rts2800_ml.lib</file>
         <name>fd_neg.obj</name>
      </input_file>
      <input_file id="fl-2e">
         <path>c:\ti\ccsv6\tools\compiler\c2000_6.2.5\lib\</path>
         <kind>archive</kind>
         <file>rts2800_ml.lib</file>
         <name>fd_sub.obj</name>
      </input_file>
      <input_file id="fl-2f">
         <path>c:\ti\ccsv6\tools\compiler\c2000_6.2.5\lib\</path>
         <kind>archive</kind>
         <file>rts2800_ml.lib</file>
         <name>fd_toi.obj</name>
      </input_file>
      <input_file id="fl-30">
         <path>c:\ti\ccsv6\tools\compiler\c2000_6.2.5\lib\</path>
         <kind>archive</kind>
         <file>rts2800_ml.lib</file>
         <name>fd_tol.obj</name>
      </input_file>
      <input_file id="fl-31">
         <path>c:\ti\ccsv6\tools\compiler\c2000_6.2.5\lib\</path>
         <kind>archive</kind>
         <file>rts2800_ml.lib</file>
         <name>fflush.obj</name>
      </input_file>
      <input_file id="fl-32">
         <path>c:\ti\ccsv6\tools\compiler\c2000_6.2.5\lib\</path>
         <kind>archive</kind>
         <file>rts2800_ml.lib</file>
         <name>fputs.obj</name>
      </input_file>
      <input_file id="fl-33">
         <path>c:\ti\ccsv6\tools\compiler\c2000_6.2.5\lib\</path>
         <kind>archive</kind>
         <file>rts2800_ml.lib</file>
         <name>fs_tofd.obj</name>
      </input_file>
      <input_file id="fl-34">
         <path>c:\ti\ccsv6\tools\compiler\c2000_6.2.5\lib\</path>
         <kind>archive</kind>
         <file>rts2800_ml.lib</file>
         <name>fseek.obj</name>
      </input_file>
      <input_file id="fl-35">
         <path>c:\ti\ccsv6\tools\compiler\c2000_6.2.5\lib\</path>
         <kind>archive</kind>
         <file>rts2800_ml.lib</file>
         <name>l_tofd.obj</name>
      </input_file>
      <input_file id="fl-36">
         <path>c:\ti\ccsv6\tools\compiler\c2000_6.2.5\lib\</path>
         <kind>archive</kind>
         <file>rts2800_ml.lib</file>
         <name>ll_aox.obj</name>
      </input_file>
      <input_file id="fl-37">
         <path>c:\ti\ccsv6\tools\compiler\c2000_6.2.5\lib\</path>
         <kind>archive</kind>
         <file>rts2800_ml.lib</file>
         <name>ll_cmp.obj</name>
      </input_file>
      <input_file id="fl-38">
         <path>c:\ti\ccsv6\tools\compiler\c2000_6.2.5\lib\</path>
         <kind>archive</kind>
         <file>rts2800_ml.lib</file>
         <name>ll_div.obj</name>
      </input_file>
      <input_file id="fl-39">
         <path>c:\ti\ccsv6\tools\compiler\c2000_6.2.5\lib\</path>
         <kind>archive</kind>
         <file>rts2800_ml.lib</file>
         <name>ll_mpy.obj</name>
      </input_file>
      <input_file id="fl-3a">
         <path>c:\ti\ccsv6\tools\compiler\c2000_6.2.5\lib\</path>
         <kind>archive</kind>
         <file>rts2800_ml.lib</file>
         <name>ltoa.obj</name>
      </input_file>
      <input_file id="fl-3b">
         <path>c:\ti\ccsv6\tools\compiler\c2000_6.2.5\lib\</path>
         <kind>archive</kind>
         <file>rts2800_ml.lib</file>
         <name>memccpy.obj</name>
      </input_file>
      <input_file id="fl-3c">
         <path>c:\ti\ccsv6\tools\compiler\c2000_6.2.5\lib\</path>
         <kind>archive</kind>
         <file>rts2800_ml.lib</file>
         <name>memchr.obj</name>
      </input_file>
      <input_file id="fl-3d">
         <path>c:\ti\ccsv6\tools\compiler\c2000_6.2.5\lib\</path>
         <kind>archive</kind>
         <file>rts2800_ml.lib</file>
         <name>memory.obj</name>
      </input_file>
      <input_file id="fl-3e">
         <path>c:\ti\ccsv6\tools\compiler\c2000_6.2.5\lib\</path>
         <kind>archive</kind>
         <file>rts2800_ml.lib</file>
         <name>memset.obj</name>
      </input_file>
      <input_file id="fl-3f">
         <path>c:\ti\ccsv6\tools\compiler\c2000_6.2.5\lib\</path>
         <kind>archive</kind>
         <file>rts2800_ml.lib</file>
         <name>remove.obj</name>
      </input_file>
      <input_file id="fl-40">
         <path>c:\ti\ccsv6\tools\compiler\c2000_6.2.5\lib\</path>
         <kind>archive</kind>
         <file>rts2800_ml.lib</file>
         <name>strcpy.obj</name>
      </input_file>
      <input_file id="fl-41">
         <path>c:\ti\ccsv6\tools\compiler\c2000_6.2.5\lib\</path>
         <kind>archive</kind>
         <file>rts2800_ml.lib</file>
         <name>strlen.obj</name>
      </input_file>
      <input_file id="fl-42">
         <path>c:\ti\ccsv6\tools\compiler\c2000_6.2.5\lib\</path>
         <kind>archive</kind>
         <file>rts2800_ml.lib</file>
         <name>fd_add.obj</name>
      </input_file>
      <input_file id="fl-43">
         <path>c:\ti\ccsv6\tools\compiler\c2000_6.2.5\lib\</path>
         <kind>archive</kind>
         <file>rts2800_ml.lib</file>
         <name>l_div.obj</name>
      </input_file>
   </input_file_list>
   <object_component_list>
      <object_component id="oc-90">
         <name>.cinit</name>
         <load_address>0x3f3263</load_address>
         <run_address>0x3f3263</run_address>
         <size>0x31</size>
         <input_file_ref idref="fl-1a"/>
      </object_component>
      <object_component id="oc-7c">
         <name>.cinit</name>
         <load_address>0x3f3294</load_address>
         <run_address>0x3f3294</run_address>
         <size>0x2a</size>
         <input_file_ref idref="fl-16"/>
      </object_component>
      <object_component id="oc-b7">
         <name>.cinit</name>
         <load_address>0x3f32be</load_address>
         <run_address>0x3f32be</run_address>
         <size>0xa</size>
         <input_file_ref idref="fl-23"/>
      </object_component>
      <object_component id="oc-80">
         <name>.cinit</name>
         <load_address>0x3f32c8</load_address>
         <run_address>0x3f32c8</run_address>
         <size>0xa</size>
         <input_file_ref idref="fl-17"/>
      </object_component>
      <object_component id="oc-39">
         <name>.cinit</name>
         <load_address>0x3f32d2</load_address>
         <run_address>0x3f32d2</run_address>
         <size>0x8</size>
         <input_file_ref idref="fl-2"/>
      </object_component>
      <object_component id="oc-44">
         <name>.cinit</name>
         <load_address>0x3f32da</load_address>
         <run_address>0x3f32da</run_address>
         <size>0x4</size>
         <input_file_ref idref="fl-a"/>
      </object_component>
      <object_component id="oc-86">
         <name>.cinit</name>
         <load_address>0x3f32de</load_address>
         <run_address>0x3f32de</run_address>
         <size>0x4</size>
         <input_file_ref idref="fl-18"/>
      </object_component>
      <object_component id="oc-123">
         <name>.cinit</name>
         <load_address>0x3f32e2</load_address>
         <run_address>0x3f32e2</run_address>
         <size>0x4</size>
         <input_file_ref idref="fl-3d"/>
      </object_component>
      <object_component id="oc-143">
         <name>.text</name>
         <load_address>0x3f2000</load_address>
         <run_address>0x3f2000</run_address>
         <size>0x1f2</size>
         <input_file_ref idref="fl-21"/>
      </object_component>
      <object_component id="oc-1a0">
         <name>.text</name>
         <load_address>0x3f21f2</load_address>
         <run_address>0x3f21f2</run_address>
         <size>0x1c9</size>
         <input_file_ref idref="fl-3d"/>
      </object_component>
      <object_component id="oc-10e">
         <name>.text</name>
         <load_address>0x3f23bb</load_address>
         <run_address>0x3f23bb</run_address>
         <size>0x107</size>
         <input_file_ref idref="fl-38"/>
      </object_component>
      <object_component id="oc-176">
         <name>.text</name>
         <load_address>0x3f24c2</load_address>
         <run_address>0x3f24c2</run_address>
         <size>0xff</size>
         <input_file_ref idref="fl-18"/>
      </object_component>
      <object_component id="oc-139">
         <name>.text</name>
         <load_address>0x3f25c1</load_address>
         <run_address>0x3f25c1</run_address>
         <size>0x9c</size>
         <input_file_ref idref="fl-42"/>
      </object_component>
      <object_component id="oc-146">
         <name>.text</name>
         <load_address>0x3f265d</load_address>
         <run_address>0x3f265d</run_address>
         <size>0x8e</size>
         <input_file_ref idref="fl-25"/>
      </object_component>
      <object_component id="oc-d9">
         <name>.text</name>
         <load_address>0x3f26eb</load_address>
         <run_address>0x3f26eb</run_address>
         <size>0x8b</size>
         <input_file_ref idref="fl-2b"/>
      </object_component>
      <object_component id="oc-dd">
         <name>.text</name>
         <load_address>0x3f2776</load_address>
         <run_address>0x3f2776</run_address>
         <size>0x83</size>
         <input_file_ref idref="fl-2c"/>
      </object_component>
      <object_component id="oc-177">
         <name>.text</name>
         <load_address>0x3f27f9</load_address>
         <run_address>0x3f27f9</run_address>
         <size>0x79</size>
         <input_file_ref idref="fl-1d"/>
      </object_component>
      <object_component id="oc-178">
         <name>.text:_drawTILogo</name>
         <load_address>0x3f2872</load_address>
         <run_address>0x3f2872</run_address>
         <size>0x6f</size>
         <input_file_ref idref="fl-2"/>
      </object_component>
      <object_component id="oc-1d7">
         <name>.text</name>
         <load_address>0x3f28e1</load_address>
         <run_address>0x3f28e1</run_address>
         <size>0x6b</size>
         <input_file_ref idref="fl-31"/>
      </object_component>
      <object_component id="oc-15f">
         <name>.text:_scia_init</name>
         <load_address>0x3f294c</load_address>
         <run_address>0x3f294c</run_address>
         <size>0x66</size>
         <input_file_ref idref="fl-2"/>
      </object_component>
      <object_component id="oc-1d9">
         <name>.text</name>
         <load_address>0x3f29b2</load_address>
         <run_address>0x3f29b2</run_address>
         <size>0x65</size>
         <input_file_ref idref="fl-22"/>
      </object_component>
      <object_component id="oc-17c">
         <name>.text:_clearTextBox</name>
         <load_address>0x3f2a17</load_address>
         <run_address>0x3f2a17</run_address>
         <size>0x63</size>
         <input_file_ref idref="fl-2"/>
      </object_component>
      <object_component id="oc-19f">
         <name>.text</name>
         <load_address>0x3f2a7a</load_address>
         <run_address>0x3f2a7a</run_address>
         <size>0x5b</size>
         <input_file_ref idref="fl-29"/>
      </object_component>
      <object_component id="oc-1a1">
         <name>.text</name>
         <load_address>0x3f2ad5</load_address>
         <run_address>0x3f2ad5</run_address>
         <size>0x50</size>
         <input_file_ref idref="fl-19"/>
      </object_component>
      <object_component id="oc-75">
         <name>.text</name>
         <load_address>0x3f2b25</load_address>
         <run_address>0x3f2b25</run_address>
         <size>0x44</size>
         <input_file_ref idref="fl-15"/>
      </object_component>
      <object_component id="oc-1dc">
         <name>.text</name>
         <load_address>0x3f2b69</load_address>
         <run_address>0x3f2b69</run_address>
         <size>0x3d</size>
         <input_file_ref idref="fl-34"/>
      </object_component>
      <object_component id="oc-16d">
         <name>.text:_GPIO_setDirection</name>
         <load_address>0x3f2ba6</load_address>
         <run_address>0x3f2ba6</run_address>
         <size>0x34</size>
         <input_file_ref idref="fl-e"/>
      </object_component>
      <object_component id="oc-16b">
         <name>.text:_GPIO_setPullUp</name>
         <load_address>0x3f2bda</load_address>
         <run_address>0x3f2bda</run_address>
         <size>0x34</size>
         <input_file_ref idref="fl-e"/>
      </object_component>
      <object_component id="oc-1a6">
         <name>.text</name>
         <load_address>0x3f2c0e</load_address>
         <run_address>0x3f2c0e</run_address>
         <size>0x32</size>
         <input_file_ref idref="fl-1c"/>
      </object_component>
      <object_component id="oc-1de">
         <name>.text</name>
         <load_address>0x3f2c40</load_address>
         <run_address>0x3f2c40</run_address>
         <size>0x31</size>
         <input_file_ref idref="fl-27"/>
      </object_component>
      <object_component id="oc-1df">
         <name>.text</name>
         <load_address>0x3f2c71</load_address>
         <run_address>0x3f2c71</run_address>
         <size>0x2c</size>
         <input_file_ref idref="fl-3a"/>
      </object_component>
      <object_component id="oc-16c">
         <name>.text:_GPIO_setQualification</name>
         <load_address>0x3f2c9d</load_address>
         <run_address>0x3f2c9d</run_address>
         <size>0x2b</size>
         <input_file_ref idref="fl-e"/>
      </object_component>
      <object_component id="oc-d5">
         <name>.text</name>
         <load_address>0x3f2cc8</load_address>
         <run_address>0x3f2cc8</run_address>
         <size>0x2a</size>
         <input_file_ref idref="fl-2a"/>
      </object_component>
      <object_component id="oc-13d">
         <name>.text</name>
         <load_address>0x3f2cf2</load_address>
         <run_address>0x3f2cf2</run_address>
         <size>0x2a</size>
         <input_file_ref idref="fl-43"/>
      </object_component>
      <object_component id="oc-168">
         <name>.text:_ADC_setIntSrc</name>
         <load_address>0x3f2d1c</load_address>
         <run_address>0x3f2d1c</run_address>
         <size>0x24</size>
         <input_file_ref idref="fl-12"/>
      </object_component>
      <object_component id="oc-e9">
         <name>.text</name>
         <load_address>0x3f2d40</load_address>
         <run_address>0x3f2d40</run_address>
         <size>0x21</size>
         <input_file_ref idref="fl-2f"/>
      </object_component>
      <object_component id="oc-15a">
         <name>.text</name>
         <load_address>0x3f2d61</load_address>
         <run_address>0x3f2d61</run_address>
         <size>0x21</size>
         <input_file_ref idref="fl-1b"/>
      </object_component>
      <object_component id="oc-ed">
         <name>.text</name>
         <load_address>0x3f2d82</load_address>
         <run_address>0x3f2d82</run_address>
         <size>0x1f</size>
         <input_file_ref idref="fl-30"/>
      </object_component>
      <object_component id="oc-10a">
         <name>.text</name>
         <load_address>0x3f2da1</load_address>
         <run_address>0x3f2da1</run_address>
         <size>0x1e</size>
         <input_file_ref idref="fl-37"/>
      </object_component>
      <object_component id="oc-19e">
         <name>.text</name>
         <load_address>0x3f2dbf</load_address>
         <run_address>0x3f2dbf</run_address>
         <size>0x1e</size>
         <input_file_ref idref="fl-20"/>
      </object_component>
      <object_component id="oc-17d">
         <name>.text:_sampleTemperature</name>
         <load_address>0x3f2ddd</load_address>
         <run_address>0x3f2ddd</run_address>
         <size>0x1d</size>
         <input_file_ref idref="fl-2"/>
      </object_component>
      <object_component id="oc-166">
         <name>.text:_ADC_setSocChanNumber</name>
         <load_address>0x3f2dfa</load_address>
         <run_address>0x3f2dfa</run_address>
         <size>0x1c</size>
         <input_file_ref idref="fl-12"/>
      </object_component>
      <object_component id="oc-167">
         <name>.text:_ADC_setSocSampleWindow</name>
         <load_address>0x3f2e16</load_address>
         <run_address>0x3f2e16</run_address>
         <size>0x1c</size>
         <input_file_ref idref="fl-12"/>
      </object_component>
      <object_component id="oc-171">
         <name>.text:_SCI_write</name>
         <load_address>0x3f2e32</load_address>
         <run_address>0x3f2e32</run_address>
         <size>0x1c</size>
         <input_file_ref idref="fl-a"/>
      </object_component>
      <object_component id="oc-fa">
         <name>.text</name>
         <load_address>0x3f2e4e</load_address>
         <run_address>0x3f2e4e</run_address>
         <size>0x1c</size>
         <input_file_ref idref="fl-33"/>
      </object_component>
      <object_component id="oc-102">
         <name>.text</name>
         <load_address>0x3f2e6a</load_address>
         <run_address>0x3f2e6a</run_address>
         <size>0x1c</size>
         <input_file_ref idref="fl-35"/>
      </object_component>
      <object_component id="oc-141">
         <name>.text</name>
         <load_address>0x3f2e86</load_address>
         <run_address>0x3f2e86</run_address>
         <size>0x19</size>
         <input_file_ref idref="fl-26"/>
      </object_component>
      <object_component id="oc-142">
         <name>.text</name>
         <load_address>0x3f2e9f</load_address>
         <run_address>0x3f2e9f</run_address>
         <size>0x19</size>
         <input_file_ref idref="fl-17"/>
      </object_component>
      <object_component id="oc-169">
         <name>.text:_ADC_enableInt</name>
         <load_address>0x3f2eb8</load_address>
         <run_address>0x3f2eb8</run_address>
         <size>0x18</size>
         <input_file_ref idref="fl-12"/>
      </object_component>
      <object_component id="oc-106">
         <name>.text</name>
         <load_address>0x3f2ed0</load_address>
         <run_address>0x3f2ed0</run_address>
         <size>0x18</size>
         <input_file_ref idref="fl-36"/>
      </object_component>
      <object_component id="oc-17f">
         <name>.text:_updateTemperature</name>
         <load_address>0x3f2ee8</load_address>
         <run_address>0x3f2ee8</run_address>
         <size>0x17</size>
         <input_file_ref idref="fl-2"/>
      </object_component>
      <object_component id="oc-155">
         <name>.text:_PLL_setup</name>
         <load_address>0x3f2eff</load_address>
         <run_address>0x3f2eff</run_address>
         <size>0x15</size>
         <input_file_ref idref="fl-c"/>
      </object_component>
      <object_component id="oc-112">
         <name>.text</name>
         <load_address>0x3f2f14</load_address>
         <run_address>0x3f2f14</run_address>
         <size>0x14</size>
         <input_file_ref idref="fl-39"/>
      </object_component>
      <object_component id="oc-179">
         <name>.text:_GPIO_setHigh</name>
         <load_address>0x3f2f28</load_address>
         <run_address>0x3f2f28</run_address>
         <size>0x13</size>
         <input_file_ref idref="fl-e"/>
      </object_component>
      <object_component id="oc-17a">
         <name>.text:_GPIO_setLow</name>
         <load_address>0x3f2f3b</load_address>
         <run_address>0x3f2f3b</run_address>
         <size>0x13</size>
         <input_file_ref idref="fl-e"/>
      </object_component>
      <object_component id="oc-16f">
         <name>.text:_SCI_open</name>
         <load_address>0x3f2f4e</load_address>
         <run_address>0x3f2f4e</run_address>
         <size>0x13</size>
         <input_file_ref idref="fl-a"/>
      </object_component>
      <object_component id="oc-170">
         <name>.text:_SCI_read</name>
         <load_address>0x3f2f61</load_address>
         <run_address>0x3f2f61</run_address>
         <size>0x13</size>
         <input_file_ref idref="fl-a"/>
      </object_component>
      <object_component id="oc-164">
         <name>.text:_ADC_setVoltRefSrc</name>
         <load_address>0x3f2f74</load_address>
         <run_address>0x3f2f74</run_address>
         <size>0x12</size>
         <input_file_ref idref="fl-12"/>
      </object_component>
      <object_component id="oc-6a">
         <name>.text</name>
         <load_address>0x3f2f86</load_address>
         <run_address>0x3f2f86</run_address>
         <size>0x12</size>
         <input_file_ref idref="fl-13"/>
      </object_component>
      <object_component id="oc-1dd">
         <name>.text</name>
         <load_address>0x3f2f98</load_address>
         <run_address>0x3f2f98</run_address>
         <size>0x12</size>
         <input_file_ref idref="fl-3c"/>
      </object_component>
      <object_component id="oc-17b">
         <name>.text:_GPIO_getData</name>
         <load_address>0x3f2faa</load_address>
         <run_address>0x3f2faa</run_address>
         <size>0x11</size>
         <input_file_ref idref="fl-e"/>
      </object_component>
      <object_component id="oc-15d">
         <name>.text:_PIE_setDebugIntVectorTable</name>
         <load_address>0x3f2fbb</load_address>
         <run_address>0x3f2fbb</run_address>
         <size>0x11</size>
         <input_file_ref idref="fl-d"/>
      </object_component>
      <object_component id="oc-17e">
         <name>.text:_GPIO_setPortData</name>
         <load_address>0x3f2fcc</load_address>
         <run_address>0x3f2fcc</run_address>
         <size>0xf</size>
         <input_file_ref idref="fl-e"/>
      </object_component>
      <object_component id="oc-157">
         <name>.text:_PIE_disableAllInts</name>
         <load_address>0x3f2fdb</load_address>
         <run_address>0x3f2fdb</run_address>
         <size>0xf</size>
         <input_file_ref idref="fl-d"/>
      </object_component>
      <object_component id="oc-e5">
         <name>.text</name>
         <load_address>0x3f2fea</load_address>
         <run_address>0x3f2fea</run_address>
         <size>0xe</size>
         <input_file_ref idref="fl-2e"/>
      </object_component>
      <object_component id="oc-1e1">
         <name>.text</name>
         <load_address>0x3f2ff8</load_address>
         <run_address>0x3f2ff8</run_address>
         <size>0xd</size>
         <input_file_ref idref="fl-3b"/>
      </object_component>
      <object_component id="oc-1e0">
         <name>.text</name>
         <load_address>0x3f3005</load_address>
         <run_address>0x3f3005</run_address>
         <size>0xd</size>
         <input_file_ref idref="fl-3e"/>
      </object_component>
      <object_component id="oc-16e">
         <name>.text:_SCI_close</name>
         <load_address>0x3f3012</load_address>
         <run_address>0x3f3012</run_address>
         <size>0xc</size>
         <input_file_ref idref="fl-a"/>
      </object_component>
      <object_component id="oc-163">
         <name>.text:_ADC_enable</name>
         <load_address>0x3f301e</load_address>
         <run_address>0x3f301e</run_address>
         <size>0xb</size>
         <input_file_ref idref="fl-12"/>
      </object_component>
      <object_component id="oc-160">
         <name>.text:_ADC_enableBandGap</name>
         <load_address>0x3f3029</load_address>
         <run_address>0x3f3029</run_address>
         <size>0xb</size>
         <input_file_ref idref="fl-12"/>
      </object_component>
      <object_component id="oc-161">
         <name>.text:_ADC_enableRefBuffers</name>
         <load_address>0x3f3034</load_address>
         <run_address>0x3f3034</run_address>
         <size>0xb</size>
         <input_file_ref idref="fl-12"/>
      </object_component>
      <object_component id="oc-165">
         <name>.text:_ADC_enableTempSensor</name>
         <load_address>0x3f303f</load_address>
         <run_address>0x3f303f</run_address>
         <size>0xb</size>
         <input_file_ref idref="fl-12"/>
      </object_component>
      <object_component id="oc-162">
         <name>.text:_ADC_powerUp</name>
         <load_address>0x3f304a</load_address>
         <run_address>0x3f304a</run_address>
         <size>0xb</size>
         <input_file_ref idref="fl-12"/>
      </object_component>
      <object_component id="oc-19d">
         <name>.text</name>
         <load_address>0x3f3055</load_address>
         <run_address>0x3f3055</run_address>
         <size>0xb</size>
         <input_file_ref idref="fl-1e"/>
      </object_component>
      <object_component id="oc-191">
         <name>.text:_SCI_resetChannels</name>
         <load_address>0x3f3060</load_address>
         <run_address>0x3f3060</run_address>
         <size>0xa</size>
         <input_file_ref idref="fl-b"/>
      </object_component>
      <object_component id="oc-193">
         <name>.text:_SCI_resetRxFifo</name>
         <load_address>0x3f306a</load_address>
         <run_address>0x3f306a</run_address>
         <size>0xa</size>
         <input_file_ref idref="fl-b"/>
      </object_component>
      <object_component id="oc-18f">
         <name>.text:_SCI_resetTxFifo</name>
         <load_address>0x3f3074</load_address>
         <run_address>0x3f3074</run_address>
         <size>0xa</size>
         <input_file_ref idref="fl-b"/>
      </object_component>
      <object_component id="oc-19c">
         <name>.text</name>
         <load_address>0x3f307e</load_address>
         <run_address>0x3f307e</run_address>
         <size>0xa</size>
         <input_file_ref idref="fl-1f"/>
      </object_component>
      <object_component id="oc-185">
         <name>.text:_CLK_enableSciaClock</name>
         <load_address>0x3f3088</load_address>
         <run_address>0x3f3088</run_address>
         <size>0x9</size>
         <input_file_ref idref="fl-11"/>
      </object_component>
      <object_component id="oc-19b">
         <name>.text:_SCI_putDataBlocking</name>
         <load_address>0x3f3091</load_address>
         <run_address>0x3f3091</run_address>
         <size>0x9</size>
         <input_file_ref idref="fl-b"/>
      </object_component>
      <object_component id="oc-144">
         <name>.text</name>
         <load_address>0x3f309a</load_address>
         <run_address>0x3f309a</run_address>
         <size>0x9</size>
         <input_file_ref idref="fl-23"/>
      </object_component>
      <object_component id="oc-e1">
         <name>.text</name>
         <load_address>0x3f30a3</load_address>
         <run_address>0x3f30a3</run_address>
         <size>0x9</size>
         <input_file_ref idref="fl-2d"/>
      </object_component>
      <object_component id="oc-149">
         <name>.text:_ADC_init</name>
         <load_address>0x3f30ac</load_address>
         <run_address>0x3f30ac</run_address>
         <size>0x8</size>
         <input_file_ref idref="fl-12"/>
      </object_component>
      <object_component id="oc-14e">
         <name>.text:_PIE_init</name>
         <load_address>0x3f30b4</load_address>
         <run_address>0x3f30b4</run_address>
         <size>0x8</size>
         <input_file_ref idref="fl-d"/>
      </object_component>
      <object_component id="oc-152">
         <name>.text:_WDOG_disable</name>
         <load_address>0x3f30bc</load_address>
         <run_address>0x3f30bc</run_address>
         <size>0x8</size>
         <input_file_ref idref="fl-9"/>
      </object_component>
      <object_component id="oc-147">
         <name>.text</name>
         <load_address>0x3f30c4</load_address>
         <run_address>0x3f30c4</run_address>
         <size>0x8</size>
         <input_file_ref idref="fl-41"/>
      </object_component>
      <object_component id="oc-153">
         <name>.text:_CLK_enableAdcClock</name>
         <load_address>0x3f30cc</load_address>
         <run_address>0x3f30cc</run_address>
         <size>0x7</size>
         <input_file_ref idref="fl-11"/>
      </object_component>
      <object_component id="oc-14a">
         <name>.text:_CLK_init</name>
         <load_address>0x3f30d3</load_address>
         <run_address>0x3f30d3</run_address>
         <size>0x7</size>
         <input_file_ref idref="fl-11"/>
      </object_component>
      <object_component id="oc-15c">
         <name>.text:_CLK_setClkOutPreScaler</name>
         <load_address>0x3f30da</load_address>
         <run_address>0x3f30da</run_address>
         <size>0x7</size>
         <input_file_ref idref="fl-11"/>
      </object_component>
      <object_component id="oc-154">
         <name>.text:_CLK_setOscSrc</name>
         <load_address>0x3f30e1</load_address>
         <run_address>0x3f30e1</run_address>
         <size>0x7</size>
         <input_file_ref idref="fl-11"/>
      </object_component>
      <object_component id="oc-14c">
         <name>.text:_FLASH_init</name>
         <load_address>0x3f30e8</load_address>
         <run_address>0x3f30e8</run_address>
         <size>0x7</size>
         <input_file_ref idref="fl-f"/>
      </object_component>
      <object_component id="oc-14d">
         <name>.text:_GPIO_init</name>
         <load_address>0x3f30ef</load_address>
         <run_address>0x3f30ef</run_address>
         <size>0x7</size>
         <input_file_ref idref="fl-e"/>
      </object_component>
      <object_component id="oc-14f">
         <name>.text:_PLL_init</name>
         <load_address>0x3f30f6</load_address>
         <run_address>0x3f30f6</run_address>
         <size>0x7</size>
         <input_file_ref idref="fl-c"/>
      </object_component>
      <object_component id="oc-181">
         <name>.text:_PLL_setDivider</name>
         <load_address>0x3f30fd</load_address>
         <run_address>0x3f30fd</run_address>
         <size>0x7</size>
         <input_file_ref idref="fl-c"/>
      </object_component>
      <object_component id="oc-150">
         <name>.text:_SCI_init</name>
         <load_address>0x3f3104</load_address>
         <run_address>0x3f3104</run_address>
         <size>0x7</size>
         <input_file_ref idref="fl-b"/>
      </object_component>
      <object_component id="oc-195">
         <name>.text:_SCI_setRxFifoIntLevel</name>
         <load_address>0x3f310b</load_address>
         <run_address>0x3f310b</run_address>
         <size>0x7</size>
         <input_file_ref idref="fl-b"/>
      </object_component>
      <object_component id="oc-192">
         <name>.text:_SCI_setTxFifoIntLevel</name>
         <load_address>0x3f3112</load_address>
         <run_address>0x3f3112</run_address>
         <size>0x7</size>
         <input_file_ref idref="fl-b"/>
      </object_component>
      <object_component id="oc-151">
         <name>.text:_WDOG_init</name>
         <load_address>0x3f3119</load_address>
         <run_address>0x3f3119</run_address>
         <size>0x7</size>
         <input_file_ref idref="fl-9"/>
      </object_component>
      <object_component id="oc-18d">
         <name>.text:_SCI_setBaudRate</name>
         <load_address>0x3f3120</load_address>
         <run_address>0x3f3120</run_address>
         <size>0x6</size>
         <input_file_ref idref="fl-b"/>
      </object_component>
      <object_component id="oc-1bb">
         <name>.text:_ADCINT1_ISR</name>
         <load_address>0x3f3126</load_address>
         <run_address>0x3f3126</run_address>
         <size>0x5</size>
         <input_file_ref idref="fl-14"/>
      </object_component>
      <object_component id="oc-1bc">
         <name>.text:_ADCINT2_ISR</name>
         <load_address>0x3f312b</load_address>
         <run_address>0x3f312b</run_address>
         <size>0x5</size>
         <input_file_ref idref="fl-14"/>
      </object_component>
      <object_component id="oc-1d0">
         <name>.text:_ADCINT3_ISR</name>
         <load_address>0x3f3130</load_address>
         <run_address>0x3f3130</run_address>
         <size>0x5</size>
         <input_file_ref idref="fl-14"/>
      </object_component>
      <object_component id="oc-1d1">
         <name>.text:_ADCINT4_ISR</name>
         <load_address>0x3f3135</load_address>
         <run_address>0x3f3135</run_address>
         <size>0x5</size>
         <input_file_ref idref="fl-14"/>
      </object_component>
      <object_component id="oc-1d2">
         <name>.text:_ADCINT5_ISR</name>
         <load_address>0x3f313a</load_address>
         <run_address>0x3f313a</run_address>
         <size>0x5</size>
         <input_file_ref idref="fl-14"/>
      </object_component>
      <object_component id="oc-1d3">
         <name>.text:_ADCINT6_ISR</name>
         <load_address>0x3f313f</load_address>
         <run_address>0x3f313f</run_address>
         <size>0x5</size>
         <input_file_ref idref="fl-14"/>
      </object_component>
      <object_component id="oc-1d4">
         <name>.text:_ADCINT7_ISR</name>
         <load_address>0x3f3144</load_address>
         <run_address>0x3f3144</run_address>
         <size>0x5</size>
         <input_file_ref idref="fl-14"/>
      </object_component>
      <object_component id="oc-1d5">
         <name>.text:_ADCINT8_ISR</name>
         <load_address>0x3f3149</load_address>
         <run_address>0x3f3149</run_address>
         <size>0x5</size>
         <input_file_ref idref="fl-14"/>
      </object_component>
      <object_component id="oc-1c0">
         <name>.text:_ADCINT9_ISR</name>
         <load_address>0x3f314e</load_address>
         <run_address>0x3f314e</run_address>
         <size>0x5</size>
         <input_file_ref idref="fl-14"/>
      </object_component>
      <object_component id="oc-1aa">
         <name>.text:_DATALOG_ISR</name>
         <load_address>0x3f3153</load_address>
         <run_address>0x3f3153</run_address>
         <size>0x5</size>
         <input_file_ref idref="fl-14"/>
      </object_component>
      <object_component id="oc-1c9">
         <name>.text:_ECAP1_INT_ISR</name>
         <load_address>0x3f3158</load_address>
         <run_address>0x3f3158</run_address>
         <size>0x5</size>
         <input_file_ref idref="fl-14"/>
      </object_component>
      <object_component id="oc-1ac">
         <name>.text:_EMUINT_ISR</name>
         <load_address>0x3f315d</load_address>
         <run_address>0x3f315d</run_address>
         <size>0x5</size>
         <input_file_ref idref="fl-14"/>
      </object_component>
      <object_component id="oc-1c6">
         <name>.text:_EPWM1_INT_ISR</name>
         <load_address>0x3f3162</load_address>
         <run_address>0x3f3162</run_address>
         <size>0x5</size>
         <input_file_ref idref="fl-14"/>
      </object_component>
      <object_component id="oc-1c3">
         <name>.text:_EPWM1_TZINT_ISR</name>
         <load_address>0x3f3167</load_address>
         <run_address>0x3f3167</run_address>
         <size>0x5</size>
         <input_file_ref idref="fl-14"/>
      </object_component>
      <object_component id="oc-1c7">
         <name>.text:_EPWM2_INT_ISR</name>
         <load_address>0x3f316c</load_address>
         <run_address>0x3f316c</run_address>
         <size>0x5</size>
         <input_file_ref idref="fl-14"/>
      </object_component>
      <object_component id="oc-1c4">
         <name>.text:_EPWM2_TZINT_ISR</name>
         <load_address>0x3f3171</load_address>
         <run_address>0x3f3171</run_address>
         <size>0x5</size>
         <input_file_ref idref="fl-14"/>
      </object_component>
      <object_component id="oc-1c8">
         <name>.text:_EPWM3_INT_ISR</name>
         <load_address>0x3f3176</load_address>
         <run_address>0x3f3176</run_address>
         <size>0x5</size>
         <input_file_ref idref="fl-14"/>
      </object_component>
      <object_component id="oc-1c5">
         <name>.text:_EPWM3_TZINT_ISR</name>
         <load_address>0x3f317b</load_address>
         <run_address>0x3f317b</run_address>
         <size>0x5</size>
         <input_file_ref idref="fl-14"/>
      </object_component>
      <object_component id="oc-1cc">
         <name>.text:_I2CINT1A_ISR</name>
         <load_address>0x3f3180</load_address>
         <run_address>0x3f3180</run_address>
         <size>0x5</size>
         <input_file_ref idref="fl-14"/>
      </object_component>
      <object_component id="oc-1cd">
         <name>.text:_I2CINT2A_ISR</name>
         <load_address>0x3f3185</load_address>
         <run_address>0x3f3185</run_address>
         <size>0x5</size>
         <input_file_ref idref="fl-14"/>
      </object_component>
      <object_component id="oc-1ae">
         <name>.text:_ILLEGAL_ISR</name>
         <load_address>0x3f318a</load_address>
         <run_address>0x3f318a</run_address>
         <size>0x5</size>
         <input_file_ref idref="fl-14"/>
      </object_component>
      <object_component id="oc-1a8">
         <name>.text:_INT13_ISR</name>
         <load_address>0x3f318f</load_address>
         <run_address>0x3f318f</run_address>
         <size>0x5</size>
         <input_file_ref idref="fl-14"/>
      </object_component>
      <object_component id="oc-1a9">
         <name>.text:_INT14_ISR</name>
         <load_address>0x3f3194</load_address>
         <run_address>0x3f3194</run_address>
         <size>0x5</size>
         <input_file_ref idref="fl-14"/>
      </object_component>
      <object_component id="oc-1ad">
         <name>.text:_NMI_ISR</name>
         <load_address>0x3f3199</load_address>
         <run_address>0x3f3199</run_address>
         <size>0x5</size>
         <input_file_ref idref="fl-14"/>
      </object_component>
      <object_component id="oc-1a7">
         <name>.text:_PIE_RESERVED</name>
         <load_address>0x3f319e</load_address>
         <run_address>0x3f319e</run_address>
         <size>0x5</size>
         <input_file_ref idref="fl-14"/>
      </object_component>
      <object_component id="oc-1ab">
         <name>.text:_RTOSINT_ISR</name>
         <load_address>0x3f31a3</load_address>
         <run_address>0x3f31a3</run_address>
         <size>0x5</size>
         <input_file_ref idref="fl-14"/>
      </object_component>
      <object_component id="oc-1ce">
         <name>.text:_SCIRXINTA_ISR</name>
         <load_address>0x3f31a8</load_address>
         <run_address>0x3f31a8</run_address>
         <size>0x5</size>
         <input_file_ref idref="fl-14"/>
      </object_component>
      <object_component id="oc-1cf">
         <name>.text:_SCITXINTA_ISR</name>
         <load_address>0x3f31ad</load_address>
         <run_address>0x3f31ad</run_address>
         <size>0x5</size>
         <input_file_ref idref="fl-14"/>
      </object_component>
      <object_component id="oc-1ca">
         <name>.text:_SPIRXINTA_ISR</name>
         <load_address>0x3f31b2</load_address>
         <run_address>0x3f31b2</run_address>
         <size>0x5</size>
         <input_file_ref idref="fl-14"/>
      </object_component>
      <object_component id="oc-1cb">
         <name>.text:_SPITXINTA_ISR</name>
         <load_address>0x3f31b7</load_address>
         <run_address>0x3f31b7</run_address>
         <size>0x5</size>
         <input_file_ref idref="fl-14"/>
      </object_component>
      <object_component id="oc-1c1">
         <name>.text:_TINT0_ISR</name>
         <load_address>0x3f31bc</load_address>
         <run_address>0x3f31bc</run_address>
         <size>0x5</size>
         <input_file_ref idref="fl-14"/>
      </object_component>
      <object_component id="oc-1b8">
         <name>.text:_USER10_ISR</name>
         <load_address>0x3f31c1</load_address>
         <run_address>0x3f31c1</run_address>
         <size>0x5</size>
         <input_file_ref idref="fl-14"/>
      </object_component>
      <object_component id="oc-1b9">
         <name>.text:_USER11_ISR</name>
         <load_address>0x3f31c6</load_address>
         <run_address>0x3f31c6</run_address>
         <size>0x5</size>
         <input_file_ref idref="fl-14"/>
      </object_component>
      <object_component id="oc-1ba">
         <name>.text:_USER12_ISR</name>
         <load_address>0x3f31cb</load_address>
         <run_address>0x3f31cb</run_address>
         <size>0x5</size>
         <input_file_ref idref="fl-14"/>
      </object_component>
      <object_component id="oc-1af">
         <name>.text:_USER1_ISR</name>
         <load_address>0x3f31d0</load_address>
         <run_address>0x3f31d0</run_address>
         <size>0x5</size>
         <input_file_ref idref="fl-14"/>
      </object_component>
      <object_component id="oc-1b0">
         <name>.text:_USER2_ISR</name>
         <load_address>0x3f31d5</load_address>
         <run_address>0x3f31d5</run_address>
         <size>0x5</size>
         <input_file_ref idref="fl-14"/>
      </object_component>
      <object_component id="oc-1b1">
         <name>.text:_USER3_ISR</name>
         <load_address>0x3f31da</load_address>
         <run_address>0x3f31da</run_address>
         <size>0x5</size>
         <input_file_ref idref="fl-14"/>
      </object_component>
      <object_component id="oc-1b2">
         <name>.text:_USER4_ISR</name>
         <load_address>0x3f31df</load_address>
         <run_address>0x3f31df</run_address>
         <size>0x5</size>
         <input_file_ref idref="fl-14"/>
      </object_component>
      <object_component id="oc-1b3">
         <name>.text:_USER5_ISR</name>
         <load_address>0x3f31e4</load_address>
         <run_address>0x3f31e4</run_address>
         <size>0x5</size>
         <input_file_ref idref="fl-14"/>
      </object_component>
      <object_component id="oc-1b4">
         <name>.text:_USER6_ISR</name>
         <load_address>0x3f31e9</load_address>
         <run_address>0x3f31e9</run_address>
         <size>0x5</size>
         <input_file_ref idref="fl-14"/>
      </object_component>
      <object_component id="oc-1b5">
         <name>.text:_USER7_ISR</name>
         <load_address>0x3f31ee</load_address>
         <run_address>0x3f31ee</run_address>
         <size>0x5</size>
         <input_file_ref idref="fl-14"/>
      </object_component>
      <object_component id="oc-1b6">
         <name>.text:_USER8_ISR</name>
         <load_address>0x3f31f3</load_address>
         <run_address>0x3f31f3</run_address>
         <size>0x5</size>
         <input_file_ref idref="fl-14"/>
      </object_component>
      <object_component id="oc-1b7">
         <name>.text:_USER9_ISR</name>
         <load_address>0x3f31f8</load_address>
         <run_address>0x3f31f8</run_address>
         <size>0x5</size>
         <input_file_ref idref="fl-14"/>
      </object_component>
      <object_component id="oc-1c2">
         <name>.text:_WAKEINT_ISR</name>
         <load_address>0x3f31fd</load_address>
         <run_address>0x3f31fd</run_address>
         <size>0x5</size>
         <input_file_ref idref="fl-14"/>
      </object_component>
      <object_component id="oc-1be">
         <name>.text:_XINT1_ISR</name>
         <load_address>0x3f3202</load_address>
         <run_address>0x3f3202</run_address>
         <size>0x5</size>
         <input_file_ref idref="fl-14"/>
      </object_component>
      <object_component id="oc-1bf">
         <name>.text:_XINT2_ISR</name>
         <load_address>0x3f3207</load_address>
         <run_address>0x3f3207</run_address>
         <size>0x5</size>
         <input_file_ref idref="fl-14"/>
      </object_component>
      <object_component id="oc-1d6">
         <name>.text:_XINT3_ISR</name>
         <load_address>0x3f320c</load_address>
         <run_address>0x3f320c</run_address>
         <size>0x5</size>
         <input_file_ref idref="fl-14"/>
      </object_component>
      <object_component id="oc-1bd">
         <name>.text:_rsvd_ISR</name>
         <load_address>0x3f3211</load_address>
         <run_address>0x3f3211</run_address>
         <size>0x5</size>
         <input_file_ref idref="fl-14"/>
      </object_component>
      <object_component id="oc-148">
         <name>.text</name>
         <load_address>0x3f3216</load_address>
         <run_address>0x3f3216</run_address>
         <size>0x5</size>
         <input_file_ref idref="fl-40"/>
      </object_component>
      <object_component id="oc-14b">
         <name>.text:_CPU_init</name>
         <load_address>0x3f321b</load_address>
         <run_address>0x3f321b</run_address>
         <size>0x4</size>
         <input_file_ref idref="fl-10"/>
      </object_component>
      <object_component id="oc-194">
         <name>.text:_SCI_clearRxFifoInt</name>
         <load_address>0x3f321f</load_address>
         <run_address>0x3f321f</run_address>
         <size>0x4</size>
         <input_file_ref idref="fl-b"/>
      </object_component>
      <object_component id="oc-190">
         <name>.text:_SCI_clearTxFifoInt</name>
         <load_address>0x3f3223</load_address>
         <run_address>0x3f3223</run_address>
         <size>0x4</size>
         <input_file_ref idref="fl-b"/>
      </object_component>
      <object_component id="oc-18e">
         <name>.text:_SCI_enableFifoEnh</name>
         <load_address>0x3f3227</load_address>
         <run_address>0x3f3227</run_address>
         <size>0x4</size>
         <input_file_ref idref="fl-b"/>
      </object_component>
      <object_component id="oc-188">
         <name>.text:_SCI_setCharLength</name>
         <load_address>0x3f322b</load_address>
         <run_address>0x3f322b</run_address>
         <size>0x4</size>
         <input_file_ref idref="fl-b"/>
      </object_component>
      <object_component id="oc-187">
         <name>.text:_SCI_setNumStopBits</name>
         <load_address>0x3f322f</load_address>
         <run_address>0x3f322f</run_address>
         <size>0x4</size>
         <input_file_ref idref="fl-b"/>
      </object_component>
      <object_component id="oc-159">
         <name>.text:_CPU_clearIntFlags</name>
         <load_address>0x3f3233</load_address>
         <run_address>0x3f3233</run_address>
         <size>0x3</size>
         <input_file_ref idref="fl-10"/>
      </object_component>
      <object_component id="oc-158">
         <name>.text:_CPU_disableGlobalInts</name>
         <load_address>0x3f3236</load_address>
         <run_address>0x3f3236</run_address>
         <size>0x3</size>
         <input_file_ref idref="fl-10"/>
      </object_component>
      <object_component id="oc-156">
         <name>.text:_PIE_disable</name>
         <load_address>0x3f3239</load_address>
         <run_address>0x3f3239</run_address>
         <size>0x3</size>
         <input_file_ref idref="fl-d"/>
      </object_component>
      <object_component id="oc-15e">
         <name>.text:_PIE_enable</name>
         <load_address>0x3f323c</load_address>
         <run_address>0x3f323c</run_address>
         <size>0x3</size>
         <input_file_ref idref="fl-d"/>
      </object_component>
      <object_component id="oc-180">
         <name>.text:_PLL_getClkStatus</name>
         <load_address>0x3f323f</load_address>
         <run_address>0x3f323f</run_address>
         <size>0x3</size>
         <input_file_ref idref="fl-c"/>
      </object_component>
      <object_component id="oc-183">
         <name>.text:_PLL_getLockStatus</name>
         <load_address>0x3f3242</load_address>
         <run_address>0x3f3242</run_address>
         <size>0x3</size>
         <input_file_ref idref="fl-c"/>
      </object_component>
      <object_component id="oc-186">
         <name>.text:_SCI_disableParity</name>
         <load_address>0x3f3245</load_address>
         <run_address>0x3f3245</run_address>
         <size>0x3</size>
         <input_file_ref idref="fl-b"/>
      </object_component>
      <object_component id="oc-197">
         <name>.text:_SCI_enable</name>
         <load_address>0x3f3248</load_address>
         <run_address>0x3f3248</run_address>
         <size>0x3</size>
         <input_file_ref idref="fl-b"/>
      </object_component>
      <object_component id="oc-18a">
         <name>.text:_SCI_enableRx</name>
         <load_address>0x3f324b</load_address>
         <run_address>0x3f324b</run_address>
         <size>0x3</size>
         <input_file_ref idref="fl-b"/>
      </object_component>
      <object_component id="oc-18c">
         <name>.text:_SCI_enableRxInt</name>
         <load_address>0x3f324e</load_address>
         <run_address>0x3f324e</run_address>
         <size>0x3</size>
         <input_file_ref idref="fl-b"/>
      </object_component>
      <object_component id="oc-189">
         <name>.text:_SCI_enableTx</name>
         <load_address>0x3f3251</load_address>
         <run_address>0x3f3251</run_address>
         <size>0x3</size>
         <input_file_ref idref="fl-b"/>
      </object_component>
      <object_component id="oc-18b">
         <name>.text:_SCI_enableTxInt</name>
         <load_address>0x3f3254</load_address>
         <run_address>0x3f3254</run_address>
         <size>0x3</size>
         <input_file_ref idref="fl-b"/>
      </object_component>
      <object_component id="oc-196">
         <name>.text:_SCI_setPriority</name>
         <load_address>0x3f3257</load_address>
         <run_address>0x3f3257</run_address>
         <size>0x3</size>
         <input_file_ref idref="fl-b"/>
      </object_component>
      <object_component id="oc-1d8">
         <name>.text</name>
         <load_address>0x3f325a</load_address>
         <run_address>0x3f325a</run_address>
         <size>0x3</size>
         <input_file_ref idref="fl-3f"/>
      </object_component>
      <object_component id="oc-172">
         <name>.text:_SCI_lseek</name>
         <load_address>0x3f325d</load_address>
         <run_address>0x3f325d</run_address>
         <size>0x2</size>
         <input_file_ref idref="fl-a"/>
      </object_component>
      <object_component id="oc-174">
         <name>.text:_SCI_rename</name>
         <load_address>0x3f325f</load_address>
         <run_address>0x3f325f</run_address>
         <size>0x2</size>
         <input_file_ref idref="fl-a"/>
      </object_component>
      <object_component id="oc-173">
         <name>.text:_SCI_unlink</name>
         <load_address>0x3f3261</load_address>
         <run_address>0x3f3261</run_address>
         <size>0x2</size>
         <input_file_ref idref="fl-a"/>
      </object_component>
      <object_component id="oc-1db">
         <name>.text</name>
         <load_address>0x3f70e2</load_address>
         <run_address>0x3f70e2</run_address>
         <size>0x930</size>
         <input_file_ref idref="fl-24"/>
      </object_component>
      <object_component id="oc-145">
         <name>.text:_main</name>
         <load_address>0x3f7a12</load_address>
         <run_address>0x3f7a12</run_address>
         <size>0x276</size>
         <input_file_ref idref="fl-2"/>
      </object_component>
      <object_component id="oc-175">
         <name>.text</name>
         <load_address>0x3f7c88</load_address>
         <run_address>0x3f7c88</run_address>
         <size>0x201</size>
         <input_file_ref idref="fl-1a"/>
      </object_component>
      <object_component id="oc-1da">
         <name>.text</name>
         <load_address>0x3f7e89</load_address>
         <run_address>0x3f7e89</run_address>
         <size>0xa8</size>
         <input_file_ref idref="fl-32"/>
      </object_component>
      <object_component id="oc-15b">
         <name>.text:_GPIO_setMode</name>
         <load_address>0x3f7f31</load_address>
         <run_address>0x3f7f31</run_address>
         <size>0x49</size>
         <input_file_ref idref="fl-e"/>
      </object_component>
      <object_component id="oc-182">
         <name>.text:_PLL_setMultiplier</name>
         <load_address>0x3f7f7a</load_address>
         <run_address>0x3f7f7a</run_address>
         <size>0x6</size>
         <input_file_ref idref="fl-c"/>
      </object_component>
      <object_component id="oc-37">
         <name>codestart</name>
         <load_address>0x3f7ff6</load_address>
         <run_address>0x3f7ff6</run_address>
         <size>0x2</size>
         <input_file_ref idref="fl-13"/>
      </object_component>
      <object_component id="oc-16a">
         <name>ramfuncs:_FLASH_setup</name>
         <load_address>0x3f70c2</load_address>
         <run_address>0x8000</run_address>
         <size>0xc</size>
         <input_file_ref idref="fl-f"/>
      </object_component>
      <object_component id="oc-198">
         <name>ramfuncs:_FLASH_enablePipelineMode</name>
         <load_address>0x3f70ce</load_address>
         <run_address>0x800c</run_address>
         <size>0x6</size>
         <input_file_ref idref="fl-f"/>
      </object_component>
      <object_component id="oc-19a">
         <name>ramfuncs:_FLASH_setActiveWaitCount</name>
         <load_address>0x3f70d4</load_address>
         <run_address>0x8012</run_address>
         <size>0x5</size>
         <input_file_ref idref="fl-f"/>
      </object_component>
      <object_component id="oc-199">
         <name>ramfuncs:_FLASH_setStandbyWaitCount</name>
         <load_address>0x3f70d9</load_address>
         <run_address>0x8017</run_address>
         <size>0x5</size>
         <input_file_ref idref="fl-f"/>
      </object_component>
      <object_component id="oc-6b">
         <name>ramfuncs</name>
         <load_address>0x3f70de</load_address>
         <run_address>0x801c</run_address>
         <size>0x4</size>
         <input_file_ref idref="fl-13"/>
      </object_component>
      <object_component id="oc-6c">
         <name>csmpasswds</name>
         <load_address>0x3f7ff8</load_address>
         <run_address>0x3f7ff8</run_address>
         <size>0x8</size>
         <input_file_ref idref="fl-13"/>
      </object_component>
      <object_component id="oc-6d">
         <name>csm_rsvd</name>
         <load_address>0x3f7f80</load_address>
         <run_address>0x3f7f80</run_address>
         <size>0x76</size>
         <input_file_ref idref="fl-13"/>
      </object_component>
      <object_component id="oc-76">
         <name>.stack</name>
         <uninitialized>true</uninitialized>
         <run_address>0x50</run_address>
         <size>0x0</size>
         <input_file_ref idref="fl-15"/>
      </object_component>
      <object_component id="oc-21f">
         <name>.stack</name>
         <uninitialized>true</uninitialized>
         <run_address>0x50</run_address>
         <size>0x0</size>
      </object_component>
      <object_component id="oc-3a">
         <name>.ebss</name>
         <uninitialized>true</uninitialized>
         <run_address>0x8960</run_address>
         <size>0x10</size>
         <input_file_ref idref="fl-2"/>
      </object_component>
      <object_component id="oc-45">
         <name>.ebss</name>
         <uninitialized>true</uninitialized>
         <run_address>0x8a08</run_address>
         <size>0x4</size>
         <input_file_ref idref="fl-a"/>
      </object_component>
      <object_component id="oc-5e">
         <name>.ebss</name>
         <uninitialized>true</uninitialized>
         <run_address>0x8a14</run_address>
         <size>0x1</size>
         <input_file_ref idref="fl-10"/>
      </object_component>
      <object_component id="oc-7d">
         <name>.ebss</name>
         <uninitialized>true</uninitialized>
         <run_address>0x8800</run_address>
         <size>0x160</size>
         <input_file_ref idref="fl-16"/>
      </object_component>
      <object_component id="oc-81">
         <name>.ebss</name>
         <uninitialized>true</uninitialized>
         <run_address>0x8a10</run_address>
         <size>0x4</size>
         <input_file_ref idref="fl-17"/>
      </object_component>
      <object_component id="oc-87">
         <name>.ebss</name>
         <uninitialized>true</uninitialized>
         <run_address>0x8a15</run_address>
         <size>0x1</size>
         <input_file_ref idref="fl-18"/>
      </object_component>
      <object_component id="oc-91">
         <name>.ebss</name>
         <uninitialized>true</uninitialized>
         <run_address>0x8980</run_address>
         <size>0x88</size>
         <input_file_ref idref="fl-1a"/>
      </object_component>
      <object_component id="oc-ae">
         <name>.ebss</name>
         <uninitialized>true</uninitialized>
         <run_address>0x8978</run_address>
         <size>0x8</size>
         <input_file_ref idref="fl-21"/>
      </object_component>
      <object_component id="oc-b8">
         <name>.ebss</name>
         <uninitialized>true</uninitialized>
         <run_address>0x8a0c</run_address>
         <size>0x4</size>
         <input_file_ref idref="fl-23"/>
      </object_component>
      <object_component id="oc-124">
         <name>.ebss</name>
         <uninitialized>true</uninitialized>
         <run_address>0x8970</run_address>
         <size>0x8</size>
         <input_file_ref idref="fl-3d"/>
      </object_component>
      <object_component id="oc-125">
         <name>.sysmem</name>
         <uninitialized>true</uninitialized>
         <run_address>0x8a16</run_address>
         <size>0x1</size>
         <input_file_ref idref="fl-3d"/>
      </object_component>
      <object_component id="oc-220">
         <name>.sysmem</name>
         <uninitialized>true</uninitialized>
         <run_address>0x8a16</run_address>
         <size>0x0</size>
      </object_component>
      <object_component id="oc-c3">
         <name>.cio</name>
         <uninitialized>true</uninitialized>
         <run_address>0x400</run_address>
         <size>0x120</size>
         <input_file_ref idref="fl-25"/>
      </object_component>
      <object_component id="oc-1a2">
         <name>.econst:_ti_ascii</name>
         <load_address>0x3f6000</load_address>
         <run_address>0x3f6000</run_address>
         <size>0xe3d</size>
         <input_file_ref idref="fl-2"/>
      </object_component>
      <object_component id="oc-1e2">
         <name>.econst:.string:__ctypes_</name>
         <load_address>0x3f6e3d</load_address>
         <run_address>0x3f6e3d</run_address>
         <size>0x101</size>
         <input_file_ref idref="fl-28"/>
      </object_component>
      <object_component id="oc-184">
         <name>.econst:_PIE_tableDebugInit</name>
         <load_address>0x3f6f3e</load_address>
         <run_address>0x3f6f3e</run_address>
         <size>0x100</size>
         <input_file_ref idref="fl-d"/>
      </object_component>
      <object_component id="oc-3b">
         <name>.econst:.string</name>
         <load_address>0x3f703e</load_address>
         <run_address>0x3f703e</run_address>
         <size>0x26</size>
         <input_file_ref idref="fl-2"/>
      </object_component>
      <object_component id="oc-be">
         <name>.econst:.string</name>
         <load_address>0x3f7064</load_address>
         <run_address>0x3f7064</run_address>
         <size>0x24</size>
         <input_file_ref idref="fl-24"/>
      </object_component>
      <object_component id="oc-bd">
         <name>.econst</name>
         <load_address>0x3f7088</load_address>
         <run_address>0x3f7088</run_address>
         <size>0x18</size>
         <input_file_ref idref="fl-24"/>
      </object_component>
      <object_component id="oc-1a5">
         <name>.econst:.string:_pucTempString</name>
         <load_address>0x3f70a0</load_address>
         <run_address>0x3f70a0</run_address>
         <size>0x15</size>
         <input_file_ref idref="fl-2"/>
      </object_component>
      <object_component id="oc-1a3">
         <name>.econst:.string:_escRed</name>
         <load_address>0x3f70b5</load_address>
         <run_address>0x3f70b5</run_address>
         <size>0x5</size>
         <input_file_ref idref="fl-2"/>
      </object_component>
      <object_component id="oc-1a4">
         <name>.econst:.string:_escWhite</name>
         <load_address>0x3f70ba</load_address>
         <run_address>0x3f70ba</run_address>
         <size>0x5</size>
         <input_file_ref idref="fl-2"/>
      </object_component>
      <object_component id="oc-f6">
         <name>.econst:.string</name>
         <load_address>0x3f70c0</load_address>
         <run_address>0x3f70c0</run_address>
         <size>0x2</size>
         <input_file_ref idref="fl-32"/>
      </object_component>
      <object_component id="oc-77">
         <name>.reset</name>
         <load_address>0x3fffc0</load_address>
         <run_address>0x3fffc0</run_address>
         <size>0x2</size>
         <input_file_ref idref="fl-15"/>
      </object_component>
      <object_component id="oc-38">
         <name>.debug_info</name>
         <load_address>0x0</load_address>
         <run_address>0x0</run_address>
         <size>0x4a81</size>
         <input_file_ref idref="fl-2"/>
      </object_component>
      <object_component id="oc-3f">
         <name>.debug_info</name>
         <load_address>0x4a81</load_address>
         <run_address>0x4a81</run_address>
         <size>0x7f6</size>
         <input_file_ref idref="fl-9"/>
      </object_component>
      <object_component id="oc-43">
         <name>.debug_info</name>
         <load_address>0x5277</load_address>
         <run_address>0x5277</run_address>
         <size>0x105b</size>
         <input_file_ref idref="fl-a"/>
      </object_component>
      <object_component id="oc-49">
         <name>.debug_info</name>
         <load_address>0x62d2</load_address>
         <run_address>0x62d2</run_address>
         <size>0x2147</size>
         <input_file_ref idref="fl-b"/>
      </object_component>
      <object_component id="oc-4d">
         <name>.debug_info</name>
         <load_address>0x8419</load_address>
         <run_address>0x8419</run_address>
         <size>0xed2</size>
         <input_file_ref idref="fl-c"/>
      </object_component>
      <object_component id="oc-51">
         <name>.debug_info</name>
         <load_address>0x92eb</load_address>
         <run_address>0x92eb</run_address>
         <size>0x2a80</size>
         <input_file_ref idref="fl-d"/>
      </object_component>
      <object_component id="oc-55">
         <name>.debug_info</name>
         <load_address>0xbd6b</load_address>
         <run_address>0xbd6b</run_address>
         <size>0x21d2</size>
         <input_file_ref idref="fl-e"/>
      </object_component>
      <object_component id="oc-59">
         <name>.debug_info</name>
         <load_address>0xdf3d</load_address>
         <run_address>0xdf3d</run_address>
         <size>0x11f4</size>
         <input_file_ref idref="fl-f"/>
      </object_component>
      <object_component id="oc-5d">
         <name>.debug_info</name>
         <load_address>0xf131</load_address>
         <run_address>0xf131</run_address>
         <size>0x7f7</size>
         <input_file_ref idref="fl-10"/>
      </object_component>
      <object_component id="oc-62">
         <name>.debug_info</name>
         <load_address>0xf928</load_address>
         <run_address>0xf928</run_address>
         <size>0xfb8</size>
         <input_file_ref idref="fl-11"/>
      </object_component>
      <object_component id="oc-66">
         <name>.debug_info</name>
         <load_address>0x108e0</load_address>
         <run_address>0x108e0</run_address>
         <size>0x2a7a</size>
         <input_file_ref idref="fl-12"/>
      </object_component>
      <object_component id="oc-6e">
         <name>.debug_info</name>
         <load_address>0x1335a</load_address>
         <run_address>0x1335a</run_address>
         <size>0x329</size>
         <input_file_ref idref="fl-13"/>
      </object_component>
      <object_component id="oc-71">
         <name>.debug_info</name>
         <load_address>0x13683</load_address>
         <run_address>0x13683</run_address>
         <size>0x5348</size>
         <input_file_ref idref="fl-14"/>
      </object_component>
      <object_component id="oc-78">
         <name>.debug_info</name>
         <load_address>0x189cb</load_address>
         <run_address>0x189cb</run_address>
         <size>0xde</size>
         <input_file_ref idref="fl-15"/>
      </object_component>
      <object_component id="oc-7b">
         <name>.debug_info</name>
         <load_address>0x18aa9</load_address>
         <run_address>0x18aa9</run_address>
         <size>0x3a7</size>
         <input_file_ref idref="fl-16"/>
      </object_component>
      <object_component id="oc-7f">
         <name>.debug_info</name>
         <load_address>0x18e50</load_address>
         <run_address>0x18e50</run_address>
         <size>0x3d6</size>
         <input_file_ref idref="fl-17"/>
      </object_component>
      <object_component id="oc-85">
         <name>.debug_info</name>
         <load_address>0x19226</load_address>
         <run_address>0x19226</run_address>
         <size>0x850</size>
         <input_file_ref idref="fl-18"/>
      </object_component>
      <object_component id="oc-8b">
         <name>.debug_info</name>
         <load_address>0x19a76</load_address>
         <run_address>0x19a76</run_address>
         <size>0x566</size>
         <input_file_ref idref="fl-19"/>
      </object_component>
      <object_component id="oc-8f">
         <name>.debug_info</name>
         <load_address>0x19fdc</load_address>
         <run_address>0x19fdc</run_address>
         <size>0x1254</size>
         <input_file_ref idref="fl-1a"/>
      </object_component>
      <object_component id="oc-95">
         <name>.debug_info</name>
         <load_address>0x1b230</load_address>
         <run_address>0x1b230</run_address>
         <size>0x3a3</size>
         <input_file_ref idref="fl-1b"/>
      </object_component>
      <object_component id="oc-99">
         <name>.debug_info</name>
         <load_address>0x1b5d3</load_address>
         <run_address>0x1b5d3</run_address>
         <size>0x630</size>
         <input_file_ref idref="fl-1c"/>
      </object_component>
      <object_component id="oc-9d">
         <name>.debug_info</name>
         <load_address>0x1bc03</load_address>
         <run_address>0x1bc03</run_address>
         <size>0x510</size>
         <input_file_ref idref="fl-1d"/>
      </object_component>
      <object_component id="oc-a1">
         <name>.debug_info</name>
         <load_address>0x1c113</load_address>
         <run_address>0x1c113</run_address>
         <size>0x38b</size>
         <input_file_ref idref="fl-1e"/>
      </object_component>
      <object_component id="oc-a5">
         <name>.debug_info</name>
         <load_address>0x1c49e</load_address>
         <run_address>0x1c49e</run_address>
         <size>0x37d</size>
         <input_file_ref idref="fl-1f"/>
      </object_component>
      <object_component id="oc-a9">
         <name>.debug_info</name>
         <load_address>0x1c81b</load_address>
         <run_address>0x1c81b</run_address>
         <size>0x3a9</size>
         <input_file_ref idref="fl-20"/>
      </object_component>
      <object_component id="oc-ad">
         <name>.debug_info</name>
         <load_address>0x1cbc4</load_address>
         <run_address>0x1cbc4</run_address>
         <size>0xd72</size>
         <input_file_ref idref="fl-21"/>
      </object_component>
      <object_component id="oc-b2">
         <name>.debug_info</name>
         <load_address>0x1d936</load_address>
         <run_address>0x1d936</run_address>
         <size>0x4cc</size>
         <input_file_ref idref="fl-22"/>
      </object_component>
      <object_component id="oc-b6">
         <name>.debug_info</name>
         <load_address>0x1de02</load_address>
         <run_address>0x1de02</run_address>
         <size>0x3fc</size>
         <input_file_ref idref="fl-23"/>
      </object_component>
      <object_component id="oc-bc">
         <name>.debug_info</name>
         <load_address>0x1e1fe</load_address>
         <run_address>0x1e1fe</run_address>
         <size>0x1ef1</size>
         <input_file_ref idref="fl-24"/>
      </object_component>
      <object_component id="oc-c2">
         <name>.debug_info</name>
         <load_address>0x200ef</load_address>
         <run_address>0x200ef</run_address>
         <size>0x4b5</size>
         <input_file_ref idref="fl-25"/>
      </object_component>
      <object_component id="oc-c7">
         <name>.debug_info</name>
         <load_address>0x205a4</load_address>
         <run_address>0x205a4</run_address>
         <size>0x3bd</size>
         <input_file_ref idref="fl-26"/>
      </object_component>
      <object_component id="oc-cb">
         <name>.debug_info</name>
         <load_address>0x20961</load_address>
         <run_address>0x20961</run_address>
         <size>0x34f</size>
         <input_file_ref idref="fl-27"/>
      </object_component>
      <object_component id="oc-cf">
         <name>.debug_info</name>
         <load_address>0x20cb0</load_address>
         <run_address>0x20cb0</run_address>
         <size>0x2c0</size>
         <input_file_ref idref="fl-28"/>
      </object_component>
      <object_component id="oc-d1">
         <name>.debug_info</name>
         <load_address>0x20f70</load_address>
         <run_address>0x20f70</run_address>
         <size>0x5cb</size>
         <input_file_ref idref="fl-29"/>
      </object_component>
      <object_component id="oc-d6">
         <name>.debug_info</name>
         <load_address>0x2153b</load_address>
         <run_address>0x2153b</run_address>
         <size>0xcc</size>
         <input_file_ref idref="fl-2a"/>
      </object_component>
      <object_component id="oc-da">
         <name>.debug_info</name>
         <load_address>0x21607</load_address>
         <run_address>0x21607</run_address>
         <size>0xc0</size>
         <input_file_ref idref="fl-2b"/>
      </object_component>
      <object_component id="oc-de">
         <name>.debug_info</name>
         <load_address>0x216c7</load_address>
         <run_address>0x216c7</run_address>
         <size>0xc0</size>
         <input_file_ref idref="fl-2c"/>
      </object_component>
      <object_component id="oc-e2">
         <name>.debug_info</name>
         <load_address>0x21787</load_address>
         <run_address>0x21787</run_address>
         <size>0xc0</size>
         <input_file_ref idref="fl-2d"/>
      </object_component>
      <object_component id="oc-e6">
         <name>.debug_info</name>
         <load_address>0x21847</load_address>
         <run_address>0x21847</run_address>
         <size>0xce</size>
         <input_file_ref idref="fl-2e"/>
      </object_component>
      <object_component id="oc-ea">
         <name>.debug_info</name>
         <load_address>0x21915</load_address>
         <run_address>0x21915</run_address>
         <size>0xc0</size>
         <input_file_ref idref="fl-2f"/>
      </object_component>
      <object_component id="oc-ee">
         <name>.debug_info</name>
         <load_address>0x219d5</load_address>
         <run_address>0x219d5</run_address>
         <size>0xc0</size>
         <input_file_ref idref="fl-30"/>
      </object_component>
      <object_component id="oc-f1">
         <name>.debug_info</name>
         <load_address>0x21a95</load_address>
         <run_address>0x21a95</run_address>
         <size>0x543</size>
         <input_file_ref idref="fl-31"/>
      </object_component>
      <object_component id="oc-f5">
         <name>.debug_info</name>
         <load_address>0x21fd8</load_address>
         <run_address>0x21fd8</run_address>
         <size>0x71e</size>
         <input_file_ref idref="fl-32"/>
      </object_component>
      <object_component id="oc-fb">
         <name>.debug_info</name>
         <load_address>0x226f6</load_address>
         <run_address>0x226f6</run_address>
         <size>0xc3</size>
         <input_file_ref idref="fl-33"/>
      </object_component>
      <object_component id="oc-fe">
         <name>.debug_info</name>
         <load_address>0x227b9</load_address>
         <run_address>0x227b9</run_address>
         <size>0x4ba</size>
         <input_file_ref idref="fl-34"/>
      </object_component>
      <object_component id="oc-103">
         <name>.debug_info</name>
         <load_address>0x22c73</load_address>
         <run_address>0x22c73</run_address>
[...]
      </symbol>
      <symbol id="sm-34e">
         <name>_XINT1_ISR</name>
         <value>0x3f3202</value>
         <object_component_ref idref="oc-1be"/>
      </symbol>
      <symbol id="sm-34f">
         <name>_INT14_ISR</name>
         <value>0x3f3194</value>
         <object_component_ref idref="oc-1a9"/>
      </symbol>
      <symbol id="sm-350">
         <name>_USER6_ISR</name>
         <value>0x3f31e9</value>
         <object_component_ref idref="oc-1b4"/>
      </symbol>
      <symbol id="sm-351">
         <name>_ADCINT1_ISR</name>
         <value>0x3f3126</value>
         <object_component_ref idref="oc-1bb"/>
      </symbol>
      <symbol id="sm-352">
         <name>_USER12_ISR</name>
         <value>0x3f31cb</value>
         <object_component_ref idref="oc-1ba"/>
      </symbol>
      <symbol id="sm-353">
         <name>_USER1_ISR</name>
         <value>0x3f31d0</value>
         <object_component_ref idref="oc-1af"/>
      </symbol>
      <symbol id="sm-354">
         <name>_XINT3_ISR</name>
         <value>0x3f320c</value>
         <object_component_ref idref="oc-1d6"/>
      </symbol>
      <symbol id="sm-355">
         <name>_NMI_ISR</name>
         <value>0x3f3199</value>
         <object_component_ref idref="oc-1ad"/>
      </symbol>
      <symbol id="sm-356">
         <name>_ADCINT2_ISR</name>
         <value>0x3f312b</value>
         <object_component_ref idref="oc-1bc"/>
      </symbol>
      <symbol id="sm-357">
         <name>_PIE_RESERVED</name>
         <value>0x3f319e</value>
         <object_component_ref idref="oc-1a7"/>
      </symbol>
      <symbol id="sm-358">
         <name>_I2CINT1A_ISR</name>
         <value>0x3f3180</value>
         <object_component_ref idref="oc-1cc"/>
      </symbol>
      <symbol id="sm-359">
         <name>_XINT2_ISR</name>
         <value>0x3f3207</value>
         <object_component_ref idref="oc-1bf"/>
      </symbol>
      <symbol id="sm-35a">
         <name>_I2CINT2A_ISR</name>
         <value>0x3f3185</value>
         <object_component_ref idref="oc-1cd"/>
      </symbol>
      <symbol id="sm-35b">
         <name>_RTOSINT_ISR</name>
         <value>0x3f31a3</value>
         <object_component_ref idref="oc-1ab"/>
      </symbol>
      <symbol id="sm-35c">
         <name>_EPWM3_INT_ISR</name>
         <value>0x3f3176</value>
         <object_component_ref idref="oc-1c8"/>
      </symbol>
      <symbol id="sm-35d">
         <name>_ADCINT3_ISR</name>
         <value>0x3f3130</value>
         <object_component_ref idref="oc-1d0"/>
      </symbol>
      <symbol id="sm-35e">
         <name>_USER9_ISR</name>
         <value>0x3f31f8</value>
         <object_component_ref idref="oc-1b7"/>
      </symbol>
      <symbol id="sm-35f">
         <name>_USER3_ISR</name>
         <value>0x3f31da</value>
         <object_component_ref idref="oc-1b1"/>
      </symbol>
      <symbol id="sm-360">
         <name>_USER8_ISR</name>
         <value>0x3f31f3</value>
         <object_component_ref idref="oc-1b6"/>
      </symbol>
      <symbol id="sm-361">
         <name>_EPWM1_INT_ISR</name>
         <value>0x3f3162</value>
         <object_component_ref idref="oc-1c6"/>
      </symbol>
      <symbol id="sm-362">
         <name>_USER2_ISR</name>
         <value>0x3f31d5</value>
         <object_component_ref idref="oc-1b0"/>
      </symbol>
      <symbol id="sm-363">
         <name>_SCITXINTA_ISR</name>
         <value>0x3f31ad</value>
         <object_component_ref idref="oc-1cf"/>
      </symbol>
      <symbol id="sm-364">
         <name>_SCIRXINTA_ISR</name>
         <value>0x3f31a8</value>
         <object_component_ref idref="oc-1ce"/>
      </symbol>
      <symbol id="sm-365">
         <name>_rsvd_ISR</name>
         <value>0x3f3211</value>
         <object_component_ref idref="oc-1bd"/>
      </symbol>
      <symbol id="sm-379">
         <name>_c_int00</name>
         <value>0x3f2b25</value>
         <object_component_ref idref="oc-75"/>
      </symbol>
      <symbol id="sm-37a">
         <name>__stack</name>
         <value>0x50</value>
         <object_component_ref idref="oc-76"/>
      </symbol>
      <symbol id="sm-384">
         <name>___TI_ft_end</name>
         <value>0x8800</value>
         <object_component_ref idref="oc-7d"/>
      </symbol>
      <symbol id="sm-385">
         <name>___TI_tmpnams</name>
         <value>0x88c0</value>
         <object_component_ref idref="oc-7d"/>
      </symbol>
      <symbol id="sm-386">
         <name>__ftable</name>
         <value>0x8840</value>
         <object_component_ref idref="oc-7d"/>
      </symbol>
      <symbol id="sm-397">
         <name>C$$EXIT</name>
         <value>0x3f2e9f</value>
         <object_component_ref idref="oc-142"/>
      </symbol>
      <symbol id="sm-398">
         <name>_exit</name>
         <value>0x3f2ea1</value>
         <object_component_ref idref="oc-142"/>
      </symbol>
      <symbol id="sm-399">
         <name>___TI_cleanup_ptr</name>
         <value>0x8a10</value>
         <object_component_ref idref="oc-81"/>
      </symbol>
      <symbol id="sm-39a">
         <name>_abort</name>
         <value>0x3f2e9f</value>
         <object_component_ref idref="oc-142"/>
      </symbol>
      <symbol id="sm-39b">
         <name>___TI_dtors_ptr</name>
         <value>0x8a12</value>
         <object_component_ref idref="oc-81"/>
      </symbol>
      <symbol id="sm-3ce">
         <name>_fopen</name>
         <value>0x3f25a7</value>
         <object_component_ref idref="oc-176"/>
      </symbol>
      <symbol id="sm-3cf">
         <name>___TI_cleanup</name>
         <value>0x3f253a</value>
         <object_component_ref idref="oc-176"/>
      </symbol>
      <symbol id="sm-3d0">
         <name>_freopen</name>
         <value>0x3f2557</value>
         <object_component_ref idref="oc-176"/>
      </symbol>
      <symbol id="sm-3e0">
         <name>_putchar</name>
         <value>0x3f2b20</value>
         <object_component_ref idref="oc-1a1"/>
      </symbol>
      <symbol id="sm-3e1">
         <name>_putc</name>
         <value>0x3f2ad5</value>
         <object_component_ref idref="oc-1a1"/>
      </symbol>
      <symbol id="sm-3e2">
         <name>_fputc</name>
         <value>0x3f2ad5</value>
         <object_component_ref idref="oc-1a1"/>
      </symbol>
      <symbol id="sm-417">
         <name>_add_device</name>
         <value>0x3f7e1d</value>
         <object_component_ref idref="oc-175"/>
      </symbol>
      <symbol id="sm-418">
         <name>_rename</name>
         <value>0x3f7d06</value>
         <object_component_ref idref="oc-175"/>
      </symbol>
      <symbol id="sm-419">
         <name>_read</name>
         <value>0x3f7d49</value>
         <object_component_ref idref="oc-175"/>
      </symbol>
      <symbol id="sm-41a">
         <name>_unlink</name>
         <value>0x3f7cee</value>
         <object_component_ref idref="oc-175"/>
      </symbol>
      <symbol id="sm-41b">
         <name>_remove_device</name>
         <value>0x3f7d2f</value>
         <object_component_ref idref="oc-175"/>
      </symbol>
      <symbol id="sm-41c">
         <name>_open</name>
         <value>0x3f7d61</value>
         <object_component_ref idref="oc-175"/>
      </symbol>
      <symbol id="sm-41d">
         <name>_lseek</name>
         <value>0x3f7dd3</value>
         <object_component_ref idref="oc-175"/>
      </symbol>
      <symbol id="sm-41e">
         <name>_close</name>
         <value>0x3f7deb</value>
         <object_component_ref idref="oc-175"/>
      </symbol>
      <symbol id="sm-41f">
         <name>_write</name>
         <value>0x3f7c88</value>
         <object_component_ref idref="oc-175"/>
      </symbol>
      <symbol id="sm-42e">
         <name>___memcpy_ff</name>
         <value>0x3f2d61</value>
         <object_component_ref idref="oc-15a"/>
      </symbol>
      <symbol id="sm-43c">
         <name>_printf</name>
         <value>0x3f2c14</value>
         <object_component_ref idref="oc-1a6"/>
      </symbol>
      <symbol id="sm-451">
         <name>_setvbuf</name>
         <value>0x3f27f9</value>
         <object_component_ref idref="oc-177"/>
      </symbol>
      <symbol id="sm-45e">
         <name>_strchr</name>
         <value>0x3f3055</value>
         <object_component_ref idref="oc-19d"/>
      </symbol>
      <symbol id="sm-46a">
         <name>_strcmp</name>
         <value>0x3f307e</value>
         <object_component_ref idref="oc-19c"/>
      </symbol>
      <symbol id="sm-478">
         <name>_strncpy</name>
         <value>0x3f2dbf</value>
         <object_component_ref idref="oc-19e"/>
      </symbol>
      <symbol id="sm-489">
         <name>_HOSTopen</name>
         <value>0x3f20f9</value>
         <object_component_ref idref="oc-143"/>
      </symbol>
      <symbol id="sm-48a">
         <name>_HOSTread</name>
         <value>0x3f20c3</value>
         <object_component_ref idref="oc-143"/>
      </symbol>
      <symbol id="sm-48b">
         <name>_HOSTgetenv</name>
         <value>0x3f2177</value>
         <object_component_ref idref="oc-143"/>
      </symbol>
      <symbol id="sm-48c">
         <name>_HOSTtime</name>
         <value>0x3f205b</value>
         <object_component_ref idref="oc-143"/>
      </symbol>
      <symbol id="sm-48d">
         <name>_HOSTrename</name>
         <value>0x3f2085</value>
         <object_component_ref idref="oc-143"/>
      </symbol>
      <symbol id="sm-48e">
         <name>_HOSTclock</name>
         <value>0x3f21c8</value>
         <object_component_ref idref="oc-143"/>
      </symbol>
      <symbol id="sm-48f">
         <name>_HOSTwrite</name>
         <value>0x3f2000</value>
         <object_component_ref idref="oc-143"/>
      </symbol>
      <symbol id="sm-490">
         <name>_HOSTlseek</name>
         <value>0x3f2130</value>
         <object_component_ref idref="oc-143"/>
      </symbol>
      <symbol id="sm-491">
         <name>_HOSTunlink</name>
         <value>0x3f2036</value>
         <object_component_ref idref="oc-143"/>
      </symbol>
      <symbol id="sm-492">
         <name>_HOSTclose</name>
         <value>0x3f21a1</value>
         <object_component_ref idref="oc-143"/>
      </symbol>
      <symbol id="sm-4a7">
         <name>___TI_rd_ok</name>
         <value>0x3f29ec</value>
         <object_component_ref idref="oc-1d9"/>
      </symbol>
      <symbol id="sm-4a8">
         <name>___TI_wrt_ok</name>
         <value>0x3f29b2</value>
         <object_component_ref idref="oc-1d9"/>
      </symbol>
      <symbol id="sm-4b6">
         <name>__unlock</name>
         <value>0x8a0c</value>
         <object_component_ref idref="oc-b8"/>
      </symbol>
      <symbol id="sm-4b7">
         <name>__lock</name>
         <value>0x8a0e</value>
         <object_component_ref idref="oc-b8"/>
      </symbol>
      <symbol id="sm-4b8">
         <name>__register_lock</name>
         <value>0x3f309e</value>
         <object_component_ref idref="oc-144"/>
      </symbol>
      <symbol id="sm-4b9">
         <name>__nop</name>
         <value>0x3f30a2</value>
         <object_component_ref idref="oc-144"/>
      </symbol>
      <symbol id="sm-4ba">
         <name>__register_unlock</name>
         <value>0x3f309a</value>
         <object_component_ref idref="oc-144"/>
      </symbol>
      <symbol id="sm-5c3">
         <name>___TI_printfi</name>
         <value>0x3f7920</value>
         <object_component_ref idref="oc-1db"/>
      </symbol>
      <symbol id="sm-5d9">
         <name>___TI_readmsg</name>
         <value>0x3f26b1</value>
         <object_component_ref idref="oc-146"/>
      </symbol>
      <symbol id="sm-5da">
         <name>C$$IO$$</name>
         <value>0x3f26ad</value>
         <object_component_ref idref="oc-146"/>
      </symbol>
      <symbol id="sm-5db">
         <name>__CIOBUF_</name>
         <value>0x400</value>
         <object_component_ref idref="oc-c3"/>
      </symbol>
      <symbol id="sm-5dc">
         <name>___TI_writemsg</name>
         <value>0x3f265d</value>
         <object_component_ref idref="oc-146"/>
      </symbol>
      <symbol id="sm-5e8">
         <name>__args_main</name>
         <value>0x3f2e86</value>
         <object_component_ref idref="oc-141"/>
      </symbol>
      <symbol id="sm-5e9">
         <name>__TI_args_main</name>
         <value>0x1</value>
      </symbol>
      <symbol id="sm-5fa">
         <name>_atoi</name>
         <value>0x3f2c40</value>
         <object_component_ref idref="oc-1de"/>
      </symbol>
      <symbol id="sm-602">
         <name>__ctypes_</name>
         <value>0x3f6e3d</value>
         <object_component_ref idref="oc-1e2"/>
      </symbol>
      <symbol id="sm-611">
         <name>___TI_closefile</name>
         <value>0x3f2a7a</value>
         <object_component_ref idref="oc-19f"/>
      </symbol>
      <symbol id="sm-612">
         <name>_fclose</name>
         <value>0x3f2abc</value>
         <object_component_ref idref="oc-19f"/>
      </symbol>
      <symbol id="sm-61e">
         <name>FD$$CMP</name>
         <value>0x3f2cc8</value>
         <object_component_ref idref="oc-d5"/>
      </symbol>
      <symbol id="sm-631">
         <name>FD$$DIV</name>
         <value>0x3f26eb</value>
         <object_component_ref idref="oc-d9"/>
      </symbol>
      <symbol id="sm-63f">
         <name>FD$$MPY</name>
         <value>0x3f2776</value>
         <object_component_ref idref="oc-dd"/>
      </symbol>
      <symbol id="sm-648">
         <name>FD$$NEG</name>
         <value>0x3f30a3</value>
         <object_component_ref idref="oc-e1"/>
      </symbol>
      <symbol id="sm-650">
         <name>FD$$SUB</name>
         <value>0x3f2fea</value>
         <object_component_ref idref="oc-e5"/>
      </symbol>
      <symbol id="sm-65b">
         <name>FD$$TOI</name>
         <value>0x3f2d40</value>
         <object_component_ref idref="oc-e9"/>
      </symbol>
      <symbol id="sm-666">
         <name>FD$$TOL</name>
         <value>0x3f2d82</value>
         <object_component_ref idref="oc-ed"/>
      </symbol>
      <symbol id="sm-679">
         <name>___TI_doflush</name>
         <value>0x3f28e1</value>
         <object_component_ref idref="oc-1d7"/>
      </symbol>
      <symbol id="sm-67a">
         <name>_fflush</name>
         <value>0x3f2910</value>
         <object_component_ref idref="oc-1d7"/>
      </symbol>
      <symbol id="sm-694">
         <name>_puts</name>
         <value>0x3f7f1f</value>
         <object_component_ref idref="oc-1da"/>
      </symbol>
      <symbol id="sm-695">
         <name>_fputs</name>
         <value>0x3f7e89</value>
         <object_component_ref idref="oc-1da"/>
      </symbol>
      <symbol id="sm-6a1">
         <name>FS$$TOFD</name>
         <value>0x3f2e4e</value>
         <object_component_ref idref="oc-fa"/>
      </symbol>
      <symbol id="sm-6af">
         <name>_fseek</name>
         <value>0x3f2b69</value>
         <object_component_ref idref="oc-1dc"/>
      </symbol>
      <symbol id="sm-6bb">
         <name>L$$TOFD</name>
         <value>0x3f2e6a</value>
         <object_component_ref idref="oc-102"/>
      </symbol>
      <symbol id="sm-6c3">
         <name>LL$$AND</name>
         <value>0x3f2ed0</value>
         <object_component_ref idref="oc-106"/>
      </symbol>
      <symbol id="sm-6c4">
         <name>LL$$OR</name>
         <value>0x3f2ed8</value>
         <object_component_ref idref="oc-106"/>
      </symbol>
      <symbol id="sm-6c5">
         <name>LL$$XOR</name>
         <value>0x3f2ee0</value>
         <object_component_ref idref="oc-106"/>
      </symbol>
      <symbol id="sm-6cf">
         <name>ULL$$CMP</name>
         <value>0x3f2db3</value>
         <object_component_ref idref="oc-10a"/>
      </symbol>
      <symbol id="sm-6d0">
         <name>LL$$CMP</name>
         <value>0x3f2da1</value>
         <object_component_ref idref="oc-10a"/>
      </symbol>
      <symbol id="sm-6f7">
         <name>ULL$$MOD</name>
         <value>0x3f2460</value>
         <object_component_ref idref="oc-10e"/>
      </symbol>
      <symbol id="sm-6f8">
         <name>ULL$$DIV</name>
         <value>0x3f2431</value>
         <object_component_ref idref="oc-10e"/>
      </symbol>
      <symbol id="sm-6f9">
         <name>LL$$MOD</name>
         <value>0x3f23f7</value>
         <object_component_ref idref="oc-10e"/>
      </symbol>
      <symbol id="sm-6fa">
         <name>LL$$DIV</name>
         <value>0x3f23bb</value>
         <object_component_ref idref="oc-10e"/>
      </symbol>
      <symbol id="sm-702">
         <name>LL$$MPY</name>
         <value>0x3f2f14</value>
         <object_component_ref idref="oc-112"/>
      </symbol>
      <symbol id="sm-70e">
         <name>_ltoa</name>
         <value>0x3f2c71</value>
         <object_component_ref idref="oc-1df"/>
      </symbol>
      <symbol id="sm-71b">
         <name>_memccpy</name>
         <value>0x3f2ff8</value>
         <object_component_ref idref="oc-1e1"/>
      </symbol>
      <symbol id="sm-728">
         <name>_memchr</name>
         <value>0x3f2f98</value>
         <object_component_ref idref="oc-1dd"/>
      </symbol>
      <symbol id="sm-76e">
         <name>__sys_memory</name>
         <value>0x8a16</value>
         <object_component_ref idref="oc-125"/>
      </symbol>
      <symbol id="sm-76f">
         <name>_chkheap</name>
         <value>0x3f23a1</value>
         <object_component_ref idref="oc-1a0"/>
      </symbol>
      <symbol id="sm-770">
         <name>_realloc</name>
         <value>0x3f22b5</value>
         <object_component_ref idref="oc-1a0"/>
      </symbol>
      <symbol id="sm-771">
         <name>_free_memory</name>
         <value>0x3f2385</value>
         <object_component_ref idref="oc-1a0"/>
      </symbol>
      <symbol id="sm-772">
         <name>_max_free</name>
         <value>0x3f2365</value>
         <object_component_ref idref="oc-1a0"/>
      </symbol>
      <symbol id="sm-773">
         <name>_free</name>
         <value>0x3f21f2</value>
         <object_component_ref idref="oc-1a0"/>
      </symbol>
      <symbol id="sm-774">
         <name>_calloc</name>
         <value>0x3f23a3</value>
         <object_component_ref idref="oc-1a0"/>
      </symbol>
      <symbol id="sm-775">
         <name>_malloc</name>
         <value>0x3f225b</value>
         <object_component_ref idref="oc-1a0"/>
      </symbol>
      <symbol id="sm-776">
         <name>_minit</name>
         <value>0x3f2237</value>
         <object_component_ref idref="oc-1a0"/>
      </symbol>
      <symbol id="sm-782">
         <name>_memset</name>
         <value>0x3f3005</value>
         <object_component_ref idref="oc-1e0"/>
      </symbol>
      <symbol id="sm-78c">
         <name>_remove</name>
         <value>0x3f325a</value>
         <object_component_ref idref="oc-1d8"/>
      </symbol>
      <symbol id="sm-797">
         <name>_strcpy</name>
         <value>0x3f3216</value>
         <object_component_ref idref="oc-148"/>
      </symbol>
      <symbol id="sm-7a2">
         <name>_strlen</name>
         <value>0x3f30c4</value>
         <object_component_ref idref="oc-147"/>
      </symbol>
      <symbol id="sm-7b9">
         <name>FD$$ADD</name>
         <value>0x3f25c1</value>
         <object_component_ref idref="oc-139"/>
      </symbol>
      <symbol id="sm-7c1">
         <name>UL$$MOD</name>
         <value>0x3f2d16</value>
         <object_component_ref idref="oc-13d"/>
      </symbol>
      <symbol id="sm-7c2">
         <name>L$$MOD</name>
         <value>0x3f2d01</value>
         <object_component_ref idref="oc-13d"/>
      </symbol>
      <symbol id="sm-7c3">
         <name>L$$DIV</name>
         <value>0x3f2cf2</value>
         <object_component_ref idref="oc-13d"/>
      </symbol>
      <symbol id="sm-7c4">
         <name>UL$$DIV</name>
         <value>0x3f2d0f</value>
         <object_component_ref idref="oc-13d"/>
      </symbol>
   </symbol_table>
   <title>Link successful</title>
</link_info>
